2024-08-31 15:00:41,574 INFO [Thread-6] c.s.a.d.v.s.VideoService [VideoService.java:308] 算法：{"class_name": ["car: 0.56"], "img_str": ["/9j/4AAQSkZJRgABAQAAAQABAAD/2wBDAAIBAQEBAQIBAQECAgICAgQDA
2024-08-31 15:00:41,580 INFO [Thread-6] c.s.a.d.v.s.VideoService [VideoService.java:576] 监控点功能测试4有车，图片已存
2024-08-31 15:00:58,973 INFO [Thread-6] c.s.a.d.v.s.VideoService [VideoService.java:308] 算法：{"class_name": ["car: 0.54"], "img_str": ["/9j/4AAQSkZJRgABAQAAAQABAAD/2wBDAAIBAQEBAQIBAQECAgICAgQDA
2024-08-31 15:01:02,968 INFO [Thread-6] c.s.a.d.v.s.VideoService [VideoService.java:308] 算法：{"class_name": ["car: 0.54"], "img_str": ["/9j/4AAQSkZJRgABAQAAAQABAAD/2wBDAAIBAQEBAQIBAQECAgICAgQDA
2024-08-31 15:01:18,873 INFO [Thread-6] c.s.a.d.v.s.VideoService [VideoService.java:308] 算法：{"class_name": ["car: 0.54", "car: 0.51"], "img_str": ["/9j/4AAQSkZJRgABAQAAAQABAAD/2wBDAAIBAQEBAQIB
2024-08-31 15:01:22,828 INFO [Thread-6] c.s.a.d.v.s.VideoService [VideoService.java:308] 算法：{"class_name": ["car: 0.57"], "img_str": ["/9j/4AAQSkZJRgABAQAAAQABAAD/2wBDAAIBAQEBAQIBAQECAgICAgQDA
2024-08-31 15:01:26,735 INFO [Thread-6] c.s.a.d.v.s.VideoService [VideoService.java:308] 算法：{"class_name": ["car: 0.65"], "img_str": ["/9j/4AAQSkZJRgABAQAAAQABAAD/2wBDAAIBAQEBAQIBAQECAgICAgQDA
2024-08-31 15:01:30,779 INFO [Thread-6] c.s.a.d.v.s.VideoService [VideoService.java:308] 算法：{"class_name": ["car: 0.54"], "img_str": ["/9j/4AAQSkZJRgABAQAAAQABAAD/2wBDAAIBAQEBAQIBAQECAgICAgQDA
2024-08-31 15:01:34,774 INFO [Thread-6] c.s.a.d.v.s.VideoService [VideoService.java:308] 算法：{"class_name": ["car: 0.54", "car: 0.52"], "img_str": ["/9j/4AAQSkZJRgABAQAAAQABAAD/2wBDAAIBAQEBAQIB
2024-08-31 15:01:42,660 INFO [Thread-6] c.s.a.d.v.s.VideoService [VideoService.java:308] 算法：{"class_name": ["car: 0.75", "car: 0.56", "car: 0.54", "car: 0.53"], "img_str": ["/9j/4AAQSkZJRgABAQ
2024-08-31 15:01:42,662 INFO [Thread-6] c.s.a.d.v.s.VideoService [VideoService.java:576] 监控点功能测试4有车，图片已存
2024-08-31 15:01:42,835 INFO [Thread-6] c.s.a.d.v.s.VideoService [VideoService.java:576] 监控点功能测试4有车，图片已存
2024-08-31 15:01:43,015 INFO [Thread-6] c.s.a.d.v.s.VideoService [VideoService.java:576] 监控点功能测试4有车，图片已存
2024-08-31 15:01:43,145 INFO [Thread-6] c.s.a.d.v.s.VideoService [VideoService.java:576] 监控点功能测试4有车，图片已存
2024-08-31 15:01:47,177 INFO [Thread-6] c.s.a.d.v.s.VideoService [VideoService.java:308] 算法：{"class_name": ["car: 0.53"], "img_str": ["/9j/4AAQSkZJRgABAQAAAQABAAD/2wBDAAIBAQEBAQIBAQECAgICAgQDA
2024-08-31 15:01:51,152 INFO [Thread-6] c.s.a.d.v.s.VideoService [VideoService.java:308] 算法：{"class_name": ["car: 0.66", "car: 0.52", "car: 0.52", "car: 0.53", "car: 0.53", "car: 0.52"], "img_
2024-08-31 15:01:55,137 INFO [Thread-6] c.s.a.d.v.s.VideoService [VideoService.java:308] 算法：{"class_name": ["car: 0.51"], "img_str": ["/9j/4AAQSkZJRgABAQAAAQABAAD/2wBDAAIBAQEBAQIBAQECAgICAgQDA
2024-08-31 15:02:25,547 INFO [Thread-6] c.s.a.d.v.s.VideoService [VideoService.java:308] 算法：{"class_name": ["car: 0.60", "car: 0.56"], "img_str": ["/9j/4AAQSkZJRgABAQAAAQABAAD/2wBDAAIBAQEBAQIB
2024-08-31 15:02:41,375 INFO [Thread-6] c.s.a.d.v.s.VideoService [VideoService.java:308] 算法：{"class_name": ["car: 0.60"], "img_str": ["/9j/4AAQSkZJRgABAQAAAQABAAD/2wBDAAIBAQEBAQIBAQECAgICAgQDA
2024-08-31 15:02:45,284 INFO [Thread-6] c.s.a.d.v.s.VideoService [VideoService.java:308] 算法：{"class_name": ["car: 0.56"], "img_str": ["/9j/4AAQSkZJRgABAQAAAQABAAD/2wBDAAIBAQEBAQIBAQECAgICAgQDA
2024-08-31 15:02:45,315 INFO [Thread-6] c.s.a.d.v.s.VideoService [VideoService.java:576] 监控点功能测试4有车，图片已存
2024-08-31 15:02:58,858 INFO [Thread-6] c.s.a.d.v.s.VideoService [VideoService.java:308] 算法：{"class_name": ["car: 0.50"], "img_str": ["/9j/4AAQSkZJRgABAQAAAQABAAD/2wBDAAIBAQEBAQIBAQECAgICAgQDA
2024-08-31 15:03:06,773 INFO [Thread-6] c.s.a.d.v.s.VideoService [VideoService.java:308] 算法：{"class_name": ["car: 0.62", "car: 0.56"], "img_str": ["/9j/4AAQSkZJRgABAQAAAQABAAD/2wBDAAIBAQEBAQIB
2024-08-31 15:03:14,687 INFO [Thread-6] c.s.a.d.v.s.VideoService [VideoService.java:308] 算法：{"class_name": ["car: 0.53", "car: 0.51"], "img_str": ["/9j/4AAQSkZJRgABAQAAAQABAAD/2wBDAAIBAQEBAQIB
2024-08-31 15:03:40,894 INFO [Thread-6] c.s.a.d.v.s.VideoService [VideoService.java:308] 算法：{"class_name": ["car: 0.57"], "img_str": ["/9j/4AAQSkZJRgABAQAAAQABAAD/2wBDAAIBAQEBAQIBAQECAgICAgQDA
2024-08-31 15:03:48,755 INFO [Thread-6] c.s.a.d.v.s.VideoService [VideoService.java:308] 算法：{"class_name": ["car: 0.59", "car: 0.51", "car: 0.64"], "img_str": ["/9j/4AAQSkZJRgABAQAAAQABAAD/2wB
2024-08-31 15:03:48,760 INFO [Thread-6] c.s.a.d.v.s.VideoService [VideoService.java:576] 监控点功能测试4有车，图片已存
2024-08-31 15:03:48,932 INFO [Thread-6] c.s.a.d.v.s.VideoService [VideoService.java:576] 监控点功能测试4有车，图片已存
2024-08-31 15:03:49,042 INFO [Thread-6] c.s.a.d.v.s.VideoService [VideoService.java:576] 监控点功能测试4有车，图片已存
2024-08-31 15:03:53,111 INFO [Thread-6] c.s.a.d.v.s.VideoService [VideoService.java:308] 算法：{"class_name": ["car: 0.59", "car: 0.68", "car: 0.50"], "img_str": ["/9j/4AAQSkZJRgABAQAAAQABAAD/2wB
2024-08-31 15:04:00,949 INFO [Thread-6] c.s.a.d.v.s.VideoService [VideoService.java:308] 算法：{"class_name": ["car: 0.55"], "img_str": ["/9j/4AAQSkZJRgABAQAAAQABAAD/2wBDAAIBAQEBAQIBAQECAgICAgQDA
2024-08-31 15:04:06,436 INFO [Thread-6] c.s.a.d.v.s.VideoService [VideoService.java:308] 算法：{"class_name": ["car: 0.61"], "img_str": ["/9j/4AAQSkZJRgABAQAAAQABAAD/2wBDAAIBAQEBAQIBAQECAgICAgQDA
2024-08-31 15:04:14,345 INFO [Thread-6] c.s.a.d.v.s.VideoService [VideoService.java:308] 算法：{"class_name": ["car: 0.52"], "img_str": ["/9j/4AAQSkZJRgABAQAAAQABAAD/2wBDAAIBAQEBAQIBAQECAgICAgQDA
2024-08-31 15:04:18,332 INFO [Thread-6] c.s.a.d.v.s.VideoService [VideoService.java:308] 算法：{"class_name": ["car: 0.56"], "img_str": ["/9j/4AAQSkZJRgABAQAAAQABAAD/2wBDAAIBAQEBAQIBAQECAgICAgQDA
2024-08-31 15:04:22,336 INFO [Thread-6] c.s.a.d.v.s.VideoService [VideoService.java:308] 算法：{"class_name": ["car: 0.69"], "img_str": ["/9j/4AAQSkZJRgABAQAAAQABAAD/2wBDAAIBAQEBAQIBAQECAgICAgQDA
2024-08-31 15:04:46,094 INFO [Thread-6] c.s.a.d.v.s.VideoService [VideoService.java:308] 算法：{"class_name": ["car: 0.62"], "img_str": ["/9j/4AAQSkZJRgABAQAAAQABAAD/2wBDAAIBAQEBAQIBAQECAgICAgQDA
2024-08-31 15:04:54,036 INFO [Thread-6] c.s.a.d.v.s.VideoService [VideoService.java:308] 算法：{"class_name": ["car: 0.55"], "img_str": ["/9j/4AAQSkZJRgABAQAAAQABAAD/2wBDAAIBAQEBAQIBAQECAgICAgQDA
2024-08-31 15:04:54,038 INFO [Thread-6] c.s.a.d.v.s.VideoService [VideoService.java:576] 监控点功能测试4有车，图片已存
2024-08-31 15:04:58,156 INFO [Thread-6] c.s.a.d.v.s.VideoService [VideoService.java:308] 算法：{"class_name": ["car: 0.68", "car: 0.68"], "img_str": ["/9j/4AAQSkZJRgABAQAAAQABAAD/2wBDAAIBAQEBAQIB
2024-08-31 15:05:02,071 INFO [Thread-6] c.s.a.d.v.s.VideoService [VideoService.java:308] 算法：{"class_name": ["car: 0.53"], "img_str": ["/9j/4AAQSkZJRgABAQAAAQABAAD/2wBDAAIBAQEBAQIBAQECAgICAgQDA
2024-08-31 15:05:09,943 INFO [Thread-6] c.s.a.d.v.s.VideoService [VideoService.java:308] 算法：{"class_name": ["car: 0.60", "car: 0.70", "car: 0.62"], "img_str": ["/9j/4AAQSkZJRgABAQAAAQABAAD/2wB
