2024-08-23 16:47:20,434 INFO [main] c.s.a.d.m.HJ212Server [HJ212Server.java:73] HJ212 端口号  =  9999
2024-08-23 17:06:59,004 INFO [main] c.s.a.d.m.HJ212Server [HJ212Server.java:73] HJ212 端口号  =  9999
2024-08-23 17:08:07,609 INFO [http-nio-8089-exec-8] c.s.a.d.v.c.VideoController [VideoController.java:235] 进入摄像头实时监测页面成功！
2024-08-23 17:09:48,799 INFO [main] c.s.a.d.m.HJ212Server [HJ212Server.java:73] HJ212 端口号  =  9999
2024-08-23 17:11:02,560 INFO [main] c.s.a.d.m.HJ212Server [HJ212Server.java:73] HJ212 端口号  =  9999
2024-08-23 17:13:57,323 INFO [main] c.s.a.d.m.HJ212Server [HJ212Server.java:73] HJ212 端口号  =  9999
2024-08-23 17:14:14,185 INFO [http-nio-8089-exec-6] c.s.a.d.v.c.VideoController [VideoController.java:235] 进入摄像头实时监测页面成功！
2024-08-23 17:15:14,759 INFO [http-nio-8089-exec-5] c.s.a.d.v.c.VideoController [VideoController.java:235] 进入摄像头实时监测页面成功！
2024-08-23 17:17:36,444 INFO [http-nio-8089-exec-5] c.s.a.d.v.c.VideoController [VideoController.java:235] 进入摄像头实时监测页面成功！
2024-08-23 17:22:38,276 INFO [http-nio-8089-exec-5] c.s.a.d.v.c.VideoController [VideoController.java:235] 进入摄像头实时监测页面成功！
2024-08-23 17:22:51,973 INFO [http-nio-8089-exec-1] c.s.a.d.v.c.VideoController [VideoController.java:176] 进入添加摄像头页面成功！
2024-08-23 17:23:10,688 INFO [http-nio-8089-exec-9] c.s.a.d.v.c.VideoController [VideoController.java:198] 添加摄像头成功！
2024-08-23 17:23:22,828 INFO [http-nio-8089-exec-1] c.s.a.d.v.c.VideoController [VideoController.java:235] 进入摄像头实时监测页面成功！
2024-08-23 18:12:17,778 INFO [main] c.s.a.d.m.HJ212Server [HJ212Server.java:73] HJ212 端口号  =  9999
2024-08-23 18:12:33,064 INFO [http-nio-8089-exec-1] c.s.a.d.v.c.VideoController [VideoController.java:235] 进入摄像头实时监测页面成功！
2024-08-23 18:12:40,638 INFO [http-nio-8089-exec-2] c.s.a.d.v.c.VideoController [VideoController.java:235] 进入摄像头实时监测页面成功！
2024-08-23 18:12:59,246 INFO [http-nio-8089-exec-10] c.s.a.d.v.c.VideoController [VideoController.java:235] 进入摄像头实时监测页面成功！
2024-08-23 18:15:42,853 INFO [main] c.s.a.d.m.HJ212Server [HJ212Server.java:73] HJ212 端口号  =  9999
2024-08-23 18:16:07,902 INFO [http-nio-8089-exec-10] c.s.a.d.v.c.VideoController [VideoController.java:236] 进入摄像头实时监测页面成功！
2024-08-23 18:19:07,098 INFO [http-nio-8089-exec-8] c.s.a.d.v.c.VideoController [VideoController.java:236] 进入摄像头实时监测页面成功！
2024-08-23 18:20:43,540 INFO [http-nio-8089-exec-2] c.s.a.d.v.c.VideoController [VideoController.java:236] 进入摄像头实时监测页面成功！
2024-08-23 18:23:23,998 INFO [main] c.s.a.d.m.HJ212Server [HJ212Server.java:73] HJ212 端口号  =  9999
2024-08-23 18:23:36,402 INFO [http-nio-8089-exec-5] c.s.a.d.v.c.VideoController [VideoController.java:237] 进入摄像头实时监测页面成功！
2024-08-23 18:24:55,194 INFO [http-nio-8089-exec-7] c.s.a.d.v.c.VideoController [VideoController.java:237] 进入摄像头实时监测页面成功！
2024-08-23 18:26:52,500 INFO [main] c.s.a.d.m.HJ212Server [HJ212Server.java:73] HJ212 端口号  =  9999
2024-08-23 18:27:03,222 INFO [http-nio-8089-exec-4] c.s.a.d.v.c.VideoController [VideoController.java:237] 进入摄像头实时监测页面成功！
2024-08-23 18:27:29,704 INFO [http-nio-8089-exec-7] c.s.a.d.v.c.VideoController [VideoController.java:237] 进入摄像头实时监测页面成功！
2024-08-23 18:27:55,968 INFO [http-nio-8089-exec-1] c.s.a.d.v.c.VideoController [VideoController.java:237] 进入摄像头实时监测页面成功！
2024-08-23 18:28:00,379 INFO [http-nio-8089-exec-6] c.s.a.d.v.c.VideoController [VideoController.java:237] 进入摄像头实时监测页面成功！
2024-08-23 18:29:29,131 INFO [main] c.s.a.d.m.HJ212Server [HJ212Server.java:73] HJ212 端口号  =  9999
2024-08-23 18:29:42,038 INFO [http-nio-8089-exec-6] c.s.a.d.v.c.VideoController [VideoController.java:237] 进入摄像头实时监测页面成功！
2024-08-23 18:30:12,539 INFO [http-nio-8089-exec-5] c.s.a.d.v.c.VideoController [VideoController.java:237] 进入摄像头实时监测页面成功！
2024-08-23 18:31:18,735 INFO [main] c.s.a.d.m.HJ212Server [HJ212Server.java:73] HJ212 端口号  =  9999
2024-08-23 18:31:32,007 INFO [http-nio-8089-exec-9] c.s.a.d.v.c.VideoController [VideoController.java:237] 进入摄像头实时监测页面成功！
2024-08-23 18:32:03,471 INFO [http-nio-8089-exec-10] c.s.a.d.v.c.VideoController [VideoController.java:237] 进入摄像头实时监测页面成功！
2024-08-23 18:35:06,350 INFO [main] c.s.a.d.m.HJ212Server [HJ212Server.java:73] HJ212 端口号  =  9999
2024-08-23 18:35:21,274 INFO [http-nio-8089-exec-4] c.s.a.d.v.c.VideoController [VideoController.java:237] 进入摄像头实时监测页面成功！
2024-08-23 18:39:20,289 INFO [main] c.s.a.d.m.HJ212Server [HJ212Server.java:73] HJ212 端口号  =  9999
2024-08-23 18:40:34,286 INFO [main] c.s.a.d.m.HJ212Server [HJ212Server.java:73] HJ212 端口号  =  9999
2024-08-23 18:53:41,611 INFO [http-nio-8089-exec-7] c.s.a.d.v.c.VideoController [VideoController.java:148] 进入人员识别结果页面成功！
2024-08-23 18:53:42,336 INFO [http-nio-8089-exec-2] c.s.a.d.v.c.VideoController [VideoController.java:171] 进入车辆识别结果页面成功！
2024-08-23 18:53:42,976 INFO [http-nio-8089-exec-8] c.s.a.d.v.c.VideoController [VideoController.java:160] 进入车牌识别结果页面成功！
2024-08-23 18:57:28,537 INFO [http-nio-8089-exec-9] c.s.a.d.v.c.VideoController [VideoController.java:148] 进入人员识别结果页面成功！
2024-08-23 18:57:30,202 INFO [http-nio-8089-exec-5] c.s.a.d.v.c.VideoController [VideoController.java:171] 进入车辆识别结果页面成功！
2024-08-23 18:57:31,290 INFO [http-nio-8089-exec-8] c.s.a.d.v.c.VideoController [VideoController.java:160] 进入车牌识别结果页面成功！
2024-08-23 19:01:13,233 INFO [main] c.s.a.d.m.HJ212Server [HJ212Server.java:73] HJ212 端口号  =  9999
2024-08-23 19:01:35,102 INFO [http-nio-8089-exec-5] c.s.a.d.v.c.VideoController [VideoController.java:237] 进入摄像头实时监测页面成功！
2024-08-23 19:03:21,153 INFO [main] c.s.a.d.m.HJ212Server [HJ212Server.java:73] HJ212 端口号  =  9999
2024-08-23 19:03:46,736 INFO [http-nio-8089-exec-6] c.s.a.d.v.c.VideoController [VideoController.java:237] 进入摄像头实时监测页面成功！
2024-08-23 19:04:06,201 INFO [http-nio-8089-exec-2] c.s.a.d.v.c.VideoController [VideoController.java:237] 进入摄像头实时监测页面成功！
2024-08-23 19:05:06,693 INFO [main] c.s.a.d.m.HJ212Server [HJ212Server.java:73] HJ212 端口号  =  9999
2024-08-23 19:21:27,868 INFO [http-nio-8089-exec-9] c.s.a.d.v.c.VideoController [VideoController.java:148] 进入人员识别结果页面成功！
2024-08-23 19:21:28,485 INFO [http-nio-8089-exec-1] c.s.a.d.v.c.VideoController [VideoController.java:171] 进入车辆识别结果页面成功！
2024-08-23 19:21:29,044 INFO [http-nio-8089-exec-8] c.s.a.d.v.c.VideoController [VideoController.java:160] 进入车牌识别结果页面成功！
2024-08-23 19:21:38,391 INFO [http-nio-8089-exec-8] c.s.a.d.v.c.VideoController [VideoController.java:237] 进入摄像头实时监测页面成功！
2024-08-23 19:26:53,863 INFO [http-nio-8089-exec-5] c.s.a.d.v.c.VideoController [VideoController.java:237] 进入摄像头实时监测页面成功！
2024-08-23 19:52:06,141 INFO [main] c.s.a.d.m.HJ212Server [HJ212Server.java:73] HJ212 端口号  =  9999
2024-08-23 19:52:23,055 INFO [http-nio-8089-exec-10] c.s.a.d.v.c.VideoController [VideoController.java:286] 进入摄像头实时监测页面成功！
2024-08-23 19:52:49,934 INFO [http-nio-8089-exec-4] c.s.a.d.v.c.VideoController [VideoController.java:286] 进入摄像头实时监测页面成功！
2024-08-23 19:53:11,026 INFO [http-nio-8089-exec-5] c.s.a.d.v.c.VideoController [VideoController.java:286] 进入摄像头实时监测页面成功！
2024-08-23 19:57:33,629 INFO [main] c.s.a.d.m.HJ212Server [HJ212Server.java:73] HJ212 端口号  =  9999
2024-08-23 19:57:51,314 INFO [http-nio-8089-exec-10] c.s.a.d.v.c.VideoController [VideoController.java:286] 进入摄像头实时监测页面成功！
2024-08-23 19:58:52,905 INFO [main] c.s.a.d.m.HJ212Server [HJ212Server.java:73] HJ212 端口号  =  9999
2024-08-23 19:58:55,579 INFO [http-nio-8089-exec-1] c.s.a.d.v.c.VideoController [VideoController.java:286] 进入摄像头实时监测页面成功！
2024-08-23 19:59:06,997 INFO [http-nio-8089-exec-4] c.s.a.d.v.c.VideoController [VideoController.java:286] 进入摄像头实时监测页面成功！
2024-08-23 19:59:50,506 INFO [main] c.s.a.d.m.HJ212Server [HJ212Server.java:73] HJ212 端口号  =  9999
2024-08-23 20:00:08,486 INFO [http-nio-8089-exec-5] c.s.a.d.v.c.VideoController [VideoController.java:286] 进入摄像头实时监测页面成功！
2024-08-23 20:01:32,636 INFO [main] c.s.a.d.m.HJ212Server [HJ212Server.java:73] HJ212 端口号  =  9999
2024-08-23 20:02:01,718 INFO [http-nio-8089-exec-2] c.s.a.d.v.c.VideoController [VideoController.java:305] 进入摄像头实时监测页面成功！
2024-08-23 20:09:26,582 INFO [main] c.s.a.d.m.HJ212Server [HJ212Server.java:73] HJ212 端口号  =  9999
2024-08-23 20:11:10,643 INFO [http-nio-8089-exec-5] c.s.a.d.v.c.VideoController [VideoController.java:305] 进入摄像头实时监测页面成功！
2024-08-23 20:17:17,895 INFO [main] c.s.a.d.m.HJ212Server [HJ212Server.java:73] HJ212 端口号  =  9999
2024-08-23 20:17:52,615 INFO [http-nio-8089-exec-7] c.s.a.d.v.c.VideoController [VideoController.java:286] 进入摄像头实时监测页面成功！
2024-08-23 20:19:27,026 INFO [http-nio-8089-exec-10] c.s.a.d.v.c.VideoController [VideoController.java:286] 进入摄像头实时监测页面成功！
2024-08-23 20:19:29,874 INFO [main] c.s.a.d.m.HJ212Server [HJ212Server.java:73] HJ212 端口号  =  9999
2024-08-23 20:19:47,460 INFO [http-nio-8089-exec-2] c.s.a.d.v.c.VideoController [VideoController.java:286] 进入摄像头实时监测页面成功！
2024-08-23 20:26:44,258 INFO [main] c.s.a.d.m.HJ212Server [HJ212Server.java:73] HJ212 端口号  =  9999
2024-08-23 20:27:05,911 INFO [http-nio-8089-exec-1] c.s.a.d.v.c.VideoController [VideoController.java:305] 进入摄像头实时监测页面成功！
2024-08-23 20:27:29,048 INFO [http-nio-8089-exec-6] c.s.a.d.v.c.VideoController [VideoController.java:286] 进入摄像头实时监测页面成功！
2024-08-23 20:28:06,990 INFO [http-nio-8089-exec-5] c.s.a.d.v.c.VideoController [VideoController.java:286] 进入摄像头实时监测页面成功！
2024-08-23 20:28:41,982 INFO [http-nio-8089-exec-10] c.s.a.d.v.c.VideoController [VideoController.java:305] 进入摄像头实时监测页面成功！
2024-08-23 20:31:44,288 INFO [http-nio-8089-exec-9] c.s.a.d.v.c.VideoController [VideoController.java:305] 进入摄像头实时监测页面成功！
2024-08-23 20:36:33,706 INFO [main] c.s.a.d.m.HJ212Server [HJ212Server.java:73] HJ212 端口号  =  9999
2024-08-23 20:37:47,529 INFO [http-nio-8089-exec-3] c.s.a.d.v.c.VideoController [VideoController.java:286] 进入摄像头实时监测页面成功！
2024-08-23 20:38:31,153 INFO [http-nio-8089-exec-2] c.s.a.d.v.c.VideoController [VideoController.java:286] 进入摄像头实时监测页面成功！
2024-08-23 20:42:26,625 INFO [main] c.s.a.d.m.HJ212Server [HJ212Server.java:73] HJ212 端口号  =  9999
2024-08-23 20:42:54,405 INFO [http-nio-8089-exec-2] c.s.a.d.v.c.VideoController [VideoController.java:286] 进入摄像头实时监测页面成功！
2024-08-23 20:43:13,028 INFO [http-nio-8089-exec-7] c.s.a.d.v.c.VideoController [VideoController.java:286] 进入摄像头实时监测页面成功！
