2024-08-23 16:47:17,520 INFO [main] c.s.a.b.c.InitFFmpeg [InitFFmpeg.java:59] 加载海康SDK...
2024-08-23 16:47:18,336 INFO [main] c.s.a.b.c.InitFFmpeg [InitFFmpeg.java:61] 加载完成
2024-08-23 17:06:56,116 INFO [main] c.s.a.b.c.InitFFmpeg [InitFFmpeg.java:59] 加载海康SDK...
2024-08-23 17:06:56,633 INFO [main] c.s.a.b.c.InitFFmpeg [InitFFmpeg.java:61] 加载完成
2024-08-23 17:07:40,715 INFO [http-nio-8089-exec-1] c.s.a.b.c.BaseController [BaseController.java:82] 用户：admin登陆系统
2024-08-23 17:07:41,002 INFO [http-nio-8089-exec-1] c.s.a.b.i.InformationController [InformationController.java:48] 进入首页成功！
2024-08-23 17:09:47,157 INFO [main] c.s.a.b.c.InitFFmpeg [InitFFmpeg.java:59] 加载海康SDK...
2024-08-23 17:09:47,377 INFO [main] c.s.a.b.c.InitFFmpeg [InitFFmpeg.java:61] 加载完成
2024-08-23 17:09:51,590 INFO [http-nio-8089-exec-1] c.s.a.b.c.BaseController [BaseController.java:82] 用户：admin登陆系统
2024-08-23 17:09:51,601 INFO [http-nio-8089-exec-1] c.s.a.b.i.InformationController [InformationController.java:48] 进入首页成功！
2024-08-23 17:09:57,580 INFO [http-nio-8089-exec-3] c.s.a.o.c.FileController [FileController.java:189] 进入文件管理成功！
2024-08-23 17:10:03,728 INFO [http-nio-8089-exec-10] c.s.a.o.c.FileController [FileController.java:189] 进入文件管理成功！
2024-08-23 17:11:00,246 INFO [main] c.s.a.b.c.InitFFmpeg [InitFFmpeg.java:59] 加载海康SDK...
2024-08-23 17:11:00,380 INFO [main] c.s.a.b.c.InitFFmpeg [InitFFmpeg.java:61] 加载完成
2024-08-23 17:13:55,222 INFO [main] c.s.a.b.c.InitFFmpeg [InitFFmpeg.java:59] 加载海康SDK...
2024-08-23 17:13:55,328 INFO [main] c.s.a.b.c.InitFFmpeg [InitFFmpeg.java:61] 加载完成
2024-08-23 17:14:03,187 INFO [http-nio-8089-exec-1] c.s.a.b.c.BaseController [BaseController.java:82] 用户：admin登陆系统
2024-08-23 17:14:03,242 INFO [http-nio-8089-exec-1] c.s.a.b.i.InformationController [InformationController.java:48] 进入首页成功！
2024-08-23 17:20:43,506 INFO [http-nio-8089-exec-3] c.s.a.o.c.FileController [FileController.java:189] 进入文件管理成功！
2024-08-23 17:21:00,411 INFO [http-nio-8089-exec-9] c.s.a.b.i.InformationController [InformationController.java:48] 进入首页成功！
2024-08-23 18:12:13,831 INFO [main] c.s.a.b.c.InitFFmpeg [InitFFmpeg.java:59] 加载海康SDK...
2024-08-23 18:12:14,192 INFO [main] c.s.a.b.c.InitFFmpeg [InitFFmpeg.java:61] 加载完成
2024-08-23 18:12:35,325 INFO [http-nio-8089-exec-3] c.s.a.b.c.BaseController [BaseController.java:82] 用户：admin登陆系统
2024-08-23 18:12:35,360 INFO [http-nio-8089-exec-3] c.s.a.b.i.InformationController [InformationController.java:48] 进入首页成功！
2024-08-23 18:15:40,956 INFO [main] c.s.a.b.c.InitFFmpeg [InitFFmpeg.java:59] 加载海康SDK...
2024-08-23 18:15:41,090 INFO [main] c.s.a.b.c.InitFFmpeg [InitFFmpeg.java:61] 加载完成
2024-08-23 18:15:48,338 INFO [http-nio-8089-exec-3] c.s.a.b.c.BaseController [BaseController.java:82] 用户：admin登陆系统
2024-08-23 18:15:48,349 INFO [http-nio-8089-exec-3] c.s.a.b.i.InformationController [InformationController.java:48] 进入首页成功！
2024-08-23 18:18:55,494 INFO [http-nio-8089-exec-5] c.s.a.b.c.BaseController [BaseController.java:82] 用户：admin登陆系统
2024-08-23 18:18:55,553 INFO [http-nio-8089-exec-5] c.s.a.b.i.InformationController [InformationController.java:48] 进入首页成功！
2024-08-23 18:19:28,631 INFO [http-nio-8089-exec-2] c.s.a.b.c.BaseController [BaseController.java:82] 用户：admin登陆系统
2024-08-23 18:19:28,637 INFO [http-nio-8089-exec-2] c.s.a.b.i.InformationController [InformationController.java:48] 进入首页成功！
2024-08-23 18:20:10,942 INFO [http-nio-8089-exec-7] c.s.a.b.c.BaseController [BaseController.java:82] 用户：admin登陆系统
2024-08-23 18:20:10,953 INFO [http-nio-8089-exec-7] c.s.a.b.i.InformationController [InformationController.java:48] 进入首页成功！
2024-08-23 18:23:22,264 INFO [main] c.s.a.b.c.InitFFmpeg [InitFFmpeg.java:59] 加载海康SDK...
2024-08-23 18:23:22,493 INFO [main] c.s.a.b.c.InitFFmpeg [InitFFmpeg.java:61] 加载完成
2024-08-23 18:23:26,459 INFO [http-nio-8089-exec-1] c.s.a.b.c.BaseController [BaseController.java:82] 用户：admin登陆系统
2024-08-23 18:23:26,464 INFO [http-nio-8089-exec-1] c.s.a.b.i.InformationController [InformationController.java:48] 进入首页成功！
2024-08-23 18:26:50,029 INFO [main] c.s.a.b.c.InitFFmpeg [InitFFmpeg.java:59] 加载海康SDK...
2024-08-23 18:26:50,122 INFO [main] c.s.a.b.c.InitFFmpeg [InitFFmpeg.java:61] 加载完成
2024-08-23 18:26:56,192 INFO [http-nio-8089-exec-1] c.s.a.b.c.BaseController [BaseController.java:82] 用户：admin登陆系统
2024-08-23 18:26:56,203 INFO [http-nio-8089-exec-1] c.s.a.b.i.InformationController [InformationController.java:48] 进入首页成功！
2024-08-23 18:29:26,499 INFO [main] c.s.a.b.c.InitFFmpeg [InitFFmpeg.java:59] 加载海康SDK...
2024-08-23 18:29:26,609 INFO [main] c.s.a.b.c.InitFFmpeg [InitFFmpeg.java:61] 加载完成
2024-08-23 18:29:34,321 INFO [http-nio-8089-exec-1] c.s.a.b.c.BaseController [BaseController.java:82] 用户：admin登陆系统
2024-08-23 18:29:34,334 INFO [http-nio-8089-exec-1] c.s.a.b.i.InformationController [InformationController.java:48] 进入首页成功！
2024-08-23 18:31:16,025 INFO [main] c.s.a.b.c.InitFFmpeg [InitFFmpeg.java:59] 加载海康SDK...
2024-08-23 18:31:16,144 INFO [main] c.s.a.b.c.InitFFmpeg [InitFFmpeg.java:61] 加载完成
2024-08-23 18:31:23,548 INFO [http-nio-8089-exec-1] c.s.a.b.c.BaseController [BaseController.java:82] 用户：admin登陆系统
2024-08-23 18:31:23,560 INFO [http-nio-8089-exec-1] c.s.a.b.i.InformationController [InformationController.java:48] 进入首页成功！
2024-08-23 18:34:01,898 INFO [main] c.s.a.b.c.InitFFmpeg [InitFFmpeg.java:59] 加载海康SDK...
2024-08-23 18:34:01,972 INFO [main] c.s.a.b.c.InitFFmpeg [InitFFmpeg.java:61] 加载完成
2024-08-23 18:35:04,220 INFO [main] c.s.a.b.c.InitFFmpeg [InitFFmpeg.java:59] 加载海康SDK...
2024-08-23 18:35:04,305 INFO [main] c.s.a.b.c.InitFFmpeg [InitFFmpeg.java:61] 加载完成
2024-08-23 18:35:15,675 INFO [http-nio-8089-exec-1] c.s.a.b.c.BaseController [BaseController.java:82] 用户：admin登陆系统
2024-08-23 18:35:15,679 INFO [http-nio-8089-exec-1] c.s.a.b.i.InformationController [InformationController.java:48] 进入首页成功！
2024-08-23 18:39:13,088 INFO [main] c.s.a.b.c.InitFFmpeg [InitFFmpeg.java:59] 加载海康SDK...
2024-08-23 18:39:13,658 INFO [main] c.s.a.b.c.InitFFmpeg [InitFFmpeg.java:61] 加载完成
2024-08-23 18:39:22,194 INFO [http-nio-8089-exec-1] c.s.a.b.c.BaseController [BaseController.java:82] 用户：admin登陆系统
2024-08-23 18:39:22,203 INFO [http-nio-8089-exec-1] c.s.a.b.i.InformationController [InformationController.java:48] 进入首页成功！
2024-08-23 18:40:31,208 INFO [main] c.s.a.b.c.InitFFmpeg [InitFFmpeg.java:59] 加载海康SDK...
2024-08-23 18:40:31,299 INFO [main] c.s.a.b.c.InitFFmpeg [InitFFmpeg.java:61] 加载完成
2024-08-23 18:40:37,251 INFO [http-nio-8089-exec-1] c.s.a.b.c.BaseController [BaseController.java:82] 用户：admin登陆系统
2024-08-23 18:40:37,262 INFO [http-nio-8089-exec-1] c.s.a.b.i.InformationController [InformationController.java:48] 进入首页成功！
2024-08-23 18:49:11,806 INFO [http-nio-8089-exec-10] c.s.a.b.i.InformationController [InformationController.java:48] 进入首页成功！
2024-08-23 18:49:14,272 INFO [http-nio-8089-exec-5] c.s.a.u.c.AlllUserController [AlllUserController.java:52] 进入全部用户页面成功
2024-08-23 18:49:58,166 ERROR [http-nio-8089-exec-6] c.s.a.u.s.AllUserService [AllUserService.java:74] BackSysService/updataOneUserEntity, 修改一条用户记录失败, 
org.apache.ibatis.binding.BindingException: Mapper method 'com.shark.aio.user.mapper.AllUserMapping.queryNumberBypostName attempted to return null from a method with a primitive return type (int).
	at org.apache.ibatis.binding.MapperMethod.execute(MapperMethod.java:83)
	at org.apache.ibatis.binding.MapperProxy.invoke(MapperProxy.java:53)
	at com.sun.proxy.$Proxy105.queryNumberBypostName(Unknown Source)
	at com.shark.aio.user.service.AllUserService.updataOneUserEntity(AllUserService.java:69)
	at com.shark.aio.user.controller.AlllUserController.updataOneUserEntity(AlllUserController.java:66)
	at sun.reflect.NativeMethodAccessorImpl.invoke0(Native Method)
	at sun.reflect.NativeMethodAccessorImpl.invoke(NativeMethodAccessorImpl.java:62)
	at sun.reflect.DelegatingMethodAccessorImpl.invoke(DelegatingMethodAccessorImpl.java:43)
	at java.lang.reflect.Method.invoke(Method.java:498)
	at org.springframework.web.method.support.InvocableHandlerMethod.doInvoke(InvocableHandlerMethod.java:205)
	at org.springframework.web.method.support.InvocableHandlerMethod.invokeForRequest(InvocableHandlerMethod.java:150)
	at org.springframework.web.servlet.mvc.method.annotation.ServletInvocableHandlerMethod.invokeAndHandle(ServletInvocableHandlerMethod.java:117)
	at org.springframework.web.servlet.mvc.method.annotation.RequestMappingHandlerAdapter.invokeHandlerMethod(RequestMappingHandlerAdapter.java:895)
	at org.springframework.web.servlet.mvc.method.annotation.RequestMappingHandlerAdapter.handleInternal(RequestMappingHandlerAdapter.java:808)
	at org.springframework.web.servlet.mvc.method.AbstractHandlerMethodAdapter.handle(AbstractHandlerMethodAdapter.java:87)
	at org.springframework.web.servlet.DispatcherServlet.doDispatch(DispatcherServlet.java:1071)
	at org.springframework.web.servlet.DispatcherServlet.doService(DispatcherServlet.java:964)
	at org.springframework.web.servlet.FrameworkServlet.processRequest(FrameworkServlet.java:1006)
	at org.springframework.web.servlet.FrameworkServlet.doGet(FrameworkServlet.java:898)
	at javax.servlet.http.HttpServlet.service(HttpServlet.java:670)
	at org.springframework.web.servlet.FrameworkServlet.service(FrameworkServlet.java:883)
	at javax.servlet.http.HttpServlet.service(HttpServlet.java:779)
	at org.apache.catalina.core.ApplicationFilterChain.internalDoFilter(ApplicationFilterChain.java:227)
	at org.apache.catalina.core.ApplicationFilterChain.doFilter(ApplicationFilterChain.java:162)
	at org.apache.tomcat.websocket.server.WsFilter.doFilter(WsFilter.java:53)
	at org.apache.catalina.core.ApplicationFilterChain.internalDoFilter(ApplicationFilterChain.java:189)
	at org.apache.catalina.core.ApplicationFilterChain.doFilter(ApplicationFilterChain.java:162)
	at org.springframework.web.filter.CharacterEncodingFilter.doFilterInternal(CharacterEncodingFilter.java:201)
	at org.springframework.web.filter.OncePerRequestFilter.doFilter(OncePerRequestFilter.java:117)
	at org.apache.catalina.core.ApplicationFilterChain.internalDoFilter(ApplicationFilterChain.java:189)
	at org.apache.catalina.core.ApplicationFilterChain.doFilter(ApplicationFilterChain.java:162)
	at org.apache.catalina.core.StandardWrapperValve.invoke(StandardWrapperValve.java:197)
	at org.apache.catalina.core.StandardContextValve.invoke(StandardContextValve.java:97)
	at org.apache.catalina.authenticator.AuthenticatorBase.invoke(AuthenticatorBase.java:541)
	at org.apache.catalina.core.StandardHostValve.invoke(StandardHostValve.java:135)
	at org.apache.catalina.valves.ErrorReportValve.invoke(ErrorReportValve.java:92)
	at org.apache.catalina.core.StandardEngineValve.invoke(StandardEngineValve.java:78)
	at org.apache.catalina.connector.CoyoteAdapter.service(CoyoteAdapter.java:360)
	at org.apache.coyote.http11.Http11Processor.service(Http11Processor.java:399)
	at org.apache.coyote.AbstractProcessorLight.process(AbstractProcessorLight.java:65)
	at org.apache.coyote.AbstractProtocol$ConnectionHandler.process(AbstractProtocol.java:893)
	at org.apache.tomcat.util.net.NioEndpoint$SocketProcessor.doRun(NioEndpoint.java:1789)
	at org.apache.tomcat.util.net.SocketProcessorBase.run(SocketProcessorBase.java:49)
	at org.apache.tomcat.util.threads.ThreadPoolExecutor.runWorker(ThreadPoolExecutor.java:1191)
	at org.apache.tomcat.util.threads.ThreadPoolExecutor$Worker.run(ThreadPoolExecutor.java:659)
	at org.apache.tomcat.util.threads.TaskThread$WrappingRunnable.run(TaskThread.java:61)
	at java.lang.Thread.run(Thread.java:750)
2024-08-23 18:49:58,166 ERROR [http-nio-8089-exec-6] c.s.a.u.c.AlllUserController [AlllUserController.java:68] updataOneUserEntity, 提交用户修改表失败！
2024-08-23 18:49:58,171 INFO [http-nio-8089-exec-6] c.s.a.u.c.AlllUserController [AlllUserController.java:52] 进入全部用户页面成功
2024-08-23 18:56:40,430 INFO [http-nio-8089-exec-8] c.s.a.o.c.FileController [FileController.java:189] 进入文件管理成功！
2024-08-23 18:57:10,898 INFO [http-nio-8089-exec-5] c.s.a.o.c.FileController [FileController.java:189] 进入文件管理成功！
2024-08-23 18:57:22,900 INFO [http-nio-8089-exec-3] c.s.a.b.c.BaseController [BaseController.java:82] 用户：admin登陆系统
2024-08-23 18:57:22,906 INFO [http-nio-8089-exec-3] c.s.a.b.i.InformationController [InformationController.java:48] 进入首页成功！
2024-08-23 19:01:10,159 INFO [main] c.s.a.b.c.InitFFmpeg [InitFFmpeg.java:59] 加载海康SDK...
2024-08-23 19:01:10,258 INFO [main] c.s.a.b.c.InitFFmpeg [InitFFmpeg.java:61] 加载完成
2024-08-23 19:01:16,644 INFO [http-nio-8089-exec-1] c.s.a.b.c.BaseController [BaseController.java:82] 用户：admin登陆系统
2024-08-23 19:01:16,653 INFO [http-nio-8089-exec-1] c.s.a.b.i.InformationController [InformationController.java:48] 进入首页成功！
2024-08-23 19:03:18,019 INFO [main] c.s.a.b.c.InitFFmpeg [InitFFmpeg.java:59] 加载海康SDK...
2024-08-23 19:03:18,121 INFO [main] c.s.a.b.c.InitFFmpeg [InitFFmpeg.java:61] 加载完成
2024-08-23 19:03:38,179 INFO [http-nio-8089-exec-1] c.s.a.b.c.BaseController [BaseController.java:82] 用户：admin登陆系统
2024-08-23 19:03:38,188 INFO [http-nio-8089-exec-1] c.s.a.b.i.InformationController [InformationController.java:48] 进入首页成功！
2024-08-23 19:05:03,109 INFO [main] c.s.a.b.c.InitFFmpeg [InitFFmpeg.java:59] 加载海康SDK...
2024-08-23 19:05:03,217 INFO [main] c.s.a.b.c.InitFFmpeg [InitFFmpeg.java:61] 加载完成
2024-08-23 19:05:05,178 INFO [http-nio-8089-exec-1] c.s.a.b.c.BaseController [BaseController.java:82] 用户：admin登陆系统
2024-08-23 19:05:05,191 INFO [http-nio-8089-exec-1] c.s.a.b.i.InformationController [InformationController.java:48] 进入首页成功！
2024-08-23 19:05:14,462 INFO [http-nio-8089-exec-3] c.s.a.b.c.BaseController [BaseController.java:82] 用户：admin登陆系统
2024-08-23 19:05:14,468 INFO [http-nio-8089-exec-3] c.s.a.b.i.InformationController [InformationController.java:48] 进入首页成功！
2024-08-23 19:51:57,016 INFO [main] c.s.a.b.c.InitFFmpeg [InitFFmpeg.java:59] 加载海康SDK...
2024-08-23 19:51:57,883 INFO [main] c.s.a.b.c.InitFFmpeg [InitFFmpeg.java:61] 加载完成
2024-08-23 19:52:08,324 INFO [http-nio-8089-exec-1] c.s.a.b.c.BaseController [BaseController.java:82] 用户：admin登陆系统
2024-08-23 19:52:08,335 INFO [http-nio-8089-exec-1] c.s.a.b.i.InformationController [InformationController.java:48] 进入首页成功！
2024-08-23 19:57:13,855 INFO [main] c.s.a.b.c.InitFFmpeg [InitFFmpeg.java:59] 加载海康SDK...
2024-08-23 19:57:16,164 INFO [main] c.s.a.b.c.InitFFmpeg [InitFFmpeg.java:61] 加载完成
2024-08-23 19:57:30,553 INFO [http-nio-8089-exec-1] c.s.a.b.c.BaseController [BaseController.java:82] 用户：admin登陆系统
2024-08-23 19:57:30,597 INFO [http-nio-8089-exec-1] c.s.a.b.i.InformationController [InformationController.java:48] 进入首页成功！
2024-08-23 19:58:47,041 INFO [main] c.s.a.b.c.InitFFmpeg [InitFFmpeg.java:59] 加载海康SDK...
2024-08-23 19:58:47,287 INFO [main] c.s.a.b.c.InitFFmpeg [InitFFmpeg.java:61] 加载完成
2024-08-23 19:58:58,215 INFO [http-nio-8089-exec-2] c.s.a.b.c.BaseController [BaseController.java:82] 用户：admin登陆系统
2024-08-23 19:58:58,245 INFO [http-nio-8089-exec-2] c.s.a.b.i.InformationController [InformationController.java:48] 进入首页成功！
2024-08-23 19:59:55,112 INFO [http-nio-8089-exec-1] c.s.a.b.c.BaseController [BaseController.java:82] 用户：admin登陆系统
2024-08-23 19:59:55,188 INFO [http-nio-8089-exec-1] c.s.a.b.i.InformationController [InformationController.java:48] 进入首页成功！
2024-08-23 19:59:55,489 INFO [http-nio-8089-exec-3] c.s.a.b.c.BaseController [BaseController.java:82] 用户：admin登陆系统
2024-08-23 19:59:55,494 INFO [http-nio-8089-exec-3] c.s.a.b.i.InformationController [InformationController.java:48] 进入首页成功！
2024-08-23 20:01:51,023 INFO [http-nio-8089-exec-2] c.s.a.b.c.BaseController [BaseController.java:82] 用户：admin登陆系统
2024-08-23 20:01:51,113 INFO [http-nio-8089-exec-2] c.s.a.b.i.InformationController [InformationController.java:48] 进入首页成功！
2024-08-23 20:03:27,354 INFO [http-nio-8089-exec-10] c.s.a.o.c.FileController [FileController.java:189] 进入文件管理成功！
2024-08-23 20:03:54,639 INFO [http-nio-8089-exec-6] c.s.a.o.c.FileController [FileController.java:189] 进入文件管理成功！
2024-08-23 20:03:56,233 INFO [http-nio-8089-exec-7] c.s.a.b.c.BaseController [BaseController.java:82] 用户：admin登陆系统
2024-08-23 20:03:56,239 INFO [http-nio-8089-exec-7] c.s.a.b.i.InformationController [InformationController.java:48] 进入首页成功！
2024-08-23 20:09:32,089 INFO [http-nio-8089-exec-1] c.s.a.b.c.BaseController [BaseController.java:82] 用户：admin登陆系统
2024-08-23 20:09:32,270 INFO [http-nio-8089-exec-1] c.s.a.b.i.InformationController [InformationController.java:48] 进入首页成功！
2024-08-23 20:17:22,219 INFO [http-nio-8089-exec-1] c.s.a.b.c.BaseController [BaseController.java:82] 用户：admin登陆系统
2024-08-23 20:17:22,279 INFO [http-nio-8089-exec-1] c.s.a.b.i.InformationController [InformationController.java:48] 进入首页成功！
2024-08-23 20:18:49,823 INFO [main] c.s.a.b.c.InitFFmpeg [InitFFmpeg.java:59] 加载海康SDK...
2024-08-23 20:18:49,882 INFO [http-nio-8089-exec-1] c.s.a.b.c.BaseController [BaseController.java:82] 用户：admin登陆系统
2024-08-23 20:18:49,928 INFO [http-nio-8089-exec-1] c.s.a.b.i.InformationController [InformationController.java:48] 进入首页成功！
2024-08-23 20:18:57,269 INFO [main] c.s.a.b.c.InitFFmpeg [InitFFmpeg.java:61] 加载完成
2024-08-23 20:26:11,793 INFO [main] c.s.a.b.c.InitFFmpeg [InitFFmpeg.java:59] 加载海康SDK...
2024-08-23 20:26:19,679 INFO [main] c.s.a.b.c.InitFFmpeg [InitFFmpeg.java:61] 加载完成
2024-08-23 20:26:23,505 INFO [http-nio-8089-exec-1] c.s.a.b.c.BaseController [BaseController.java:82] 用户：admin登陆系统
2024-08-23 20:26:23,515 INFO [http-nio-8089-exec-1] c.s.a.b.i.InformationController [InformationController.java:48] 进入首页成功！
2024-08-23 20:26:36,836 INFO [http-nio-8089-exec-2] c.s.a.b.c.BaseController [BaseController.java:82] 用户：admin登陆系统
2024-08-23 20:26:36,855 INFO [http-nio-8089-exec-2] c.s.a.b.i.InformationController [InformationController.java:48] 进入首页成功！
2024-08-23 20:29:01,102 INFO [http-nio-8089-exec-4] c.s.a.o.c.FileController [FileController.java:189] 进入文件管理成功！
2024-08-23 20:31:21,614 INFO [http-nio-8089-exec-3] c.s.a.b.c.BaseController [BaseController.java:82] 用户：admin登陆系统
2024-08-23 20:31:21,622 INFO [http-nio-8089-exec-3] c.s.a.b.i.InformationController [InformationController.java:48] 进入首页成功！
2024-08-23 20:32:01,506 INFO [http-nio-8089-exec-6] c.s.a.b.i.InformationController [InformationController.java:48] 进入首页成功！
2024-08-23 20:36:26,346 INFO [main] c.s.a.b.c.InitFFmpeg [InitFFmpeg.java:59] 加载海康SDK...
2024-08-23 20:36:27,639 INFO [http-nio-8089-exec-1] c.s.a.b.c.BaseController [BaseController.java:82] 用户：admin登陆系统
2024-08-23 20:36:27,649 INFO [http-nio-8089-exec-1] c.s.a.b.i.InformationController [InformationController.java:48] 进入首页成功！
2024-08-23 20:36:28,682 INFO [main] c.s.a.b.c.InitFFmpeg [InitFFmpeg.java:61] 加载完成
2024-08-23 20:42:04,810 INFO [main] c.s.a.b.c.InitFFmpeg [InitFFmpeg.java:59] 加载海康SDK...
2024-08-23 20:42:07,391 INFO [main] c.s.a.b.c.InitFFmpeg [InitFFmpeg.java:61] 加载完成
2024-08-23 20:42:30,981 INFO [http-nio-8089-exec-1] c.s.a.b.c.BaseController [BaseController.java:82] 用户：admin登陆系统
2024-08-23 20:42:30,992 INFO [http-nio-8089-exec-1] c.s.a.b.i.InformationController [InformationController.java:48] 进入首页成功！
