2024-08-27 00:00:29.959 [,] [main] INFO  c.s.a.AIOCompanyApplication - [logStarting,55] - Starting AIOCompanyApplication using Java 1.8.0_411 on DESKTOP-0QJEBFD with PID 14420 (E:\AIO_2024.08.16\AIO - 副本 - 测试\AIO-company\target\classes started by neko in E:\AIO_2024.08.16\AIO - 副本 - 测试\AIO-company)
2024-08-27 00:00:29.966 [,] [main] INFO  c.s.a.AIOCompanyApplication - [logStartupProfileInfo,634] - No active profile set, falling back to 1 default profile: "default"
2024-08-27 00:00:34.861 [,] [main] INFO  o.a.c.h.Http11NioProtocol - [log,173] - Initializing ProtocolHandler ["http-nio-8089"]
2024-08-27 00:00:34.862 [,] [main] INFO  o.a.c.c.StandardService - [log,173] - Starting service [Tomcat]
2024-08-27 00:00:34.863 [,] [main] INFO  o.a.c.c.StandardEngine - [log,173] - Starting Servlet engine: [Apache Tomcat/9.0.68]
2024-08-27 00:00:35.159 [,] [main] INFO  o.a.c.c.C.[.[.[/] - [log,173] - Initializing Spring embedded WebApplicationContext
2024-08-27 00:00:35.642 [,] [main] INFO  o.h.j.i.u.LogHelper - [logPersistenceUnitInformation,31] - HHH000204: Processing PersistenceUnitInfo [name: default]
2024-08-27 00:00:35.741 [,] [main] INFO  o.hibernate.Version - [logVersion,44] - HHH000412: Hibernate ORM core version 5.6.12.Final
2024-08-27 00:00:36.016 [,] [main] INFO  o.h.a.common.Version - [<clinit>,56] - HCANN000001: Hibernate Commons Annotations {5.1.2.Final}
2024-08-27 00:00:36.180 [,] [main] INFO  c.z.h.HikariDataSource - [getConnection,110] - HikariPool-1 - Starting...
2024-08-27 00:00:36.515 [,] [main] INFO  c.z.h.HikariDataSource - [getConnection,123] - HikariPool-1 - Start completed.
2024-08-27 00:00:36.535 [,] [main] INFO  o.h.dialect.Dialect - [<init>,175] - HHH000400: Using dialect: org.hibernate.dialect.MySQL8Dialect
2024-08-27 00:00:37.548 [,] [main] INFO  o.h.e.t.j.p.i.JtaPlatformInitiator - [initiateService,52] - HHH000490: Using JtaPlatform implementation: [org.hibernate.engine.transaction.jta.platform.internal.NoJtaPlatform]
2024-08-27 00:00:41.635 [,] [main] INFO  User_Operation - [User_Operationlog,20] - After User_Operation method: initFFmpeg
2024-08-27 00:00:42.585 [,] [main] INFO  o.a.c.h.Http11NioProtocol - [log,173] - Starting ProtocolHandler ["http-nio-8089"]
2024-08-27 00:00:42.693 [,] [main] INFO  c.s.a.AIOCompanyApplication - [logStarted,61] - Started AIOCompanyApplication in 13.44 seconds (JVM running for 15.495)
2024-08-27 00:00:42.693 [,] [main] INFO  User_Operation - [User_Operationlog,20] - After User_Operation method: onApplicationEvent
2024-08-27 00:00:50.027 [,] [scheduling-1] INFO  User_Operation - [User_Operationlog,20] - After User_Operation method: monitorFfmpegProcess
2024-08-27 00:02:30.017 [,] [scheduling-1] INFO  User_Operation - [User_Operationlog,20] - After User_Operation method: monitorFfmpegProcess
2024-08-27 00:04:20.015 [,] [scheduling-1] INFO  User_Operation - [User_Operationlog,20] - After User_Operation method: monitorFfmpegProcess
2024-08-27 00:05:00.011 [,] [scheduling-1] INFO  User_Operation - [User_Operationlog,20] - After User_Operation method: monitorFfmpegProcess
2024-08-27 00:06:30.014 [,] [scheduling-1] INFO  User_Operation - [User_Operationlog,20] - After User_Operation method: monitorFfmpegProcess
2024-08-27 00:07:50.012 [,] [scheduling-1] INFO  User_Operation - [User_Operationlog,20] - After User_Operation method: monitorFfmpegProcess
2024-08-27 00:08:23.780 [,] [SpringApplicationShutdownHook] INFO  c.z.h.HikariDataSource - [close,350] - HikariPool-1 - Shutdown initiated...
2024-08-27 00:08:23.859 [,] [SpringApplicationShutdownHook] INFO  c.z.h.HikariDataSource - [close,352] - HikariPool-1 - Shutdown completed.
2024-08-27 00:09:15.820 [,] [main] INFO  c.s.a.AIOCompanyApplication - [logStarting,55] - Starting AIOCompanyApplication using Java 1.8.0_411 on DESKTOP-0QJEBFD with PID 22508 (E:\AIO_2024.08.16\AIO - 副本 - 测试\AIO-company\target\classes started by neko in E:\AIO_2024.08.16\AIO - 副本 - 测试\AIO-company)
2024-08-27 00:09:15.838 [,] [main] INFO  c.s.a.AIOCompanyApplication - [logStartupProfileInfo,634] - No active profile set, falling back to 1 default profile: "default"
2024-08-27 00:09:18.738 [,] [main] INFO  o.a.c.h.Http11NioProtocol - [log,173] - Initializing ProtocolHandler ["http-nio-8089"]
2024-08-27 00:09:18.739 [,] [main] INFO  o.a.c.c.StandardService - [log,173] - Starting service [Tomcat]
2024-08-27 00:09:18.739 [,] [main] INFO  o.a.c.c.StandardEngine - [log,173] - Starting Servlet engine: [Apache Tomcat/9.0.68]
2024-08-27 00:09:18.866 [,] [main] INFO  o.a.c.c.C.[.[.[/] - [log,173] - Initializing Spring embedded WebApplicationContext
2024-08-27 00:09:19.065 [,] [main] INFO  o.h.j.i.u.LogHelper - [logPersistenceUnitInformation,31] - HHH000204: Processing PersistenceUnitInfo [name: default]
2024-08-27 00:09:19.110 [,] [main] INFO  o.hibernate.Version - [logVersion,44] - HHH000412: Hibernate ORM core version 5.6.12.Final
2024-08-27 00:09:19.230 [,] [main] INFO  o.h.a.common.Version - [<clinit>,56] - HCANN000001: Hibernate Commons Annotations {5.1.2.Final}
2024-08-27 00:09:19.316 [,] [main] INFO  c.z.h.HikariDataSource - [getConnection,110] - HikariPool-1 - Starting...
2024-08-27 00:09:19.513 [,] [main] INFO  c.z.h.HikariDataSource - [getConnection,123] - HikariPool-1 - Start completed.
2024-08-27 00:09:19.529 [,] [main] INFO  o.h.dialect.Dialect - [<init>,175] - HHH000400: Using dialect: org.hibernate.dialect.MySQL8Dialect
2024-08-27 00:09:20.080 [,] [main] INFO  o.h.e.t.j.p.i.JtaPlatformInitiator - [initiateService,52] - HHH000490: Using JtaPlatform implementation: [org.hibernate.engine.transaction.jta.platform.internal.NoJtaPlatform]
2024-08-27 00:09:22.282 [,] [main] INFO  User_Operation - [User_Operationlog,20] - After User_Operation method: initFFmpeg
2024-08-27 00:09:22.872 [,] [main] INFO  o.a.c.h.Http11NioProtocol - [log,173] - Starting ProtocolHandler ["http-nio-8089"]
2024-08-27 00:09:22.936 [,] [main] INFO  c.s.a.AIOCompanyApplication - [logStarted,61] - Started AIOCompanyApplication in 7.658 seconds (JVM running for 9.245)
2024-08-27 00:09:22.937 [,] [main] INFO  User_Operation - [User_Operationlog,20] - After User_Operation method: onApplicationEvent
2024-08-27 00:09:30.014 [,] [scheduling-1] INFO  User_Operation - [User_Operationlog,20] - After User_Operation method: monitorFfmpegProcess
2024-08-27 00:10:30.003 [,] [scheduling-1] INFO  User_Operation - [User_Operationlog,20] - After User_Operation method: monitorFfmpegProcess
2024-08-27 00:12:20.008 [,] [scheduling-1] INFO  User_Operation - [User_Operationlog,20] - After User_Operation method: monitorFfmpegProcess
2024-08-27 00:13:50.016 [,] [scheduling-1] INFO  User_Operation - [User_Operationlog,20] - After User_Operation method: monitorFfmpegProcess
2024-08-27 00:14:40.012 [,] [scheduling-1] INFO  User_Operation - [User_Operationlog,20] - After User_Operation method: monitorFfmpegProcess
2024-08-27 00:15:30.012 [,] [scheduling-1] INFO  User_Operation - [User_Operationlog,20] - After User_Operation method: monitorFfmpegProcess
2024-08-27 00:16:20.015 [,] [scheduling-1] INFO  User_Operation - [User_Operationlog,20] - After User_Operation method: monitorFfmpegProcess
2024-08-27 00:16:31.357 [,] [SpringApplicationShutdownHook] INFO  c.z.h.HikariDataSource - [close,350] - HikariPool-1 - Shutdown initiated...
2024-08-27 00:16:31.422 [,] [SpringApplicationShutdownHook] INFO  c.z.h.HikariDataSource - [close,352] - HikariPool-1 - Shutdown completed.
2024-08-27 00:17:24.119 [,] [main] INFO  c.s.a.AIOCompanyApplication - [logStarting,55] - Starting AIOCompanyApplication using Java 1.8.0_411 on DESKTOP-0QJEBFD with PID 23132 (E:\AIO_2024.08.16\AIO - 副本 - 测试\AIO-company\target\classes started by neko in E:\AIO_2024.08.16\AIO - 副本 - 测试\AIO-company)
2024-08-27 00:17:24.134 [,] [main] INFO  c.s.a.AIOCompanyApplication - [logStartupProfileInfo,634] - No active profile set, falling back to 1 default profile: "default"
2024-08-27 00:17:27.021 [,] [main] INFO  o.a.c.h.Http11NioProtocol - [log,173] - Initializing ProtocolHandler ["http-nio-8089"]
2024-08-27 00:17:27.022 [,] [main] INFO  o.a.c.c.StandardService - [log,173] - Starting service [Tomcat]
2024-08-27 00:17:27.022 [,] [main] INFO  o.a.c.c.StandardEngine - [log,173] - Starting Servlet engine: [Apache Tomcat/9.0.68]
2024-08-27 00:17:27.209 [,] [main] INFO  o.a.c.c.C.[.[.[/] - [log,173] - Initializing Spring embedded WebApplicationContext
2024-08-27 00:17:27.512 [,] [main] INFO  o.h.j.i.u.LogHelper - [logPersistenceUnitInformation,31] - HHH000204: Processing PersistenceUnitInfo [name: default]
2024-08-27 00:17:27.579 [,] [main] INFO  o.hibernate.Version - [logVersion,44] - HHH000412: Hibernate ORM core version 5.6.12.Final
2024-08-27 00:17:27.764 [,] [main] INFO  o.h.a.common.Version - [<clinit>,56] - HCANN000001: Hibernate Commons Annotations {5.1.2.Final}
2024-08-27 00:17:27.888 [,] [main] INFO  c.z.h.HikariDataSource - [getConnection,110] - HikariPool-1 - Starting...
2024-08-27 00:17:28.080 [,] [main] INFO  c.z.h.HikariDataSource - [getConnection,123] - HikariPool-1 - Start completed.
2024-08-27 00:17:28.096 [,] [main] INFO  o.h.dialect.Dialect - [<init>,175] - HHH000400: Using dialect: org.hibernate.dialect.MySQL8Dialect
2024-08-27 00:17:28.807 [,] [main] INFO  o.h.e.t.j.p.i.JtaPlatformInitiator - [initiateService,52] - HHH000490: Using JtaPlatform implementation: [org.hibernate.engine.transaction.jta.platform.internal.NoJtaPlatform]
2024-08-27 00:17:31.861 [,] [main] INFO  User_Operation - [User_Operationlog,20] - After User_Operation method: initFFmpeg
2024-08-27 00:17:32.848 [,] [main] INFO  o.a.c.h.Http11NioProtocol - [log,173] - Starting ProtocolHandler ["http-nio-8089"]
2024-08-27 00:17:32.943 [,] [main] INFO  c.s.a.AIOCompanyApplication - [logStarted,61] - Started AIOCompanyApplication in 9.339 seconds (JVM running for 10.803)
2024-08-27 00:17:32.944 [,] [main] INFO  User_Operation - [User_Operationlog,20] - After User_Operation method: onApplicationEvent
2024-08-27 00:17:40.014 [,] [scheduling-1] INFO  User_Operation - [User_Operationlog,20] - After User_Operation method: monitorFfmpegProcess
2024-08-27 00:18:40.013 [,] [scheduling-1] INFO  User_Operation - [User_Operationlog,20] - After User_Operation method: monitorFfmpegProcess
2024-08-27 00:20:30.013 [,] [scheduling-1] INFO  User_Operation - [User_Operationlog,20] - After User_Operation method: monitorFfmpegProcess
2024-08-27 00:21:20.016 [,] [scheduling-1] INFO  User_Operation - [User_Operationlog,20] - After User_Operation method: monitorFfmpegProcess
2024-08-27 00:22:40.011 [,] [scheduling-1] INFO  User_Operation - [User_Operationlog,20] - After User_Operation method: monitorFfmpegProcess
2024-08-27 00:24:10.021 [,] [scheduling-1] INFO  User_Operation - [User_Operationlog,20] - After User_Operation method: monitorFfmpegProcess
2024-08-27 00:26:20.019 [,] [scheduling-1] INFO  User_Operation - [User_Operationlog,20] - After User_Operation method: monitorFfmpegProcess
2024-08-27 00:28:20.021 [,] [scheduling-1] INFO  User_Operation - [User_Operationlog,20] - After User_Operation method: monitorFfmpegProcess
2024-08-27 00:29:30.042 [,] [scheduling-1] INFO  User_Operation - [User_Operationlog,20] - After User_Operation method: monitorFfmpegProcess
2024-08-27 00:46:06.745 [,] [main] INFO  c.s.a.AIOCompanyApplication - [logStarting,55] - Starting AIOCompanyApplication using Java 1.8.0_411 on DESKTOP-0QJEBFD with PID 7124 (E:\AIO_2024.08.16\AIO - 副本 - 测试\AIO-company\target\classes started by neko in E:\AIO_2024.08.16\AIO - 副本 - 测试\AIO-company)
2024-08-27 00:46:06.756 [,] [main] INFO  c.s.a.AIOCompanyApplication - [logStartupProfileInfo,634] - No active profile set, falling back to 1 default profile: "default"
2024-08-27 00:46:08.853 [,] [main] INFO  o.a.c.h.Http11NioProtocol - [log,173] - Initializing ProtocolHandler ["http-nio-8089"]
2024-08-27 00:46:08.854 [,] [main] INFO  o.a.c.c.StandardService - [log,173] - Starting service [Tomcat]
2024-08-27 00:46:08.854 [,] [main] INFO  o.a.c.c.StandardEngine - [log,173] - Starting Servlet engine: [Apache Tomcat/9.0.68]
2024-08-27 00:46:08.979 [,] [main] INFO  o.a.c.c.C.[.[.[/] - [log,173] - Initializing Spring embedded WebApplicationContext
2024-08-27 00:46:09.176 [,] [main] INFO  o.h.j.i.u.LogHelper - [logPersistenceUnitInformation,31] - HHH000204: Processing PersistenceUnitInfo [name: default]
2024-08-27 00:46:09.221 [,] [main] INFO  o.hibernate.Version - [logVersion,44] - HHH000412: Hibernate ORM core version 5.6.12.Final
2024-08-27 00:46:09.355 [,] [main] INFO  o.h.a.common.Version - [<clinit>,56] - HCANN000001: Hibernate Commons Annotations {5.1.2.Final}
2024-08-27 00:46:09.452 [,] [main] INFO  c.z.h.HikariDataSource - [getConnection,110] - HikariPool-1 - Starting...
2024-08-27 00:46:09.589 [,] [main] INFO  c.z.h.HikariDataSource - [getConnection,123] - HikariPool-1 - Start completed.
2024-08-27 00:46:09.601 [,] [main] INFO  o.h.dialect.Dialect - [<init>,175] - HHH000400: Using dialect: org.hibernate.dialect.MySQL8Dialect
2024-08-27 00:46:10.149 [,] [main] INFO  o.h.e.t.j.p.i.JtaPlatformInitiator - [initiateService,52] - HHH000490: Using JtaPlatform implementation: [org.hibernate.engine.transaction.jta.platform.internal.NoJtaPlatform]
2024-08-27 00:46:12.248 [,] [main] INFO  User_Operation - [User_Operationlog,20] - After User_Operation method: initFFmpeg
2024-08-27 00:46:12.875 [,] [main] INFO  o.a.c.h.Http11NioProtocol - [log,173] - Starting ProtocolHandler ["http-nio-8089"]
2024-08-27 00:46:12.940 [,] [main] INFO  c.s.a.AIOCompanyApplication - [logStarted,61] - Started AIOCompanyApplication in 6.528 seconds (JVM running for 7.811)
2024-08-27 00:46:12.940 [,] [main] INFO  User_Operation - [User_Operationlog,20] - After User_Operation method: onApplicationEvent
2024-08-27 00:46:20.004 [,] [scheduling-1] INFO  User_Operation - [User_Operationlog,20] - After User_Operation method: monitorFfmpegProcess
2024-08-27 00:46:59.133 [,] [http-nio-8089-exec-1] INFO  o.a.c.c.C.[.[.[/] - [log,173] - Initializing Spring DispatcherServlet 'dispatcherServlet'
2024-08-27 00:46:59.208 [,] [http-nio-8089-exec-1] INFO  User_Operation - [User_Operationlog,20] - After User_Operation method: AIO
2024-08-27 00:46:59.387 [,] [http-nio-8089-exec-1] INFO  User_Operation - [User_Operationlog,20] - After User_Operation method: getFfmpegEnabled
2024-08-27 00:46:59.387 [,] [http-nio-8089-exec-1] INFO  User_Operation - [User_Operationlog,20] - After User_Operation method: indexWeb
2024-08-27 00:46:59.390 [,] [http-nio-8089-exec-1] INFO  User_Operation - [User_Operationlog,20] - After User_Operation method: getInformation
2024-08-27 00:48:10.014 [,] [scheduling-1] INFO  User_Operation - [User_Operationlog,20] - After User_Operation method: monitorFfmpegProcess
2024-08-27 00:48:14.453 [,] [SpringApplicationShutdownHook] INFO  c.z.h.HikariDataSource - [close,350] - HikariPool-1 - Shutdown initiated...
2024-08-27 00:48:14.477 [,] [SpringApplicationShutdownHook] INFO  c.z.h.HikariDataSource - [close,352] - HikariPool-1 - Shutdown completed.
2024-08-27 00:48:29.638 [,] [main] INFO  c.s.a.AIOCompanyApplication - [logStarting,55] - Starting AIOCompanyApplication using Java 1.8.0_411 on DESKTOP-0QJEBFD with PID 25316 (E:\AIO_2024.08.16\AIO - 副本 - 测试\AIO-company\target\classes started by neko in E:\AIO_2024.08.16\AIO - 副本 - 测试\AIO-company)
2024-08-27 00:48:29.642 [,] [main] INFO  c.s.a.AIOCompanyApplication - [logStartupProfileInfo,634] - No active profile set, falling back to 1 default profile: "default"
2024-08-27 00:48:32.927 [,] [main] INFO  o.a.c.h.Http11NioProtocol - [log,173] - Initializing ProtocolHandler ["http-nio-8089"]
2024-08-27 00:48:32.928 [,] [main] INFO  o.a.c.c.StandardService - [log,173] - Starting service [Tomcat]
2024-08-27 00:48:32.929 [,] [main] INFO  o.a.c.c.StandardEngine - [log,173] - Starting Servlet engine: [Apache Tomcat/9.0.68]
2024-08-27 00:48:33.125 [,] [main] INFO  o.a.c.c.C.[.[.[/] - [log,173] - Initializing Spring embedded WebApplicationContext
2024-08-27 00:48:33.460 [,] [main] INFO  o.h.j.i.u.LogHelper - [logPersistenceUnitInformation,31] - HHH000204: Processing PersistenceUnitInfo [name: default]
2024-08-27 00:48:33.527 [,] [main] INFO  o.hibernate.Version - [logVersion,44] - HHH000412: Hibernate ORM core version 5.6.12.Final
2024-08-27 00:48:33.773 [,] [main] INFO  o.h.a.common.Version - [<clinit>,56] - HCANN000001: Hibernate Commons Annotations {5.1.2.Final}
2024-08-27 00:48:33.891 [,] [main] INFO  c.z.h.HikariDataSource - [getConnection,110] - HikariPool-1 - Starting...
2024-08-27 00:48:34.130 [,] [main] INFO  c.z.h.HikariDataSource - [getConnection,123] - HikariPool-1 - Start completed.
2024-08-27 00:48:34.147 [,] [main] INFO  o.h.dialect.Dialect - [<init>,175] - HHH000400: Using dialect: org.hibernate.dialect.MySQL8Dialect
2024-08-27 00:48:34.947 [,] [main] INFO  o.h.e.t.j.p.i.JtaPlatformInitiator - [initiateService,52] - HHH000490: Using JtaPlatform implementation: [org.hibernate.engine.transaction.jta.platform.internal.NoJtaPlatform]
2024-08-27 00:48:38.176 [,] [main] INFO  User_Operation - [User_Operationlog,20] - After User_Operation method: initFFmpeg
2024-08-27 00:48:39.168 [,] [main] INFO  o.a.c.h.Http11NioProtocol - [log,173] - Starting ProtocolHandler ["http-nio-8089"]
2024-08-27 00:48:39.292 [,] [main] INFO  c.s.a.AIOCompanyApplication - [logStarted,61] - Started AIOCompanyApplication in 10.186 seconds (JVM running for 11.791)
2024-08-27 00:48:39.293 [,] [main] INFO  User_Operation - [User_Operationlog,20] - After User_Operation method: onApplicationEvent
2024-08-27 00:48:40.001 [,] [scheduling-1] INFO  User_Operation - [User_Operationlog,20] - After User_Operation method: monitorFfmpegProcess
2024-08-27 00:48:50.007 [,] [scheduling-1] INFO  User_Operation - [User_Operationlog,20] - After User_Operation method: monitorFfmpegProcess
2024-08-27 00:50:45.971 [,] [SpringApplicationShutdownHook] INFO  c.z.h.HikariDataSource - [close,350] - HikariPool-1 - Shutdown initiated...
2024-08-27 00:50:45.983 [,] [SpringApplicationShutdownHook] INFO  c.z.h.HikariDataSource - [close,352] - HikariPool-1 - Shutdown completed.
2024-08-27 00:50:54.866 [,] [main] INFO  c.s.a.AIOCompanyApplication - [logStarting,55] - Starting AIOCompanyApplication using Java 1.8.0_411 on DESKTOP-0QJEBFD with PID 23724 (E:\AIO_2024.08.16\AIO - 副本 - 测试\AIO-company\target\classes started by neko in E:\AIO_2024.08.16\AIO - 副本 - 测试\AIO-company)
2024-08-27 00:50:54.881 [,] [main] INFO  c.s.a.AIOCompanyApplication - [logStartupProfileInfo,634] - No active profile set, falling back to 1 default profile: "default"
2024-08-27 00:50:56.667 [,] [main] INFO  o.a.c.h.Http11NioProtocol - [log,173] - Initializing ProtocolHandler ["http-nio-8089"]
2024-08-27 00:50:56.667 [,] [main] INFO  o.a.c.c.StandardService - [log,173] - Starting service [Tomcat]
2024-08-27 00:50:56.668 [,] [main] INFO  o.a.c.c.StandardEngine - [log,173] - Starting Servlet engine: [Apache Tomcat/9.0.68]
2024-08-27 00:50:56.795 [,] [main] INFO  o.a.c.c.C.[.[.[/] - [log,173] - Initializing Spring embedded WebApplicationContext
2024-08-27 00:50:56.994 [,] [main] INFO  o.h.j.i.u.LogHelper - [logPersistenceUnitInformation,31] - HHH000204: Processing PersistenceUnitInfo [name: default]
2024-08-27 00:50:57.039 [,] [main] INFO  o.hibernate.Version - [logVersion,44] - HHH000412: Hibernate ORM core version 5.6.12.Final
2024-08-27 00:50:57.164 [,] [main] INFO  o.h.a.common.Version - [<clinit>,56] - HCANN000001: Hibernate Commons Annotations {5.1.2.Final}
2024-08-27 00:50:57.251 [,] [main] INFO  c.z.h.HikariDataSource - [getConnection,110] - HikariPool-1 - Starting...
2024-08-27 00:50:57.360 [,] [main] INFO  c.z.h.HikariDataSource - [getConnection,123] - HikariPool-1 - Start completed.
2024-08-27 00:50:57.372 [,] [main] INFO  o.h.dialect.Dialect - [<init>,175] - HHH000400: Using dialect: org.hibernate.dialect.MySQL8Dialect
2024-08-27 00:50:57.898 [,] [main] INFO  o.h.e.t.j.p.i.JtaPlatformInitiator - [initiateService,52] - HHH000490: Using JtaPlatform implementation: [org.hibernate.engine.transaction.jta.platform.internal.NoJtaPlatform]
2024-08-27 00:50:59.990 [,] [main] INFO  User_Operation - [User_Operationlog,20] - After User_Operation method: initFFmpeg
2024-08-27 00:51:00.636 [,] [main] INFO  o.a.c.h.Http11NioProtocol - [log,173] - Starting ProtocolHandler ["http-nio-8089"]
2024-08-27 00:51:00.699 [,] [main] INFO  c.s.a.AIOCompanyApplication - [logStarted,61] - Started AIOCompanyApplication in 6.177 seconds (JVM running for 7.329)
2024-08-27 00:51:00.700 [,] [main] INFO  User_Operation - [User_Operationlog,20] - After User_Operation method: onApplicationEvent
2024-08-27 00:51:10.001 [,] [scheduling-1] INFO  User_Operation - [User_Operationlog,20] - After User_Operation method: monitorFfmpegProcess
2024-08-27 00:51:20.016 [,] [scheduling-1] INFO  User_Operation - [User_Operationlog,20] - After User_Operation method: monitorFfmpegProcess
2024-08-27 00:59:30.816 [,] [main] INFO  c.s.a.AIOCompanyApplication - [logStarting,55] - Starting AIOCompanyApplication using Java 1.8.0_411 on DESKTOP-0QJEBFD with PID 19772 (E:\AIO_2024.08.16\AIO - 副本 - 测试\AIO-company\target\classes started by neko in E:\AIO_2024.08.16\AIO - 副本 - 测试\AIO-company)
2024-08-27 00:59:30.840 [,] [main] INFO  c.s.a.AIOCompanyApplication - [logStartupProfileInfo,634] - No active profile set, falling back to 1 default profile: "default"
2024-08-27 00:59:32.555 [,] [main] INFO  o.a.c.h.Http11NioProtocol - [log,173] - Initializing ProtocolHandler ["http-nio-8089"]
2024-08-27 00:59:32.556 [,] [main] INFO  o.a.c.c.StandardService - [log,173] - Starting service [Tomcat]
2024-08-27 00:59:32.556 [,] [main] INFO  o.a.c.c.StandardEngine - [log,173] - Starting Servlet engine: [Apache Tomcat/9.0.68]
2024-08-27 00:59:32.682 [,] [main] INFO  o.a.c.c.C.[.[.[/] - [log,173] - Initializing Spring embedded WebApplicationContext
2024-08-27 00:59:32.910 [,] [main] INFO  o.h.j.i.u.LogHelper - [logPersistenceUnitInformation,31] - HHH000204: Processing PersistenceUnitInfo [name: default]
2024-08-27 00:59:32.947 [,] [main] INFO  o.hibernate.Version - [logVersion,44] - HHH000412: Hibernate ORM core version 5.6.12.Final
2024-08-27 00:59:33.054 [,] [main] INFO  o.h.a.common.Version - [<clinit>,56] - HCANN000001: Hibernate Commons Annotations {5.1.2.Final}
2024-08-27 00:59:33.142 [,] [main] INFO  c.z.h.HikariDataSource - [getConnection,110] - HikariPool-1 - Starting...
2024-08-27 00:59:33.319 [,] [main] INFO  c.z.h.HikariDataSource - [getConnection,123] - HikariPool-1 - Start completed.
2024-08-27 00:59:33.331 [,] [main] INFO  o.h.dialect.Dialect - [<init>,175] - HHH000400: Using dialect: org.hibernate.dialect.MySQL8Dialect
2024-08-27 00:59:33.863 [,] [main] INFO  o.h.e.t.j.p.i.JtaPlatformInitiator - [initiateService,52] - HHH000490: Using JtaPlatform implementation: [org.hibernate.engine.transaction.jta.platform.internal.NoJtaPlatform]
2024-08-27 00:59:35.951 [,] [main] INFO  User_Operation - [User_Operationlog,20] - After User_Operation method: initFFmpeg
2024-08-27 00:59:36.550 [,] [main] INFO  o.a.c.h.Http11NioProtocol - [log,173] - Starting ProtocolHandler ["http-nio-8089"]
2024-08-27 00:59:36.615 [,] [main] INFO  c.s.a.AIOCompanyApplication - [logStarted,61] - Started AIOCompanyApplication in 6.124 seconds (JVM running for 7.238)
2024-08-27 00:59:36.615 [,] [main] INFO  User_Operation - [User_Operationlog,20] - After User_Operation method: onApplicationEvent
2024-08-27 00:59:40.005 [,] [scheduling-1] INFO  User_Operation - [User_Operationlog,20] - After User_Operation method: monitorFfmpegProcess
2024-08-27 00:59:50.002 [,] [scheduling-1] INFO  User_Operation - [User_Operationlog,20] - After User_Operation method: monitorFfmpegProcess
2024-08-27 01:04:10.003 [,] [scheduling-1] INFO  User_Operation - [User_Operationlog,20] - After User_Operation method: monitorFfmpegProcess
2024-08-27 01:05:50.003 [,] [scheduling-1] INFO  User_Operation - [User_Operationlog,20] - After User_Operation method: monitorFfmpegProcess
2024-08-27 01:07:20.015 [,] [scheduling-1] INFO  User_Operation - [User_Operationlog,20] - After User_Operation method: monitorFfmpegProcess
2024-08-27 01:08:40.011 [,] [scheduling-1] INFO  User_Operation - [User_Operationlog,20] - After User_Operation method: monitorFfmpegProcess
2024-08-27 01:09:40.021 [,] [scheduling-1] INFO  User_Operation - [User_Operationlog,20] - After User_Operation method: monitorFfmpegProcess
2024-08-27 01:11:00.022 [,] [scheduling-1] INFO  User_Operation - [User_Operationlog,20] - After User_Operation method: monitorFfmpegProcess
2024-08-27 01:12:00.025 [,] [scheduling-1] INFO  User_Operation - [User_Operationlog,20] - After User_Operation method: monitorFfmpegProcess
2024-08-27 01:13:20.019 [,] [scheduling-1] INFO  User_Operation - [User_Operationlog,20] - After User_Operation method: monitorFfmpegProcess
2024-08-27 01:15:30.026 [,] [scheduling-1] INFO  User_Operation - [User_Operationlog,20] - After User_Operation method: monitorFfmpegProcess
2024-08-27 01:16:40.018 [,] [scheduling-1] INFO  User_Operation - [User_Operationlog,20] - After User_Operation method: monitorFfmpegProcess
2024-08-27 01:17:47.324 [,] [SpringApplicationShutdownHook] INFO  c.z.h.HikariDataSource - [close,350] - HikariPool-1 - Shutdown initiated...
2024-08-27 01:17:47.433 [,] [SpringApplicationShutdownHook] INFO  c.z.h.HikariDataSource - [close,352] - HikariPool-1 - Shutdown completed.
2024-08-27 01:33:14.120 [,] [main] INFO  c.s.a.AIOCompanyApplication - [logStarting,55] - Starting AIOCompanyApplication using Java 1.8.0_411 on DESKTOP-0QJEBFD with PID 13212 (E:\AIO_2024.08.16\AIO - 副本 - 测试\AIO-company\target\classes started by neko in E:\AIO_2024.08.16\AIO - 副本 - 测试\AIO-company)
2024-08-27 01:33:14.131 [,] [main] INFO  c.s.a.AIOCompanyApplication - [logStartupProfileInfo,634] - No active profile set, falling back to 1 default profile: "default"
2024-08-27 01:33:16.249 [,] [main] INFO  o.a.c.h.Http11NioProtocol - [log,173] - Initializing ProtocolHandler ["http-nio-8089"]
2024-08-27 01:33:16.250 [,] [main] INFO  o.a.c.c.StandardService - [log,173] - Starting service [Tomcat]
2024-08-27 01:33:16.250 [,] [main] INFO  o.a.c.c.StandardEngine - [log,173] - Starting Servlet engine: [Apache Tomcat/9.0.68]
2024-08-27 01:33:16.374 [,] [main] INFO  o.a.c.c.C.[.[.[/] - [log,173] - Initializing Spring embedded WebApplicationContext
2024-08-27 01:33:16.581 [,] [main] INFO  o.h.j.i.u.LogHelper - [logPersistenceUnitInformation,31] - HHH000204: Processing PersistenceUnitInfo [name: default]
2024-08-27 01:33:16.625 [,] [main] INFO  o.hibernate.Version - [logVersion,44] - HHH000412: Hibernate ORM core version 5.6.12.Final
2024-08-27 01:33:16.750 [,] [main] INFO  o.h.a.common.Version - [<clinit>,56] - HCANN000001: Hibernate Commons Annotations {5.1.2.Final}
2024-08-27 01:33:16.840 [,] [main] INFO  c.z.h.HikariDataSource - [getConnection,110] - HikariPool-1 - Starting...
2024-08-27 01:33:17.006 [,] [main] INFO  c.z.h.HikariDataSource - [getConnection,123] - HikariPool-1 - Start completed.
2024-08-27 01:33:17.017 [,] [main] INFO  o.h.dialect.Dialect - [<init>,175] - HHH000400: Using dialect: org.hibernate.dialect.MySQL8Dialect
2024-08-27 01:33:17.538 [,] [main] INFO  o.h.e.t.j.p.i.JtaPlatformInitiator - [initiateService,52] - HHH000490: Using JtaPlatform implementation: [org.hibernate.engine.transaction.jta.platform.internal.NoJtaPlatform]
2024-08-27 01:33:19.837 [,] [main] INFO  User_Operation - [User_Operationlog,20] - After User_Operation method: initFFmpeg
2024-08-27 01:33:20.474 [,] [main] INFO  o.a.c.h.Http11NioProtocol - [log,173] - Starting ProtocolHandler ["http-nio-8089"]
2024-08-27 01:33:20.572 [,] [main] INFO  c.s.a.AIOCompanyApplication - [logStarted,61] - Started AIOCompanyApplication in 6.82 seconds (JVM running for 8.153)
2024-08-27 01:33:20.573 [,] [main] INFO  User_Operation - [User_Operationlog,20] - After User_Operation method: onApplicationEvent
2024-08-27 01:33:30.004 [,] [scheduling-1] INFO  User_Operation - [User_Operationlog,20] - After User_Operation method: monitorFfmpegProcess
2024-08-27 01:34:29.179 [,] [SpringApplicationShutdownHook] INFO  c.z.h.HikariDataSource - [close,350] - HikariPool-1 - Shutdown initiated...
2024-08-27 01:34:29.186 [,] [SpringApplicationShutdownHook] INFO  c.z.h.HikariDataSource - [close,352] - HikariPool-1 - Shutdown completed.
2024-08-27 01:34:41.997 [,] [main] INFO  c.s.a.AIOCompanyApplication - [logStarting,55] - Starting AIOCompanyApplication using Java 1.8.0_411 on DESKTOP-0QJEBFD with PID 8492 (E:\AIO_2024.08.16\AIO - 副本 - 测试\AIO-company\target\classes started by neko in E:\AIO_2024.08.16\AIO - 副本 - 测试\AIO-company)
2024-08-27 01:34:42.009 [,] [main] INFO  c.s.a.AIOCompanyApplication - [logStartupProfileInfo,634] - No active profile set, falling back to 1 default profile: "default"
2024-08-27 01:34:44.413 [,] [main] INFO  o.a.c.h.Http11NioProtocol - [log,173] - Initializing ProtocolHandler ["http-nio-8089"]
2024-08-27 01:34:44.414 [,] [main] INFO  o.a.c.c.StandardService - [log,173] - Starting service [Tomcat]
2024-08-27 01:34:44.414 [,] [main] INFO  o.a.c.c.StandardEngine - [log,173] - Starting Servlet engine: [Apache Tomcat/9.0.68]
2024-08-27 01:34:44.588 [,] [main] INFO  o.a.c.c.C.[.[.[/] - [log,173] - Initializing Spring embedded WebApplicationContext
2024-08-27 01:34:44.913 [,] [main] INFO  o.h.j.i.u.LogHelper - [logPersistenceUnitInformation,31] - HHH000204: Processing PersistenceUnitInfo [name: default]
2024-08-27 01:34:44.964 [,] [main] INFO  o.hibernate.Version - [logVersion,44] - HHH000412: Hibernate ORM core version 5.6.12.Final
2024-08-27 01:34:45.116 [,] [main] INFO  o.h.a.common.Version - [<clinit>,56] - HCANN000001: Hibernate Commons Annotations {5.1.2.Final}
2024-08-27 01:34:45.240 [,] [main] INFO  c.z.h.HikariDataSource - [getConnection,110] - HikariPool-1 - Starting...
2024-08-27 01:34:45.402 [,] [main] INFO  c.z.h.HikariDataSource - [getConnection,123] - HikariPool-1 - Start completed.
2024-08-27 01:34:45.414 [,] [main] INFO  o.h.dialect.Dialect - [<init>,175] - HHH000400: Using dialect: org.hibernate.dialect.MySQL8Dialect
2024-08-27 01:34:46.043 [,] [main] INFO  o.h.e.t.j.p.i.JtaPlatformInitiator - [initiateService,52] - HHH000490: Using JtaPlatform implementation: [org.hibernate.engine.transaction.jta.platform.internal.NoJtaPlatform]
2024-08-27 01:34:49.124 [,] [main] INFO  User_Operation - [User_Operationlog,20] - After User_Operation method: initFFmpeg
2024-08-27 01:34:50.139 [,] [main] INFO  o.a.c.h.Http11NioProtocol - [log,173] - Starting ProtocolHandler ["http-nio-8089"]
2024-08-27 01:34:50.273 [,] [main] INFO  c.s.a.AIOCompanyApplication - [logStarted,61] - Started AIOCompanyApplication in 8.81 seconds (JVM running for 10.271)
2024-08-27 01:34:50.274 [,] [main] INFO  User_Operation - [User_Operationlog,20] - After User_Operation method: onApplicationEvent
2024-08-27 01:35:00.007 [,] [scheduling-1] INFO  User_Operation - [User_Operationlog,20] - After User_Operation method: monitorFfmpegProcess
2024-08-27 01:37:00.037 [,] [scheduling-1] INFO  User_Operation - [User_Operationlog,20] - After User_Operation method: monitorFfmpegProcess
2024-08-27 01:37:26.859 [,] [SpringApplicationShutdownHook] INFO  c.z.h.HikariDataSource - [close,350] - HikariPool-1 - Shutdown initiated...
2024-08-27 01:37:26.898 [,] [SpringApplicationShutdownHook] INFO  c.z.h.HikariDataSource - [close,352] - HikariPool-1 - Shutdown completed.
2024-08-27 01:38:03.630 [,] [main] INFO  c.s.a.AIOCompanyApplication - [logStarting,55] - Starting AIOCompanyApplication using Java 1.8.0_411 on DESKTOP-0QJEBFD with PID 10352 (E:\AIO_2024.08.16\AIO - 副本 - 测试\AIO-company\target\classes started by neko in E:\AIO_2024.08.16\AIO - 副本 - 测试\AIO-company)
2024-08-27 01:38:03.642 [,] [main] INFO  c.s.a.AIOCompanyApplication - [logStartupProfileInfo,634] - No active profile set, falling back to 1 default profile: "default"
2024-08-27 01:38:05.391 [,] [main] INFO  o.a.c.h.Http11NioProtocol - [log,173] - Initializing ProtocolHandler ["http-nio-8089"]
2024-08-27 01:38:05.392 [,] [main] INFO  o.a.c.c.StandardService - [log,173] - Starting service [Tomcat]
2024-08-27 01:38:05.392 [,] [main] INFO  o.a.c.c.StandardEngine - [log,173] - Starting Servlet engine: [Apache Tomcat/9.0.68]
2024-08-27 01:38:05.515 [,] [main] INFO  o.a.c.c.C.[.[.[/] - [log,173] - Initializing Spring embedded WebApplicationContext
2024-08-27 01:38:05.710 [,] [main] INFO  o.h.j.i.u.LogHelper - [logPersistenceUnitInformation,31] - HHH000204: Processing PersistenceUnitInfo [name: default]
2024-08-27 01:38:05.752 [,] [main] INFO  o.hibernate.Version - [logVersion,44] - HHH000412: Hibernate ORM core version 5.6.12.Final
2024-08-27 01:38:05.870 [,] [main] INFO  o.h.a.common.Version - [<clinit>,56] - HCANN000001: Hibernate Commons Annotations {5.1.2.Final}
2024-08-27 01:38:05.951 [,] [main] INFO  c.z.h.HikariDataSource - [getConnection,110] - HikariPool-1 - Starting...
2024-08-27 01:38:06.082 [,] [main] INFO  c.z.h.HikariDataSource - [getConnection,123] - HikariPool-1 - Start completed.
2024-08-27 01:38:06.092 [,] [main] INFO  o.h.dialect.Dialect - [<init>,175] - HHH000400: Using dialect: org.hibernate.dialect.MySQL8Dialect
2024-08-27 01:38:06.595 [,] [main] INFO  o.h.e.t.j.p.i.JtaPlatformInitiator - [initiateService,52] - HHH000490: Using JtaPlatform implementation: [org.hibernate.engine.transaction.jta.platform.internal.NoJtaPlatform]
2024-08-27 01:38:08.768 [,] [main] INFO  User_Operation - [User_Operationlog,20] - After User_Operation method: initFFmpeg
2024-08-27 01:38:09.392 [,] [main] INFO  o.a.c.h.Http11NioProtocol - [log,173] - Starting ProtocolHandler ["http-nio-8089"]
2024-08-27 01:38:09.457 [,] [main] INFO  c.s.a.AIOCompanyApplication - [logStarted,61] - Started AIOCompanyApplication in 6.154 seconds (JVM running for 7.318)
2024-08-27 01:38:09.458 [,] [main] INFO  User_Operation - [User_Operationlog,20] - After User_Operation method: onApplicationEvent
2024-08-27 01:38:10.014 [,] [scheduling-1] INFO  User_Operation - [User_Operationlog,20] - After User_Operation method: monitorFfmpegProcess
2024-08-27 01:38:20.004 [,] [scheduling-1] INFO  User_Operation - [User_Operationlog,20] - After User_Operation method: monitorFfmpegProcess
2024-08-27 01:39:36.146 [,] [SpringApplicationShutdownHook] INFO  c.z.h.HikariDataSource - [close,350] - HikariPool-1 - Shutdown initiated...
2024-08-27 01:39:36.154 [,] [SpringApplicationShutdownHook] INFO  c.z.h.HikariDataSource - [close,352] - HikariPool-1 - Shutdown completed.
2024-08-27 01:39:46.431 [,] [main] INFO  c.s.a.AIOCompanyApplication - [logStarting,55] - Starting AIOCompanyApplication using Java 1.8.0_411 on DESKTOP-0QJEBFD with PID 11028 (E:\AIO_2024.08.16\AIO - 副本 - 测试\AIO-company\target\classes started by neko in E:\AIO_2024.08.16\AIO - 副本 - 测试\AIO-company)
2024-08-27 01:39:46.450 [,] [main] INFO  c.s.a.AIOCompanyApplication - [logStartupProfileInfo,634] - No active profile set, falling back to 1 default profile: "default"
2024-08-27 01:39:48.120 [,] [main] INFO  o.a.c.h.Http11NioProtocol - [log,173] - Initializing ProtocolHandler ["http-nio-8089"]
2024-08-27 01:39:48.120 [,] [main] INFO  o.a.c.c.StandardService - [log,173] - Starting service [Tomcat]
2024-08-27 01:39:48.120 [,] [main] INFO  o.a.c.c.StandardEngine - [log,173] - Starting Servlet engine: [Apache Tomcat/9.0.68]
2024-08-27 01:39:48.243 [,] [main] INFO  o.a.c.c.C.[.[.[/] - [log,173] - Initializing Spring embedded WebApplicationContext
2024-08-27 01:39:48.445 [,] [main] INFO  o.h.j.i.u.LogHelper - [logPersistenceUnitInformation,31] - HHH000204: Processing PersistenceUnitInfo [name: default]
2024-08-27 01:39:48.484 [,] [main] INFO  o.hibernate.Version - [logVersion,44] - HHH000412: Hibernate ORM core version 5.6.12.Final
2024-08-27 01:39:48.595 [,] [main] INFO  o.h.a.common.Version - [<clinit>,56] - HCANN000001: Hibernate Commons Annotations {5.1.2.Final}
2024-08-27 01:39:48.674 [,] [main] INFO  c.z.h.HikariDataSource - [getConnection,110] - HikariPool-1 - Starting...
2024-08-27 01:39:48.795 [,] [main] INFO  c.z.h.HikariDataSource - [getConnection,123] - HikariPool-1 - Start completed.
2024-08-27 01:39:48.806 [,] [main] INFO  o.h.dialect.Dialect - [<init>,175] - HHH000400: Using dialect: org.hibernate.dialect.MySQL8Dialect
2024-08-27 01:39:49.391 [,] [main] INFO  o.h.e.t.j.p.i.JtaPlatformInitiator - [initiateService,52] - HHH000490: Using JtaPlatform implementation: [org.hibernate.engine.transaction.jta.platform.internal.NoJtaPlatform]
2024-08-27 01:39:51.515 [,] [main] INFO  User_Operation - [User_Operationlog,20] - After User_Operation method: initFFmpeg
2024-08-27 01:39:52.157 [,] [main] INFO  o.a.c.h.Http11NioProtocol - [log,173] - Starting ProtocolHandler ["http-nio-8089"]
2024-08-27 01:39:52.230 [,] [main] INFO  c.s.a.AIOCompanyApplication - [logStarted,61] - Started AIOCompanyApplication in 6.145 seconds (JVM running for 7.344)
2024-08-27 01:39:52.231 [,] [main] INFO  User_Operation - [User_Operationlog,20] - After User_Operation method: onApplicationEvent
2024-08-27 01:40:00.006 [,] [scheduling-1] INFO  User_Operation - [User_Operationlog,20] - After User_Operation method: monitorFfmpegProcess
2024-08-27 01:41:54.368 [,] [SpringApplicationShutdownHook] INFO  c.z.h.HikariDataSource - [close,350] - HikariPool-1 - Shutdown initiated...
2024-08-27 01:41:54.396 [,] [SpringApplicationShutdownHook] INFO  c.z.h.HikariDataSource - [close,352] - HikariPool-1 - Shutdown completed.
2024-08-27 01:42:04.775 [,] [main] INFO  c.s.a.AIOCompanyApplication - [logStarting,55] - Starting AIOCompanyApplication using Java 1.8.0_411 on DESKTOP-0QJEBFD with PID 25120 (E:\AIO_2024.08.16\AIO - 副本 - 测试\AIO-company\target\classes started by neko in E:\AIO_2024.08.16\AIO - 副本 - 测试\AIO-company)
2024-08-27 01:42:04.780 [,] [main] INFO  c.s.a.AIOCompanyApplication - [logStartupProfileInfo,634] - No active profile set, falling back to 1 default profile: "default"
2024-08-27 01:42:06.391 [,] [main] INFO  o.a.c.h.Http11NioProtocol - [log,173] - Initializing ProtocolHandler ["http-nio-8089"]
2024-08-27 01:42:06.392 [,] [main] INFO  o.a.c.c.StandardService - [log,173] - Starting service [Tomcat]
2024-08-27 01:42:06.392 [,] [main] INFO  o.a.c.c.StandardEngine - [log,173] - Starting Servlet engine: [Apache Tomcat/9.0.68]
2024-08-27 01:42:06.513 [,] [main] INFO  o.a.c.c.C.[.[.[/] - [log,173] - Initializing Spring embedded WebApplicationContext
2024-08-27 01:42:06.706 [,] [main] INFO  o.h.j.i.u.LogHelper - [logPersistenceUnitInformation,31] - HHH000204: Processing PersistenceUnitInfo [name: default]
2024-08-27 01:42:06.739 [,] [main] INFO  o.hibernate.Version - [logVersion,44] - HHH000412: Hibernate ORM core version 5.6.12.Final
2024-08-27 01:42:06.840 [,] [main] INFO  o.h.a.common.Version - [<clinit>,56] - HCANN000001: Hibernate Commons Annotations {5.1.2.Final}
2024-08-27 01:42:06.912 [,] [main] INFO  c.z.h.HikariDataSource - [getConnection,110] - HikariPool-1 - Starting...
2024-08-27 01:42:07.041 [,] [main] INFO  c.z.h.HikariDataSource - [getConnection,123] - HikariPool-1 - Start completed.
2024-08-27 01:42:07.051 [,] [main] INFO  o.h.dialect.Dialect - [<init>,175] - HHH000400: Using dialect: org.hibernate.dialect.MySQL8Dialect
2024-08-27 01:42:07.685 [,] [main] INFO  o.h.e.t.j.p.i.JtaPlatformInitiator - [initiateService,52] - HHH000490: Using JtaPlatform implementation: [org.hibernate.engine.transaction.jta.platform.internal.NoJtaPlatform]
2024-08-27 01:42:10.065 [,] [main] INFO  User_Operation - [User_Operationlog,20] - After User_Operation method: initFFmpeg
2024-08-27 01:42:10.669 [,] [main] INFO  o.a.c.h.Http11NioProtocol - [log,173] - Starting ProtocolHandler ["http-nio-8089"]
2024-08-27 01:42:10.739 [,] [main] INFO  c.s.a.AIOCompanyApplication - [logStarted,61] - Started AIOCompanyApplication in 6.301 seconds (JVM running for 7.432)
2024-08-27 01:42:10.740 [,] [main] INFO  User_Operation - [User_Operationlog,20] - After User_Operation method: onApplicationEvent
2024-08-27 01:42:20.009 [,] [scheduling-1] INFO  User_Operation - [User_Operationlog,20] - After User_Operation method: monitorFfmpegProcess
2024-08-27 01:43:29.886 [,] [SpringApplicationShutdownHook] INFO  c.z.h.HikariDataSource - [close,350] - HikariPool-1 - Shutdown initiated...
2024-08-27 01:43:29.896 [,] [SpringApplicationShutdownHook] INFO  c.z.h.HikariDataSource - [close,352] - HikariPool-1 - Shutdown completed.
2024-08-27 01:43:41.770 [,] [main] INFO  c.s.a.AIOCompanyApplication - [logStarting,55] - Starting AIOCompanyApplication using Java 1.8.0_411 on DESKTOP-0QJEBFD with PID 22860 (E:\AIO_2024.08.16\AIO - 副本 - 测试\AIO-company\target\classes started by neko in E:\AIO_2024.08.16\AIO - 副本 - 测试\AIO-company)
2024-08-27 01:43:41.778 [,] [main] INFO  c.s.a.AIOCompanyApplication - [logStartupProfileInfo,634] - No active profile set, falling back to 1 default profile: "default"
2024-08-27 01:43:44.338 [,] [main] INFO  o.a.c.h.Http11NioProtocol - [log,173] - Initializing ProtocolHandler ["http-nio-8089"]
2024-08-27 01:43:44.339 [,] [main] INFO  o.a.c.c.StandardService - [log,173] - Starting service [Tomcat]
2024-08-27 01:43:44.339 [,] [main] INFO  o.a.c.c.StandardEngine - [log,173] - Starting Servlet engine: [Apache Tomcat/9.0.68]
2024-08-27 01:43:44.504 [,] [main] INFO  o.a.c.c.C.[.[.[/] - [log,173] - Initializing Spring embedded WebApplicationContext
2024-08-27 01:43:44.726 [,] [main] INFO  o.h.j.i.u.LogHelper - [logPersistenceUnitInformation,31] - HHH000204: Processing PersistenceUnitInfo [name: default]
2024-08-27 01:43:44.764 [,] [main] INFO  o.hibernate.Version - [logVersion,44] - HHH000412: Hibernate ORM core version 5.6.12.Final
2024-08-27 01:43:44.882 [,] [main] INFO  o.h.a.common.Version - [<clinit>,56] - HCANN000001: Hibernate Commons Annotations {5.1.2.Final}
2024-08-27 01:43:44.953 [,] [main] INFO  c.z.h.HikariDataSource - [getConnection,110] - HikariPool-1 - Starting...
2024-08-27 01:43:45.073 [,] [main] INFO  c.z.h.HikariDataSource - [getConnection,123] - HikariPool-1 - Start completed.
2024-08-27 01:43:45.083 [,] [main] INFO  o.h.dialect.Dialect - [<init>,175] - HHH000400: Using dialect: org.hibernate.dialect.MySQL8Dialect
2024-08-27 01:43:45.558 [,] [main] INFO  o.h.e.t.j.p.i.JtaPlatformInitiator - [initiateService,52] - HHH000490: Using JtaPlatform implementation: [org.hibernate.engine.transaction.jta.platform.internal.NoJtaPlatform]
2024-08-27 01:43:47.729 [,] [main] INFO  User_Operation - [User_Operationlog,20] - After User_Operation method: initFFmpeg
2024-08-27 01:43:48.461 [,] [main] INFO  o.a.c.h.Http11NioProtocol - [log,173] - Starting ProtocolHandler ["http-nio-8089"]
2024-08-27 01:43:48.583 [,] [main] INFO  c.s.a.AIOCompanyApplication - [logStarted,61] - Started AIOCompanyApplication in 7.282 seconds (JVM running for 8.644)
2024-08-27 01:43:48.584 [,] [main] INFO  User_Operation - [User_Operationlog,20] - After User_Operation method: onApplicationEvent
2024-08-27 01:43:50.017 [,] [scheduling-1] INFO  User_Operation - [User_Operationlog,20] - After User_Operation method: monitorFfmpegProcess
2024-08-27 01:44:00.010 [,] [scheduling-1] INFO  User_Operation - [User_Operationlog,20] - After User_Operation method: monitorFfmpegProcess
2024-08-27 01:45:34.142 [,] [SpringApplicationShutdownHook] INFO  c.z.h.HikariDataSource - [close,350] - HikariPool-1 - Shutdown initiated...
2024-08-27 01:45:34.156 [,] [SpringApplicationShutdownHook] INFO  c.z.h.HikariDataSource - [close,352] - HikariPool-1 - Shutdown completed.
2024-08-27 01:45:47.007 [,] [main] INFO  c.s.a.AIOCompanyApplication - [logStarting,55] - Starting AIOCompanyApplication using Java 1.8.0_411 on DESKTOP-0QJEBFD with PID 26552 (E:\AIO_2024.08.16\AIO - 副本 - 测试\AIO-company\target\classes started by neko in E:\AIO_2024.08.16\AIO - 副本 - 测试\AIO-company)
2024-08-27 01:45:47.019 [,] [main] INFO  c.s.a.AIOCompanyApplication - [logStartupProfileInfo,634] - No active profile set, falling back to 1 default profile: "default"
2024-08-27 01:45:49.470 [,] [main] INFO  o.a.c.h.Http11NioProtocol - [log,173] - Initializing ProtocolHandler ["http-nio-8089"]
2024-08-27 01:45:49.471 [,] [main] INFO  o.a.c.c.StandardService - [log,173] - Starting service [Tomcat]
2024-08-27 01:45:49.471 [,] [main] INFO  o.a.c.c.StandardEngine - [log,173] - Starting Servlet engine: [Apache Tomcat/9.0.68]
2024-08-27 01:45:49.640 [,] [main] INFO  o.a.c.c.C.[.[.[/] - [log,173] - Initializing Spring embedded WebApplicationContext
2024-08-27 01:45:49.916 [,] [main] INFO  o.h.j.i.u.LogHelper - [logPersistenceUnitInformation,31] - HHH000204: Processing PersistenceUnitInfo [name: default]
2024-08-27 01:45:49.964 [,] [main] INFO  o.hibernate.Version - [logVersion,44] - HHH000412: Hibernate ORM core version 5.6.12.Final
2024-08-27 01:45:50.106 [,] [main] INFO  o.h.a.common.Version - [<clinit>,56] - HCANN000001: Hibernate Commons Annotations {5.1.2.Final}
2024-08-27 01:45:50.211 [,] [main] INFO  c.z.h.HikariDataSource - [getConnection,110] - HikariPool-1 - Starting...
2024-08-27 01:45:50.372 [,] [main] INFO  c.z.h.HikariDataSource - [getConnection,123] - HikariPool-1 - Start completed.
2024-08-27 01:45:50.386 [,] [main] INFO  o.h.dialect.Dialect - [<init>,175] - HHH000400: Using dialect: org.hibernate.dialect.MySQL8Dialect
2024-08-27 01:45:50.978 [,] [main] INFO  o.h.e.t.j.p.i.JtaPlatformInitiator - [initiateService,52] - HHH000490: Using JtaPlatform implementation: [org.hibernate.engine.transaction.jta.platform.internal.NoJtaPlatform]
2024-08-27 01:45:54.084 [,] [main] INFO  User_Operation - [User_Operationlog,20] - After User_Operation method: initFFmpeg
2024-08-27 01:45:54.967 [,] [main] INFO  o.a.c.h.Http11NioProtocol - [log,173] - Starting ProtocolHandler ["http-nio-8089"]
2024-08-27 01:45:55.059 [,] [main] INFO  c.s.a.AIOCompanyApplication - [logStarted,61] - Started AIOCompanyApplication in 8.538 seconds (JVM running for 9.902)
2024-08-27 01:45:55.060 [,] [main] INFO  User_Operation - [User_Operationlog,20] - After User_Operation method: onApplicationEvent
2024-08-27 01:46:00.004 [,] [scheduling-1] INFO  User_Operation - [User_Operationlog,20] - After User_Operation method: monitorFfmpegProcess
2024-08-27 01:46:10.014 [,] [scheduling-1] INFO  User_Operation - [User_Operationlog,20] - After User_Operation method: monitorFfmpegProcess
2024-08-27 01:47:20.014 [,] [scheduling-1] INFO  User_Operation - [User_Operationlog,20] - After User_Operation method: monitorFfmpegProcess
2024-08-27 01:48:40.011 [,] [scheduling-1] INFO  User_Operation - [User_Operationlog,20] - After User_Operation method: monitorFfmpegProcess
2024-08-27 01:49:37.184 [,] [SpringApplicationShutdownHook] INFO  c.z.h.HikariDataSource - [close,350] - HikariPool-1 - Shutdown initiated...
2024-08-27 01:49:37.216 [,] [SpringApplicationShutdownHook] INFO  c.z.h.HikariDataSource - [close,352] - HikariPool-1 - Shutdown completed.
2024-08-27 01:49:48.999 [,] [main] INFO  c.s.a.AIOCompanyApplication - [logStarting,55] - Starting AIOCompanyApplication using Java 1.8.0_411 on DESKTOP-0QJEBFD with PID 15236 (E:\AIO_2024.08.16\AIO - 副本 - 测试\AIO-company\target\classes started by neko in E:\AIO_2024.08.16\AIO - 副本 - 测试\AIO-company)
2024-08-27 01:49:49.017 [,] [main] INFO  c.s.a.AIOCompanyApplication - [logStartupProfileInfo,634] - No active profile set, falling back to 1 default profile: "default"
2024-08-27 01:49:51.051 [,] [main] INFO  o.a.c.h.Http11NioProtocol - [log,173] - Initializing ProtocolHandler ["http-nio-8089"]
2024-08-27 01:49:51.051 [,] [main] INFO  o.a.c.c.StandardService - [log,173] - Starting service [Tomcat]
2024-08-27 01:49:51.051 [,] [main] INFO  o.a.c.c.StandardEngine - [log,173] - Starting Servlet engine: [Apache Tomcat/9.0.68]
2024-08-27 01:49:51.180 [,] [main] INFO  o.a.c.c.C.[.[.[/] - [log,173] - Initializing Spring embedded WebApplicationContext
2024-08-27 01:49:51.384 [,] [main] INFO  o.h.j.i.u.LogHelper - [logPersistenceUnitInformation,31] - HHH000204: Processing PersistenceUnitInfo [name: default]
2024-08-27 01:49:51.430 [,] [main] INFO  o.hibernate.Version - [logVersion,44] - HHH000412: Hibernate ORM core version 5.6.12.Final
2024-08-27 01:49:51.576 [,] [main] INFO  o.h.a.common.Version - [<clinit>,56] - HCANN000001: Hibernate Commons Annotations {5.1.2.Final}
2024-08-27 01:49:51.662 [,] [main] INFO  c.z.h.HikariDataSource - [getConnection,110] - HikariPool-1 - Starting...
2024-08-27 01:49:51.800 [,] [main] INFO  c.z.h.HikariDataSource - [getConnection,123] - HikariPool-1 - Start completed.
2024-08-27 01:49:51.810 [,] [main] INFO  o.h.dialect.Dialect - [<init>,175] - HHH000400: Using dialect: org.hibernate.dialect.MySQL8Dialect
2024-08-27 01:49:52.317 [,] [main] INFO  o.h.e.t.j.p.i.JtaPlatformInitiator - [initiateService,52] - HHH000490: Using JtaPlatform implementation: [org.hibernate.engine.transaction.jta.platform.internal.NoJtaPlatform]
2024-08-27 01:49:54.526 [,] [main] INFO  User_Operation - [User_Operationlog,20] - After User_Operation method: initFFmpeg
2024-08-27 01:49:55.199 [,] [main] INFO  o.a.c.h.Http11NioProtocol - [log,173] - Starting ProtocolHandler ["http-nio-8089"]
2024-08-27 01:49:55.266 [,] [main] INFO  c.s.a.AIOCompanyApplication - [logStarted,61] - Started AIOCompanyApplication in 6.604 seconds (JVM running for 7.951)
2024-08-27 01:49:55.266 [,] [main] INFO  User_Operation - [User_Operationlog,20] - After User_Operation method: onApplicationEvent
2024-08-27 01:50:00.008 [,] [scheduling-1] INFO  User_Operation - [User_Operationlog,20] - After User_Operation method: monitorFfmpegProcess
2024-08-27 01:51:41.296 [,] [SpringApplicationShutdownHook] INFO  c.z.h.HikariDataSource - [close,350] - HikariPool-1 - Shutdown initiated...
2024-08-27 01:51:41.305 [,] [SpringApplicationShutdownHook] INFO  c.z.h.HikariDataSource - [close,352] - HikariPool-1 - Shutdown completed.
2024-08-27 01:51:53.833 [,] [main] INFO  c.s.a.AIOCompanyApplication - [logStarting,55] - Starting AIOCompanyApplication using Java 1.8.0_411 on DESKTOP-0QJEBFD with PID 25676 (E:\AIO_2024.08.16\AIO - 副本 - 测试\AIO-company\target\classes started by neko in E:\AIO_2024.08.16\AIO - 副本 - 测试\AIO-company)
2024-08-27 01:51:53.845 [,] [main] INFO  c.s.a.AIOCompanyApplication - [logStartupProfileInfo,634] - No active profile set, falling back to 1 default profile: "default"
2024-08-27 01:51:56.418 [,] [main] INFO  o.a.c.h.Http11NioProtocol - [log,173] - Initializing ProtocolHandler ["http-nio-8089"]
2024-08-27 01:51:56.419 [,] [main] INFO  o.a.c.c.StandardService - [log,173] - Starting service [Tomcat]
2024-08-27 01:51:56.419 [,] [main] INFO  o.a.c.c.StandardEngine - [log,173] - Starting Servlet engine: [Apache Tomcat/9.0.68]
2024-08-27 01:51:56.604 [,] [main] INFO  o.a.c.c.C.[.[.[/] - [log,173] - Initializing Spring embedded WebApplicationContext
2024-08-27 01:51:56.917 [,] [main] INFO  o.h.j.i.u.LogHelper - [logPersistenceUnitInformation,31] - HHH000204: Processing PersistenceUnitInfo [name: default]
2024-08-27 01:51:56.972 [,] [main] INFO  o.hibernate.Version - [logVersion,44] - HHH000412: Hibernate ORM core version 5.6.12.Final
2024-08-27 01:51:57.127 [,] [main] INFO  o.h.a.common.Version - [<clinit>,56] - HCANN000001: Hibernate Commons Annotations {5.1.2.Final}
2024-08-27 01:51:57.238 [,] [main] INFO  c.z.h.HikariDataSource - [getConnection,110] - HikariPool-1 - Starting...
2024-08-27 01:51:57.403 [,] [main] INFO  c.z.h.HikariDataSource - [getConnection,123] - HikariPool-1 - Start completed.
2024-08-27 01:51:57.419 [,] [main] INFO  o.h.dialect.Dialect - [<init>,175] - HHH000400: Using dialect: org.hibernate.dialect.MySQL8Dialect
2024-08-27 01:51:58.039 [,] [main] INFO  o.h.e.t.j.p.i.JtaPlatformInitiator - [initiateService,52] - HHH000490: Using JtaPlatform implementation: [org.hibernate.engine.transaction.jta.platform.internal.NoJtaPlatform]
2024-08-27 01:52:00.917 [,] [main] INFO  User_Operation - [User_Operationlog,20] - After User_Operation method: initFFmpeg
2024-08-27 01:52:01.811 [,] [main] INFO  o.a.c.h.Http11NioProtocol - [log,173] - Starting ProtocolHandler ["http-nio-8089"]
2024-08-27 01:52:01.903 [,] [main] INFO  c.s.a.AIOCompanyApplication - [logStarted,61] - Started AIOCompanyApplication in 8.56 seconds (JVM running for 9.917)
2024-08-27 01:52:01.903 [,] [main] INFO  User_Operation - [User_Operationlog,20] - After User_Operation method: onApplicationEvent
2024-08-27 01:52:10.006 [,] [scheduling-1] INFO  User_Operation - [User_Operationlog,20] - After User_Operation method: monitorFfmpegProcess
2024-08-27 01:54:10.011 [,] [scheduling-1] INFO  User_Operation - [User_Operationlog,20] - After User_Operation method: monitorFfmpegProcess
2024-08-27 01:54:43.686 [,] [SpringApplicationShutdownHook] INFO  c.z.h.HikariDataSource - [close,350] - HikariPool-1 - Shutdown initiated...
2024-08-27 01:54:43.700 [,] [SpringApplicationShutdownHook] INFO  c.z.h.HikariDataSource - [close,352] - HikariPool-1 - Shutdown completed.
2024-08-27 01:54:59.279 [,] [main] INFO  c.s.a.AIOCompanyApplication - [logStarting,55] - Starting AIOCompanyApplication using Java 1.8.0_411 on DESKTOP-0QJEBFD with PID 11468 (E:\AIO_2024.08.16\AIO - 副本 - 测试\AIO-company\target\classes started by neko in E:\AIO_2024.08.16\AIO - 副本 - 测试\AIO-company)
2024-08-27 01:54:59.294 [,] [main] INFO  c.s.a.AIOCompanyApplication - [logStartupProfileInfo,634] - No active profile set, falling back to 1 default profile: "default"
2024-08-27 01:55:02.165 [,] [main] INFO  o.a.c.h.Http11NioProtocol - [log,173] - Initializing ProtocolHandler ["http-nio-8089"]
2024-08-27 01:55:02.166 [,] [main] INFO  o.a.c.c.StandardService - [log,173] - Starting service [Tomcat]
2024-08-27 01:55:02.166 [,] [main] INFO  o.a.c.c.StandardEngine - [log,173] - Starting Servlet engine: [Apache Tomcat/9.0.68]
2024-08-27 01:55:02.344 [,] [main] INFO  o.a.c.c.C.[.[.[/] - [log,173] - Initializing Spring embedded WebApplicationContext
2024-08-27 01:55:02.617 [,] [main] INFO  o.h.j.i.u.LogHelper - [logPersistenceUnitInformation,31] - HHH000204: Processing PersistenceUnitInfo [name: default]
2024-08-27 01:55:02.676 [,] [main] INFO  o.hibernate.Version - [logVersion,44] - HHH000412: Hibernate ORM core version 5.6.12.Final
2024-08-27 01:55:02.849 [,] [main] INFO  o.h.a.common.Version - [<clinit>,56] - HCANN000001: Hibernate Commons Annotations {5.1.2.Final}
2024-08-27 01:55:02.962 [,] [main] INFO  c.z.h.HikariDataSource - [getConnection,110] - HikariPool-1 - Starting...
2024-08-27 01:55:03.127 [,] [main] INFO  c.z.h.HikariDataSource - [getConnection,123] - HikariPool-1 - Start completed.
2024-08-27 01:55:03.143 [,] [main] INFO  o.h.dialect.Dialect - [<init>,175] - HHH000400: Using dialect: org.hibernate.dialect.MySQL8Dialect
2024-08-27 01:55:03.655 [,] [main] INFO  o.h.e.t.j.p.i.JtaPlatformInitiator - [initiateService,52] - HHH000490: Using JtaPlatform implementation: [org.hibernate.engine.transaction.jta.platform.internal.NoJtaPlatform]
2024-08-27 01:55:05.863 [,] [main] INFO  User_Operation - [User_Operationlog,20] - After User_Operation method: initFFmpeg
2024-08-27 01:55:06.503 [,] [main] INFO  o.a.c.h.Http11NioProtocol - [log,173] - Starting ProtocolHandler ["http-nio-8089"]
2024-08-27 01:55:06.577 [,] [main] INFO  c.s.a.AIOCompanyApplication - [logStarted,61] - Started AIOCompanyApplication in 7.858 seconds (JVM running for 9.419)
2024-08-27 01:55:06.578 [,] [main] INFO  User_Operation - [User_Operationlog,20] - After User_Operation method: onApplicationEvent
2024-08-27 01:55:10.013 [,] [scheduling-1] INFO  User_Operation - [User_Operationlog,20] - After User_Operation method: monitorFfmpegProcess
2024-08-27 01:55:20.008 [,] [scheduling-1] INFO  User_Operation - [User_Operationlog,20] - After User_Operation method: monitorFfmpegProcess
2024-08-27 01:56:51.328 [,] [SpringApplicationShutdownHook] INFO  c.z.h.HikariDataSource - [close,350] - HikariPool-1 - Shutdown initiated...
2024-08-27 01:56:51.354 [,] [SpringApplicationShutdownHook] INFO  c.z.h.HikariDataSource - [close,352] - HikariPool-1 - Shutdown completed.
2024-08-27 01:57:05.411 [,] [main] INFO  c.s.a.AIOCompanyApplication - [logStarting,55] - Starting AIOCompanyApplication using Java 1.8.0_411 on DESKTOP-0QJEBFD with PID 3544 (E:\AIO_2024.08.16\AIO - 副本 - 测试\AIO-company\target\classes started by neko in E:\AIO_2024.08.16\AIO - 副本 - 测试\AIO-company)
2024-08-27 01:57:05.432 [,] [main] INFO  c.s.a.AIOCompanyApplication - [logStartupProfileInfo,634] - No active profile set, falling back to 1 default profile: "default"
2024-08-27 01:57:08.154 [,] [main] INFO  o.a.c.h.Http11NioProtocol - [log,173] - Initializing ProtocolHandler ["http-nio-8089"]
2024-08-27 01:57:08.155 [,] [main] INFO  o.a.c.c.StandardService - [log,173] - Starting service [Tomcat]
2024-08-27 01:57:08.156 [,] [main] INFO  o.a.c.c.StandardEngine - [log,173] - Starting Servlet engine: [Apache Tomcat/9.0.68]
2024-08-27 01:57:08.339 [,] [main] INFO  o.a.c.c.C.[.[.[/] - [log,173] - Initializing Spring embedded WebApplicationContext
2024-08-27 01:57:08.630 [,] [main] INFO  o.h.j.i.u.LogHelper - [logPersistenceUnitInformation,31] - HHH000204: Processing PersistenceUnitInfo [name: default]
2024-08-27 01:57:08.679 [,] [main] INFO  o.hibernate.Version - [logVersion,44] - HHH000412: Hibernate ORM core version 5.6.12.Final
2024-08-27 01:57:08.825 [,] [main] INFO  o.h.a.common.Version - [<clinit>,56] - HCANN000001: Hibernate Commons Annotations {5.1.2.Final}
2024-08-27 01:57:08.931 [,] [main] INFO  c.z.h.HikariDataSource - [getConnection,110] - HikariPool-1 - Starting...
2024-08-27 01:57:09.112 [,] [main] INFO  c.z.h.HikariDataSource - [getConnection,123] - HikariPool-1 - Start completed.
2024-08-27 01:57:09.129 [,] [main] INFO  o.h.dialect.Dialect - [<init>,175] - HHH000400: Using dialect: org.hibernate.dialect.MySQL8Dialect
2024-08-27 01:57:09.751 [,] [main] INFO  o.h.e.t.j.p.i.JtaPlatformInitiator - [initiateService,52] - HHH000490: Using JtaPlatform implementation: [org.hibernate.engine.transaction.jta.platform.internal.NoJtaPlatform]
2024-08-27 01:57:12.621 [,] [main] INFO  User_Operation - [User_Operationlog,20] - After User_Operation method: initFFmpeg
2024-08-27 01:57:13.529 [,] [main] INFO  o.a.c.h.Http11NioProtocol - [log,173] - Starting ProtocolHandler ["http-nio-8089"]
2024-08-27 01:57:13.625 [,] [main] INFO  c.s.a.AIOCompanyApplication - [logStarted,61] - Started AIOCompanyApplication in 8.656 seconds (JVM running for 10.364)
2024-08-27 01:57:13.625 [,] [main] INFO  User_Operation - [User_Operationlog,20] - After User_Operation method: onApplicationEvent
2024-08-27 01:57:20.004 [,] [scheduling-1] INFO  User_Operation - [User_Operationlog,20] - After User_Operation method: monitorFfmpegProcess
2024-08-27 16:54:06.541 [,] [main] INFO  c.s.a.AIOCompanyApplication - [logStarting,55] - Starting AIOCompanyApplication using Java 1.8.0_411 on DESKTOP-0QJEBFD with PID 9756 (E:\AIO_2024.08.16\AIO - 副本 - 测试\AIO-company\target\classes started by neko in E:\AIO_2024.08.16\AIO - 副本 - 测试\AIO-company)
2024-08-27 16:54:06.556 [,] [main] INFO  c.s.a.AIOCompanyApplication - [logStartupProfileInfo,634] - No active profile set, falling back to 1 default profile: "default"
2024-08-27 16:54:08.797 [,] [main] INFO  o.a.c.h.Http11NioProtocol - [log,173] - Initializing ProtocolHandler ["http-nio-8089"]
2024-08-27 16:54:08.798 [,] [main] INFO  o.a.c.c.StandardService - [log,173] - Starting service [Tomcat]
2024-08-27 16:54:08.798 [,] [main] INFO  o.a.c.c.StandardEngine - [log,173] - Starting Servlet engine: [Apache Tomcat/9.0.68]
2024-08-27 16:54:08.924 [,] [main] INFO  o.a.c.c.C.[.[.[/] - [log,173] - Initializing Spring embedded WebApplicationContext
2024-08-27 16:54:09.126 [,] [main] INFO  o.h.j.i.u.LogHelper - [logPersistenceUnitInformation,31] - HHH000204: Processing PersistenceUnitInfo [name: default]
2024-08-27 16:54:09.176 [,] [main] INFO  o.hibernate.Version - [logVersion,44] - HHH000412: Hibernate ORM core version 5.6.12.Final
2024-08-27 16:54:09.310 [,] [main] INFO  o.h.a.common.Version - [<clinit>,56] - HCANN000001: Hibernate Commons Annotations {5.1.2.Final}
2024-08-27 16:54:09.398 [,] [main] INFO  c.z.h.HikariDataSource - [getConnection,110] - HikariPool-1 - Starting...
2024-08-27 16:54:09.579 [,] [main] INFO  c.z.h.HikariDataSource - [getConnection,123] - HikariPool-1 - Start completed.
2024-08-27 16:54:09.590 [,] [main] INFO  o.h.dialect.Dialect - [<init>,175] - HHH000400: Using dialect: org.hibernate.dialect.MySQL8Dialect
2024-08-27 16:54:10.149 [,] [main] INFO  o.h.e.t.j.p.i.JtaPlatformInitiator - [initiateService,52] - HHH000490: Using JtaPlatform implementation: [org.hibernate.engine.transaction.jta.platform.internal.NoJtaPlatform]
2024-08-27 16:54:12.417 [,] [main] INFO  User_Operation - [User_Operationlog,20] - After User_Operation method: initFFmpeg
2024-08-27 16:54:13.040 [,] [main] INFO  o.a.c.h.Http11NioProtocol - [log,173] - Starting ProtocolHandler ["http-nio-8089"]
2024-08-27 16:54:13.107 [,] [main] INFO  c.s.a.AIOCompanyApplication - [logStarted,61] - Started AIOCompanyApplication in 6.93 seconds (JVM running for 8.176)
2024-08-27 16:54:13.107 [,] [main] INFO  User_Operation - [User_Operationlog,20] - After User_Operation method: onApplicationEvent
2024-08-27 16:54:20.012 [,] [scheduling-1] INFO  User_Operation - [User_Operationlog,20] - After User_Operation method: monitorFfmpegProcess
2024-08-27 16:54:30.013 [,] [scheduling-1] INFO  User_Operation - [User_Operationlog,20] - After User_Operation method: monitorFfmpegProcess
2024-08-27 16:54:57.290 [,] [http-nio-8089-exec-1] INFO  o.a.c.c.C.[.[.[/] - [log,173] - Initializing Spring DispatcherServlet 'dispatcherServlet'
2024-08-27 16:54:57.688 [,] [http-nio-8089-exec-1] INFO  User_Operation - [User_Operationlog,20] - After User_Operation method: AIO
2024-08-27 16:55:10.342 [,] [http-nio-8089-exec-8] INFO  User_Operation - [User_Operationlog,20] - After User_Operation method: indexWeb
2024-08-27 16:55:10.359 [,] [http-nio-8089-exec-8] INFO  User_Operation - [User_Operationlog,20] - After User_Operation method: getInformation
2024-08-27 17:00:30.427 [,] [scheduling-1] INFO  User_Operation - [User_Operationlog,20] - After User_Operation method: monitorFfmpegProcess
2024-08-27 17:01:20.009 [,] [scheduling-1] INFO  User_Operation - [User_Operationlog,20] - After User_Operation method: monitorFfmpegProcess
2024-08-27 17:02:10.022 [,] [scheduling-1] INFO  User_Operation - [User_Operationlog,20] - After User_Operation method: monitorFfmpegProcess
2024-08-27 17:03:10.005 [,] [scheduling-1] INFO  User_Operation - [User_Operationlog,20] - After User_Operation method: monitorFfmpegProcess
2024-08-27 17:04:20.017 [,] [scheduling-1] INFO  User_Operation - [User_Operationlog,20] - After User_Operation method: monitorFfmpegProcess
2024-08-27 17:05:10.008 [,] [scheduling-1] INFO  User_Operation - [User_Operationlog,20] - After User_Operation method: monitorFfmpegProcess
2024-08-27 17:06:50.010 [,] [scheduling-1] INFO  User_Operation - [User_Operationlog,20] - After User_Operation method: monitorFfmpegProcess
2024-08-27 17:07:50.014 [,] [scheduling-1] INFO  User_Operation - [User_Operationlog,20] - After User_Operation method: monitorFfmpegProcess
2024-08-27 17:09:00.020 [,] [scheduling-1] INFO  User_Operation - [User_Operationlog,20] - After User_Operation method: monitorFfmpegProcess
2024-08-27 17:10:20.023 [,] [scheduling-1] INFO  User_Operation - [User_Operationlog,20] - After User_Operation method: monitorFfmpegProcess
2024-08-27 17:12:10.029 [,] [scheduling-1] INFO  User_Operation - [User_Operationlog,20] - After User_Operation method: monitorFfmpegProcess
2024-08-27 17:13:20.020 [,] [scheduling-1] INFO  User_Operation - [User_Operationlog,20] - After User_Operation method: monitorFfmpegProcess
2024-08-27 17:14:21.256 [,] [SpringApplicationShutdownHook] INFO  c.z.h.HikariDataSource - [close,350] - HikariPool-1 - Shutdown initiated...
2024-08-27 17:14:21.419 [,] [SpringApplicationShutdownHook] INFO  c.z.h.HikariDataSource - [close,352] - HikariPool-1 - Shutdown completed.
2024-08-27 17:15:24.447 [,] [main] INFO  c.s.a.AIOCompanyApplication - [logStarting,55] - Starting AIOCompanyApplication using Java 1.8.0_411 on DESKTOP-0QJEBFD with PID 19992 (E:\AIO_2024.08.16\AIO - 副本 - 测试\AIO-company\target\classes started by neko in E:\AIO_2024.08.16\AIO - 副本 - 测试\AIO-company)
2024-08-27 17:15:24.515 [,] [main] INFO  c.s.a.AIOCompanyApplication - [logStartupProfileInfo,634] - No active profile set, falling back to 1 default profile: "default"
2024-08-27 17:15:26.736 [,] [main] INFO  o.a.c.h.Http11NioProtocol - [log,173] - Initializing ProtocolHandler ["http-nio-8089"]
2024-08-27 17:15:26.736 [,] [main] INFO  o.a.c.c.StandardService - [log,173] - Starting service [Tomcat]
2024-08-27 17:15:26.736 [,] [main] INFO  o.a.c.c.StandardEngine - [log,173] - Starting Servlet engine: [Apache Tomcat/9.0.68]
2024-08-27 17:15:26.855 [,] [main] INFO  o.a.c.c.C.[.[.[/] - [log,173] - Initializing Spring embedded WebApplicationContext
2024-08-27 17:15:27.032 [,] [main] INFO  o.h.j.i.u.LogHelper - [logPersistenceUnitInformation,31] - HHH000204: Processing PersistenceUnitInfo [name: default]
2024-08-27 17:15:27.074 [,] [main] INFO  o.hibernate.Version - [logVersion,44] - HHH000412: Hibernate ORM core version 5.6.12.Final
2024-08-27 17:15:27.191 [,] [main] INFO  o.h.a.common.Version - [<clinit>,56] - HCANN000001: Hibernate Commons Annotations {5.1.2.Final}
2024-08-27 17:15:27.267 [,] [main] INFO  c.z.h.HikariDataSource - [getConnection,110] - HikariPool-1 - Starting...
2024-08-27 17:15:27.443 [,] [main] INFO  c.z.h.HikariDataSource - [getConnection,123] - HikariPool-1 - Start completed.
2024-08-27 17:15:27.453 [,] [main] INFO  o.h.dialect.Dialect - [<init>,175] - HHH000400: Using dialect: org.hibernate.dialect.MySQL8Dialect
2024-08-27 17:15:28.015 [,] [main] INFO  o.h.e.t.j.p.i.JtaPlatformInitiator - [initiateService,52] - HHH000490: Using JtaPlatform implementation: [org.hibernate.engine.transaction.jta.platform.internal.NoJtaPlatform]
2024-08-27 17:15:30.142 [,] [main] INFO  User_Operation - [User_Operationlog,20] - After User_Operation method: initFFmpeg
2024-08-27 17:15:30.745 [,] [main] INFO  o.a.c.h.Http11NioProtocol - [log,173] - Starting ProtocolHandler ["http-nio-8089"]
2024-08-27 17:15:30.807 [,] [main] INFO  c.s.a.AIOCompanyApplication - [logStarted,61] - Started AIOCompanyApplication in 6.733 seconds (JVM running for 8.071)
2024-08-27 17:15:30.808 [,] [main] INFO  User_Operation - [User_Operationlog,20] - After User_Operation method: onApplicationEvent
2024-08-27 17:15:40.007 [,] [scheduling-1] INFO  User_Operation - [User_Operationlog,20] - After User_Operation method: monitorFfmpegProcess
2024-08-27 17:15:50.348 [,] [http-nio-8089-exec-1] INFO  o.a.c.c.C.[.[.[/] - [log,173] - Initializing Spring DispatcherServlet 'dispatcherServlet'
2024-08-27 17:15:50.374 [,] [http-nio-8089-exec-1] INFO  User_Operation - [User_Operationlog,20] - After User_Operation method: AIO
2024-08-27 17:15:50.428 [,] [http-nio-8089-exec-1] INFO  User_Operation - [User_Operationlog,20] - After User_Operation method: getFfmpegEnabled
2024-08-27 17:15:50.429 [,] [http-nio-8089-exec-1] INFO  User_Operation - [User_Operationlog,20] - After User_Operation method: indexWeb
2024-08-27 17:15:50.431 [,] [http-nio-8089-exec-1] INFO  User_Operation - [User_Operationlog,20] - After User_Operation method: getInformation
2024-08-27 17:17:10.004 [,] [scheduling-1] INFO  User_Operation - [User_Operationlog,20] - After User_Operation method: monitorFfmpegProcess
2024-08-27 17:19:00.001 [,] [scheduling-1] INFO  User_Operation - [User_Operationlog,20] - After User_Operation method: monitorFfmpegProcess
2024-08-27 17:19:49.853 [,] [SpringApplicationShutdownHook] INFO  c.z.h.HikariDataSource - [close,350] - HikariPool-1 - Shutdown initiated...
2024-08-27 17:19:49.866 [,] [SpringApplicationShutdownHook] INFO  c.z.h.HikariDataSource - [close,352] - HikariPool-1 - Shutdown completed.
2024-08-27 17:20:02.965 [,] [main] INFO  c.s.a.AIOCompanyApplication - [logStarting,55] - Starting AIOCompanyApplication using Java 1.8.0_411 on DESKTOP-0QJEBFD with PID 17720 (E:\AIO_2024.08.16\AIO - 副本 - 测试\AIO-company\target\classes started by neko in E:\AIO_2024.08.16\AIO - 副本 - 测试\AIO-company)
2024-08-27 17:20:02.970 [,] [main] INFO  c.s.a.AIOCompanyApplication - [logStartupProfileInfo,634] - No active profile set, falling back to 1 default profile: "default"
2024-08-27 17:20:05.337 [,] [main] INFO  o.a.c.h.Http11NioProtocol - [log,173] - Initializing ProtocolHandler ["http-nio-8089"]
2024-08-27 17:20:05.338 [,] [main] INFO  o.a.c.c.StandardService - [log,173] - Starting service [Tomcat]
2024-08-27 17:20:05.338 [,] [main] INFO  o.a.c.c.StandardEngine - [log,173] - Starting Servlet engine: [Apache Tomcat/9.0.68]
2024-08-27 17:20:05.505 [,] [main] INFO  o.a.c.c.C.[.[.[/] - [log,173] - Initializing Spring embedded WebApplicationContext
2024-08-27 17:20:05.770 [,] [main] INFO  o.h.j.i.u.LogHelper - [logPersistenceUnitInformation,31] - HHH000204: Processing PersistenceUnitInfo [name: default]
2024-08-27 17:20:05.818 [,] [main] INFO  o.hibernate.Version - [logVersion,44] - HHH000412: Hibernate ORM core version 5.6.12.Final
2024-08-27 17:20:05.956 [,] [main] INFO  o.h.a.common.Version - [<clinit>,56] - HCANN000001: Hibernate Commons Annotations {5.1.2.Final}
2024-08-27 17:20:06.048 [,] [main] INFO  c.z.h.HikariDataSource - [getConnection,110] - HikariPool-1 - Starting...
2024-08-27 17:20:06.197 [,] [main] INFO  c.z.h.HikariDataSource - [getConnection,123] - HikariPool-1 - Start completed.
2024-08-27 17:20:06.212 [,] [main] INFO  o.h.dialect.Dialect - [<init>,175] - HHH000400: Using dialect: org.hibernate.dialect.MySQL8Dialect
2024-08-27 17:20:06.826 [,] [main] INFO  o.h.e.t.j.p.i.JtaPlatformInitiator - [initiateService,52] - HHH000490: Using JtaPlatform implementation: [org.hibernate.engine.transaction.jta.platform.internal.NoJtaPlatform]
2024-08-27 17:20:09.680 [,] [main] INFO  User_Operation - [User_Operationlog,20] - After User_Operation method: initFFmpeg
2024-08-27 17:20:10.438 [,] [main] INFO  o.a.c.h.Http11NioProtocol - [log,173] - Starting ProtocolHandler ["http-nio-8089"]
2024-08-27 17:20:10.515 [,] [main] INFO  c.s.a.AIOCompanyApplication - [logStarted,61] - Started AIOCompanyApplication in 8.001 seconds (JVM running for 9.41)
2024-08-27 17:20:10.516 [,] [main] INFO  User_Operation - [User_Operationlog,20] - After User_Operation method: onApplicationEvent
2024-08-27 17:20:20.010 [,] [scheduling-1] INFO  User_Operation - [User_Operationlog,20] - After User_Operation method: monitorFfmpegProcess
2024-08-27 17:20:24.167 [,] [http-nio-8089-exec-1] INFO  o.a.c.c.C.[.[.[/] - [log,173] - Initializing Spring DispatcherServlet 'dispatcherServlet'
2024-08-27 17:20:24.206 [,] [http-nio-8089-exec-1] INFO  User_Operation - [User_Operationlog,20] - After User_Operation method: AIO
2024-08-27 17:20:24.244 [,] [http-nio-8089-exec-1] INFO  User_Operation - [User_Operationlog,20] - After User_Operation method: getFfmpegEnabled
2024-08-27 17:20:24.245 [,] [http-nio-8089-exec-1] INFO  User_Operation - [User_Operationlog,20] - After User_Operation method: indexWeb
2024-08-27 17:20:24.249 [,] [http-nio-8089-exec-1] INFO  User_Operation - [User_Operationlog,20] - After User_Operation method: getInformation
2024-08-27 17:21:55.781 [,] [SpringApplicationShutdownHook] INFO  c.z.h.HikariDataSource - [close,350] - HikariPool-1 - Shutdown initiated...
2024-08-27 17:21:55.803 [,] [SpringApplicationShutdownHook] INFO  c.z.h.HikariDataSource - [close,352] - HikariPool-1 - Shutdown completed.
2024-08-27 17:22:10.254 [,] [main] INFO  c.s.a.AIOCompanyApplication - [logStarting,55] - Starting AIOCompanyApplication using Java 1.8.0_411 on DESKTOP-0QJEBFD with PID 22380 (E:\AIO_2024.08.16\AIO - 副本 - 测试\AIO-company\target\classes started by neko in E:\AIO_2024.08.16\AIO - 副本 - 测试\AIO-company)
2024-08-27 17:22:10.314 [,] [main] INFO  c.s.a.AIOCompanyApplication - [logStartupProfileInfo,634] - No active profile set, falling back to 1 default profile: "default"
2024-08-27 17:22:12.636 [,] [main] INFO  o.a.c.h.Http11NioProtocol - [log,173] - Initializing ProtocolHandler ["http-nio-8089"]
2024-08-27 17:22:12.636 [,] [main] INFO  o.a.c.c.StandardService - [log,173] - Starting service [Tomcat]
2024-08-27 17:22:12.637 [,] [main] INFO  o.a.c.c.StandardEngine - [log,173] - Starting Servlet engine: [Apache Tomcat/9.0.68]
2024-08-27 17:22:12.799 [,] [main] INFO  o.a.c.c.C.[.[.[/] - [log,173] - Initializing Spring embedded WebApplicationContext
2024-08-27 17:22:13.057 [,] [main] INFO  o.h.j.i.u.LogHelper - [logPersistenceUnitInformation,31] - HHH000204: Processing PersistenceUnitInfo [name: default]
2024-08-27 17:22:13.103 [,] [main] INFO  o.hibernate.Version - [logVersion,44] - HHH000412: Hibernate ORM core version 5.6.12.Final
2024-08-27 17:22:13.249 [,] [main] INFO  o.h.a.common.Version - [<clinit>,56] - HCANN000001: Hibernate Commons Annotations {5.1.2.Final}
2024-08-27 17:22:13.339 [,] [main] INFO  c.z.h.HikariDataSource - [getConnection,110] - HikariPool-1 - Starting...
2024-08-27 17:22:13.506 [,] [main] INFO  c.z.h.HikariDataSource - [getConnection,123] - HikariPool-1 - Start completed.
2024-08-27 17:22:13.518 [,] [main] INFO  o.h.dialect.Dialect - [<init>,175] - HHH000400: Using dialect: org.hibernate.dialect.MySQL8Dialect
2024-08-27 17:22:14.148 [,] [main] INFO  o.h.e.t.j.p.i.JtaPlatformInitiator - [initiateService,52] - HHH000490: Using JtaPlatform implementation: [org.hibernate.engine.transaction.jta.platform.internal.NoJtaPlatform]
2024-08-27 17:22:16.969 [,] [main] INFO  User_Operation - [User_Operationlog,20] - After User_Operation method: initFFmpeg
2024-08-27 17:22:17.807 [,] [main] INFO  o.a.c.h.Http11NioProtocol - [log,173] - Starting ProtocolHandler ["http-nio-8089"]
2024-08-27 17:22:17.872 [,] [main] INFO  c.s.a.AIOCompanyApplication - [logStarted,61] - Started AIOCompanyApplication in 8.07 seconds (JVM running for 9.379)
2024-08-27 17:22:17.872 [,] [main] INFO  User_Operation - [User_Operationlog,20] - After User_Operation method: onApplicationEvent
2024-08-27 17:22:20.010 [,] [scheduling-1] INFO  User_Operation - [User_Operationlog,20] - After User_Operation method: monitorFfmpegProcess
2024-08-27 17:22:30.004 [,] [scheduling-1] INFO  User_Operation - [User_Operationlog,20] - After User_Operation method: monitorFfmpegProcess
2024-08-27 17:22:30.126 [,] [http-nio-8089-exec-1] INFO  o.a.c.c.C.[.[.[/] - [log,173] - Initializing Spring DispatcherServlet 'dispatcherServlet'
2024-08-27 17:22:30.155 [,] [http-nio-8089-exec-1] INFO  User_Operation - [User_Operationlog,20] - After User_Operation method: AIO
2024-08-27 17:22:30.180 [,] [http-nio-8089-exec-1] INFO  User_Operation - [User_Operationlog,20] - After User_Operation method: getFfmpegEnabled
2024-08-27 17:22:30.181 [,] [http-nio-8089-exec-1] INFO  User_Operation - [User_Operationlog,20] - After User_Operation method: indexWeb
2024-08-27 17:22:30.184 [,] [http-nio-8089-exec-1] INFO  User_Operation - [User_Operationlog,20] - After User_Operation method: getInformation
2024-08-27 17:23:30.201 [,] [SpringApplicationShutdownHook] INFO  c.z.h.HikariDataSource - [close,350] - HikariPool-1 - Shutdown initiated...
2024-08-27 17:23:30.244 [,] [SpringApplicationShutdownHook] INFO  c.z.h.HikariDataSource - [close,352] - HikariPool-1 - Shutdown completed.
2024-08-27 17:23:42.020 [,] [main] INFO  c.s.a.AIOCompanyApplication - [logStarting,55] - Starting AIOCompanyApplication using Java 1.8.0_411 on DESKTOP-0QJEBFD with PID 2072 (E:\AIO_2024.08.16\AIO - 副本 - 测试\AIO-company\target\classes started by neko in E:\AIO_2024.08.16\AIO - 副本 - 测试\AIO-company)
2024-08-27 17:23:42.026 [,] [main] INFO  c.s.a.AIOCompanyApplication - [logStartupProfileInfo,634] - No active profile set, falling back to 1 default profile: "default"
2024-08-27 17:23:44.218 [,] [main] INFO  o.a.c.h.Http11NioProtocol - [log,173] - Initializing ProtocolHandler ["http-nio-8089"]
2024-08-27 17:23:44.219 [,] [main] INFO  o.a.c.c.StandardService - [log,173] - Starting service [Tomcat]
2024-08-27 17:23:44.219 [,] [main] INFO  o.a.c.c.StandardEngine - [log,173] - Starting Servlet engine: [Apache Tomcat/9.0.68]
2024-08-27 17:23:44.385 [,] [main] INFO  o.a.c.c.C.[.[.[/] - [log,173] - Initializing Spring embedded WebApplicationContext
2024-08-27 17:23:44.641 [,] [main] INFO  o.h.j.i.u.LogHelper - [logPersistenceUnitInformation,31] - HHH000204: Processing PersistenceUnitInfo [name: default]
2024-08-27 17:23:44.689 [,] [main] INFO  o.hibernate.Version - [logVersion,44] - HHH000412: Hibernate ORM core version 5.6.12.Final
2024-08-27 17:23:44.813 [,] [main] INFO  o.h.a.common.Version - [<clinit>,56] - HCANN000001: Hibernate Commons Annotations {5.1.2.Final}
2024-08-27 17:23:44.907 [,] [main] INFO  c.z.h.HikariDataSource - [getConnection,110] - HikariPool-1 - Starting...
2024-08-27 17:23:45.051 [,] [main] INFO  c.z.h.HikariDataSource - [getConnection,123] - HikariPool-1 - Start completed.
2024-08-27 17:23:45.063 [,] [main] INFO  o.h.dialect.Dialect - [<init>,175] - HHH000400: Using dialect: org.hibernate.dialect.MySQL8Dialect
2024-08-27 17:23:45.746 [,] [main] INFO  o.h.e.t.j.p.i.JtaPlatformInitiator - [initiateService,52] - HHH000490: Using JtaPlatform implementation: [org.hibernate.engine.transaction.jta.platform.internal.NoJtaPlatform]
2024-08-27 17:23:48.478 [,] [main] INFO  User_Operation - [User_Operationlog,20] - After User_Operation method: initFFmpeg
2024-08-27 17:23:49.112 [,] [main] INFO  o.a.c.h.Http11NioProtocol - [log,173] - Starting ProtocolHandler ["http-nio-8089"]
2024-08-27 17:23:49.174 [,] [main] INFO  c.s.a.AIOCompanyApplication - [logStarted,61] - Started AIOCompanyApplication in 7.619 seconds (JVM running for 8.948)
2024-08-27 17:23:49.174 [,] [main] INFO  User_Operation - [User_Operationlog,20] - After User_Operation method: onApplicationEvent
2024-08-27 17:23:50.010 [,] [scheduling-1] INFO  User_Operation - [User_Operationlog,20] - After User_Operation method: monitorFfmpegProcess
2024-08-27 17:23:59.736 [,] [http-nio-8089-exec-2] INFO  o.a.c.c.C.[.[.[/] - [log,173] - Initializing Spring DispatcherServlet 'dispatcherServlet'
2024-08-27 17:23:59.762 [,] [http-nio-8089-exec-2] INFO  User_Operation - [User_Operationlog,20] - After User_Operation method: AIO
2024-08-27 17:23:59.762 [,] [http-nio-8089-exec-1] INFO  User_Operation - [User_Operationlog,20] - After User_Operation method: AIO
2024-08-27 17:23:59.807 [,] [http-nio-8089-exec-1] INFO  User_Operation - [User_Operationlog,20] - After User_Operation method: getFfmpegEnabled
2024-08-27 17:23:59.808 [,] [http-nio-8089-exec-1] INFO  User_Operation - [User_Operationlog,20] - After User_Operation method: indexWeb
2024-08-27 17:23:59.811 [,] [http-nio-8089-exec-1] INFO  User_Operation - [User_Operationlog,20] - After User_Operation method: getInformation
2024-08-27 17:23:59.831 [,] [http-nio-8089-exec-2] INFO  User_Operation - [User_Operationlog,20] - After User_Operation method: getFfmpegEnabled
2024-08-27 17:23:59.833 [,] [http-nio-8089-exec-2] INFO  User_Operation - [User_Operationlog,20] - After User_Operation method: indexWeb
2024-08-27 17:23:59.833 [,] [http-nio-8089-exec-2] INFO  User_Operation - [User_Operationlog,20] - After User_Operation method: getInformation
2024-08-27 17:24:00.009 [,] [scheduling-1] INFO  User_Operation - [User_Operationlog,20] - After User_Operation method: monitorFfmpegProcess
2024-08-27 17:27:00.001 [,] [scheduling-1] INFO  User_Operation - [User_Operationlog,20] - After User_Operation method: monitorFfmpegProcess
2024-08-27 17:27:49.381 [,] [SpringApplicationShutdownHook] INFO  c.z.h.HikariDataSource - [close,350] - HikariPool-1 - Shutdown initiated...
2024-08-27 17:27:49.408 [,] [SpringApplicationShutdownHook] INFO  c.z.h.HikariDataSource - [close,352] - HikariPool-1 - Shutdown completed.
2024-08-27 17:28:03.433 [,] [main] INFO  c.s.a.AIOCompanyApplication - [logStarting,55] - Starting AIOCompanyApplication using Java 1.8.0_411 on DESKTOP-0QJEBFD with PID 18808 (E:\AIO_2024.08.16\AIO - 副本 - 测试\AIO-company\target\classes started by neko in E:\AIO_2024.08.16\AIO - 副本 - 测试\AIO-company)
2024-08-27 17:28:03.486 [,] [main] INFO  c.s.a.AIOCompanyApplication - [logStartupProfileInfo,634] - No active profile set, falling back to 1 default profile: "default"
2024-08-27 17:28:05.006 [,] [main] INFO  o.a.c.h.Http11NioProtocol - [log,173] - Initializing ProtocolHandler ["http-nio-8089"]
2024-08-27 17:28:05.006 [,] [main] INFO  o.a.c.c.StandardService - [log,173] - Starting service [Tomcat]
2024-08-27 17:28:05.006 [,] [main] INFO  o.a.c.c.StandardEngine - [log,173] - Starting Servlet engine: [Apache Tomcat/9.0.68]
2024-08-27 17:28:05.129 [,] [main] INFO  o.a.c.c.C.[.[.[/] - [log,173] - Initializing Spring embedded WebApplicationContext
2024-08-27 17:28:05.302 [,] [main] INFO  o.h.j.i.u.LogHelper - [logPersistenceUnitInformation,31] - HHH000204: Processing PersistenceUnitInfo [name: default]
2024-08-27 17:28:05.335 [,] [main] INFO  o.hibernate.Version - [logVersion,44] - HHH000412: Hibernate ORM core version 5.6.12.Final
2024-08-27 17:28:05.439 [,] [main] INFO  o.h.a.common.Version - [<clinit>,56] - HCANN000001: Hibernate Commons Annotations {5.1.2.Final}
2024-08-27 17:28:05.502 [,] [main] INFO  c.z.h.HikariDataSource - [getConnection,110] - HikariPool-1 - Starting...
2024-08-27 17:28:05.628 [,] [main] INFO  c.z.h.HikariDataSource - [getConnection,123] - HikariPool-1 - Start completed.
2024-08-27 17:28:05.637 [,] [main] INFO  o.h.dialect.Dialect - [<init>,175] - HHH000400: Using dialect: org.hibernate.dialect.MySQL8Dialect
2024-08-27 17:28:06.146 [,] [main] INFO  o.h.e.t.j.p.i.JtaPlatformInitiator - [initiateService,52] - HHH000490: Using JtaPlatform implementation: [org.hibernate.engine.transaction.jta.platform.internal.NoJtaPlatform]
2024-08-27 17:28:08.167 [,] [main] INFO  User_Operation - [User_Operationlog,20] - After User_Operation method: initFFmpeg
2024-08-27 17:28:08.762 [,] [main] INFO  o.a.c.h.Http11NioProtocol - [log,173] - Starting ProtocolHandler ["http-nio-8089"]
2024-08-27 17:28:08.836 [,] [main] INFO  c.s.a.AIOCompanyApplication - [logStarted,61] - Started AIOCompanyApplication in 5.728 seconds (JVM running for 6.938)
2024-08-27 17:28:08.836 [,] [main] INFO  User_Operation - [User_Operationlog,20] - After User_Operation method: onApplicationEvent
2024-08-27 17:28:10.011 [,] [scheduling-1] INFO  User_Operation - [User_Operationlog,20] - After User_Operation method: monitorFfmpegProcess
2024-08-27 17:28:20.010 [,] [scheduling-1] INFO  User_Operation - [User_Operationlog,20] - After User_Operation method: monitorFfmpegProcess
2024-08-27 17:30:15.473 [,] [SpringApplicationShutdownHook] INFO  c.z.h.HikariDataSource - [close,350] - HikariPool-1 - Shutdown initiated...
2024-08-27 17:30:15.502 [,] [SpringApplicationShutdownHook] INFO  c.z.h.HikariDataSource - [close,352] - HikariPool-1 - Shutdown completed.
2024-08-27 17:30:29.873 [,] [main] INFO  c.s.a.AIOCompanyApplication - [logStarting,55] - Starting AIOCompanyApplication using Java 1.8.0_411 on DESKTOP-0QJEBFD with PID 24852 (E:\AIO_2024.08.16\AIO - 副本 - 测试\AIO-company\target\classes started by neko in E:\AIO_2024.08.16\AIO - 副本 - 测试\AIO-company)
2024-08-27 17:30:29.877 [,] [main] INFO  c.s.a.AIOCompanyApplication - [logStartupProfileInfo,634] - No active profile set, falling back to 1 default profile: "default"
2024-08-27 17:30:32.237 [,] [main] INFO  o.a.c.h.Http11NioProtocol - [log,173] - Initializing ProtocolHandler ["http-nio-8089"]
2024-08-27 17:30:32.238 [,] [main] INFO  o.a.c.c.StandardService - [log,173] - Starting service [Tomcat]
2024-08-27 17:30:32.238 [,] [main] INFO  o.a.c.c.StandardEngine - [log,173] - Starting Servlet engine: [Apache Tomcat/9.0.68]
2024-08-27 17:30:32.399 [,] [main] INFO  o.a.c.c.C.[.[.[/] - [log,173] - Initializing Spring embedded WebApplicationContext
2024-08-27 17:30:32.675 [,] [main] INFO  o.h.j.i.u.LogHelper - [logPersistenceUnitInformation,31] - HHH000204: Processing PersistenceUnitInfo [name: default]
2024-08-27 17:30:32.721 [,] [main] INFO  o.hibernate.Version - [logVersion,44] - HHH000412: Hibernate ORM core version 5.6.12.Final
2024-08-27 17:30:32.854 [,] [main] INFO  o.h.a.common.Version - [<clinit>,56] - HCANN000001: Hibernate Commons Annotations {5.1.2.Final}
2024-08-27 17:30:32.944 [,] [main] INFO  c.z.h.HikariDataSource - [getConnection,110] - HikariPool-1 - Starting...
2024-08-27 17:30:33.093 [,] [main] INFO  c.z.h.HikariDataSource - [getConnection,123] - HikariPool-1 - Start completed.
2024-08-27 17:30:33.105 [,] [main] INFO  o.h.dialect.Dialect - [<init>,175] - HHH000400: Using dialect: org.hibernate.dialect.MySQL8Dialect
2024-08-27 17:30:33.719 [,] [main] INFO  o.h.e.t.j.p.i.JtaPlatformInitiator - [initiateService,52] - HHH000490: Using JtaPlatform implementation: [org.hibernate.engine.transaction.jta.platform.internal.NoJtaPlatform]
2024-08-27 17:30:36.691 [,] [main] INFO  User_Operation - [User_Operationlog,20] - After User_Operation method: initFFmpeg
2024-08-27 17:30:37.602 [,] [main] INFO  o.a.c.h.Http11NioProtocol - [log,173] - Starting ProtocolHandler ["http-nio-8089"]
2024-08-27 17:30:37.698 [,] [main] INFO  c.s.a.AIOCompanyApplication - [logStarted,61] - Started AIOCompanyApplication in 8.268 seconds (JVM running for 9.705)
2024-08-27 17:30:37.699 [,] [main] INFO  User_Operation - [User_Operationlog,20] - After User_Operation method: onApplicationEvent
2024-08-27 17:30:40.031 [,] [scheduling-1] INFO  User_Operation - [User_Operationlog,20] - After User_Operation method: monitorFfmpegProcess
2024-08-27 17:30:50.011 [,] [scheduling-1] INFO  User_Operation - [User_Operationlog,20] - After User_Operation method: monitorFfmpegProcess
2024-08-27 17:35:48.871 [,] [SpringApplicationShutdownHook] INFO  c.z.h.HikariDataSource - [close,350] - HikariPool-1 - Shutdown initiated...
2024-08-27 17:35:48.882 [,] [SpringApplicationShutdownHook] INFO  c.z.h.HikariDataSource - [close,352] - HikariPool-1 - Shutdown completed.
2024-08-27 17:36:01.442 [,] [main] INFO  c.s.a.AIOCompanyApplication - [logStarting,55] - Starting AIOCompanyApplication using Java 1.8.0_411 on DESKTOP-0QJEBFD with PID 8968 (E:\AIO_2024.08.16\AIO - 副本 - 测试\AIO-company\target\classes started by neko in E:\AIO_2024.08.16\AIO - 副本 - 测试\AIO-company)
2024-08-27 17:36:01.500 [,] [main] INFO  c.s.a.AIOCompanyApplication - [logStartupProfileInfo,634] - No active profile set, falling back to 1 default profile: "default"
2024-08-27 17:36:03.726 [,] [main] INFO  o.a.c.h.Http11NioProtocol - [log,173] - Initializing ProtocolHandler ["http-nio-8089"]
2024-08-27 17:36:03.727 [,] [main] INFO  o.a.c.c.StandardService - [log,173] - Starting service [Tomcat]
2024-08-27 17:36:03.728 [,] [main] INFO  o.a.c.c.StandardEngine - [log,173] - Starting Servlet engine: [Apache Tomcat/9.0.68]
2024-08-27 17:36:03.881 [,] [main] INFO  o.a.c.c.C.[.[.[/] - [log,173] - Initializing Spring embedded WebApplicationContext
2024-08-27 17:36:04.135 [,] [main] INFO  o.h.j.i.u.LogHelper - [logPersistenceUnitInformation,31] - HHH000204: Processing PersistenceUnitInfo [name: default]
2024-08-27 17:36:04.181 [,] [main] INFO  o.hibernate.Version - [logVersion,44] - HHH000412: Hibernate ORM core version 5.6.12.Final
2024-08-27 17:36:04.317 [,] [main] INFO  o.h.a.common.Version - [<clinit>,56] - HCANN000001: Hibernate Commons Annotations {5.1.2.Final}
2024-08-27 17:36:04.411 [,] [main] INFO  c.z.h.HikariDataSource - [getConnection,110] - HikariPool-1 - Starting...
2024-08-27 17:36:04.692 [,] [main] INFO  c.z.h.HikariDataSource - [getConnection,123] - HikariPool-1 - Start completed.
2024-08-27 17:36:04.706 [,] [main] INFO  o.h.dialect.Dialect - [<init>,175] - HHH000400: Using dialect: org.hibernate.dialect.MySQL8Dialect
2024-08-27 17:36:05.276 [,] [main] INFO  o.h.e.t.j.p.i.JtaPlatformInitiator - [initiateService,52] - HHH000490: Using JtaPlatform implementation: [org.hibernate.engine.transaction.jta.platform.internal.NoJtaPlatform]
2024-08-27 17:36:07.922 [,] [main] INFO  User_Operation - [User_Operationlog,20] - After User_Operation method: initFFmpeg
2024-08-27 17:36:08.768 [,] [main] INFO  o.a.c.h.Http11NioProtocol - [log,173] - Starting ProtocolHandler ["http-nio-8089"]
2024-08-27 17:36:08.847 [,] [main] INFO  c.s.a.AIOCompanyApplication - [logStarted,61] - Started AIOCompanyApplication in 7.854 seconds (JVM running for 9.161)
2024-08-27 17:36:08.847 [,] [main] INFO  User_Operation - [User_Operationlog,20] - After User_Operation method: onApplicationEvent
2024-08-27 17:36:10.010 [,] [scheduling-1] INFO  User_Operation - [User_Operationlog,20] - After User_Operation method: monitorFfmpegProcess
2024-08-27 17:36:20.009 [,] [scheduling-1] INFO  User_Operation - [User_Operationlog,20] - After User_Operation method: monitorFfmpegProcess
2024-08-27 17:36:54.259 [,] [http-nio-8089-exec-1] INFO  o.a.c.c.C.[.[.[/] - [log,173] - Initializing Spring DispatcherServlet 'dispatcherServlet'
2024-08-27 17:41:50.015 [,] [scheduling-1] INFO  User_Operation - [User_Operationlog,20] - After User_Operation method: monitorFfmpegProcess
2024-08-27 17:43:40.008 [,] [scheduling-1] INFO  User_Operation - [User_Operationlog,20] - After User_Operation method: monitorFfmpegProcess
2024-08-27 17:45:00.018 [,] [scheduling-1] INFO  User_Operation - [User_Operationlog,20] - After User_Operation method: monitorFfmpegProcess
2024-08-27 17:46:30.012 [,] [scheduling-1] INFO  User_Operation - [User_Operationlog,20] - After User_Operation method: monitorFfmpegProcess
2024-08-27 17:49:00.011 [,] [scheduling-1] INFO  User_Operation - [User_Operationlog,20] - After User_Operation method: monitorFfmpegProcess
2024-08-27 17:49:10.005 [,] [scheduling-1] INFO  User_Operation - [User_Operationlog,20] - After User_Operation method: monitorFfmpegProcess
2024-08-27 17:49:20.013 [,] [scheduling-1] INFO  User_Operation - [User_Operationlog,20] - After User_Operation method: monitorFfmpegProcess
2024-08-27 17:49:30.008 [,] [scheduling-1] INFO  User_Operation - [User_Operationlog,20] - After User_Operation method: monitorFfmpegProcess
2024-08-27 17:49:40.015 [,] [scheduling-1] INFO  User_Operation - [User_Operationlog,20] - After User_Operation method: monitorFfmpegProcess
2024-08-27 17:49:50.008 [,] [scheduling-1] INFO  User_Operation - [User_Operationlog,20] - After User_Operation method: monitorFfmpegProcess
2024-08-27 17:50:00.015 [,] [scheduling-1] INFO  User_Operation - [User_Operationlog,20] - After User_Operation method: monitorFfmpegProcess
2024-08-27 17:50:10.003 [,] [scheduling-1] INFO  User_Operation - [User_Operationlog,20] - After User_Operation method: monitorFfmpegProcess
2024-08-27 17:50:20.009 [,] [scheduling-1] INFO  User_Operation - [User_Operationlog,20] - After User_Operation method: monitorFfmpegProcess
2024-08-27 17:50:30.017 [,] [scheduling-1] INFO  User_Operation - [User_Operationlog,20] - After User_Operation method: monitorFfmpegProcess
2024-08-27 17:50:40.004 [,] [scheduling-1] INFO  User_Operation - [User_Operationlog,20] - After User_Operation method: monitorFfmpegProcess
2024-08-27 17:50:50.014 [,] [scheduling-1] INFO  User_Operation - [User_Operationlog,20] - After User_Operation method: monitorFfmpegProcess
2024-08-27 17:51:00.001 [,] [scheduling-1] INFO  User_Operation - [User_Operationlog,20] - After User_Operation method: monitorFfmpegProcess
2024-08-27 17:51:10.011 [,] [scheduling-1] INFO  User_Operation - [User_Operationlog,20] - After User_Operation method: monitorFfmpegProcess
