2024-08-27 00:00:42,696 INFO [main] c.s.a.b.c.InitFFmpeg [InitFFmpeg.java:59] 加载海康SDK...
2024-08-27 00:00:43,015 INFO [main] c.s.a.b.c.InitFFmpeg [InitFFmpeg.java:61] 加载完成
2024-08-27 00:02:24,915 ERROR [scheduling-1] c.s.a.b.c.InitFFmpeg [InitFFmpeg.java:111] 快照进程开启成功！
2024-08-27 00:02:24,917 ERROR [scheduling-1] c.s.a.b.c.InitFFmpeg [InitFFmpeg.java:140] 进程26336异常结束，准备重新开启推流进程。
2024-08-27 00:02:24,924 ERROR [scheduling-1] c.s.a.b.c.InitFFmpeg [InitFFmpeg.java:144] 推流进程开启成功！
2024-08-27 00:04:11,705 ERROR [scheduling-1] c.s.a.b.c.InitFFmpeg [InitFFmpeg.java:111] 快照进程开启成功！
2024-08-27 00:04:11,705 ERROR [scheduling-1] c.s.a.b.c.InitFFmpeg [InitFFmpeg.java:140] 进程1620异常结束，准备重新开启推流进程。
2024-08-27 00:04:11,716 ERROR [scheduling-1] c.s.a.b.c.InitFFmpeg [InitFFmpeg.java:144] 推流进程开启成功！
2024-08-27 00:04:54,142 ERROR [scheduling-1] c.s.a.b.c.InitFFmpeg [InitFFmpeg.java:111] 快照进程开启成功！
2024-08-27 00:04:54,143 ERROR [scheduling-1] c.s.a.b.c.InitFFmpeg [InitFFmpeg.java:140] 进程5804异常结束，准备重新开启推流进程。
2024-08-27 00:04:54,149 ERROR [scheduling-1] c.s.a.b.c.InitFFmpeg [InitFFmpeg.java:144] 推流进程开启成功！
2024-08-27 00:06:23,681 ERROR [scheduling-1] c.s.a.b.c.InitFFmpeg [InitFFmpeg.java:111] 快照进程开启成功！
2024-08-27 00:06:23,682 ERROR [scheduling-1] c.s.a.b.c.InitFFmpeg [InitFFmpeg.java:140] 进程9816异常结束，准备重新开启推流进程。
2024-08-27 00:06:23,692 ERROR [scheduling-1] c.s.a.b.c.InitFFmpeg [InitFFmpeg.java:144] 推流进程开启成功！
2024-08-27 00:07:42,584 ERROR [scheduling-1] c.s.a.b.c.InitFFmpeg [InitFFmpeg.java:111] 快照进程开启成功！
2024-08-27 00:07:42,584 ERROR [scheduling-1] c.s.a.b.c.InitFFmpeg [InitFFmpeg.java:140] 进程21800异常结束，准备重新开启推流进程。
2024-08-27 00:07:42,694 ERROR [scheduling-1] c.s.a.b.c.InitFFmpeg [InitFFmpeg.java:144] 推流进程开启成功！
2024-08-27 00:09:22,939 INFO [main] c.s.a.b.c.InitFFmpeg [InitFFmpeg.java:59] 加载海康SDK...
2024-08-27 00:09:23,208 INFO [main] c.s.a.b.c.InitFFmpeg [InitFFmpeg.java:61] 加载完成
2024-08-27 00:10:20,408 ERROR [scheduling-1] c.s.a.b.c.InitFFmpeg [InitFFmpeg.java:111] 快照进程开启成功！
2024-08-27 00:10:20,411 ERROR [scheduling-1] c.s.a.b.c.InitFFmpeg [InitFFmpeg.java:140] 进程26060异常结束，准备重新开启推流进程。
2024-08-27 00:10:20,416 ERROR [scheduling-1] c.s.a.b.c.InitFFmpeg [InitFFmpeg.java:144] 推流进程开启成功！
2024-08-27 00:12:15,606 ERROR [scheduling-1] c.s.a.b.c.InitFFmpeg [InitFFmpeg.java:111] 快照进程开启成功！
2024-08-27 00:12:15,606 ERROR [scheduling-1] c.s.a.b.c.InitFFmpeg [InitFFmpeg.java:140] 进程15336异常结束，准备重新开启推流进程。
2024-08-27 00:12:15,619 ERROR [scheduling-1] c.s.a.b.c.InitFFmpeg [InitFFmpeg.java:144] 推流进程开启成功！
2024-08-27 00:13:44,051 ERROR [scheduling-1] c.s.a.b.c.InitFFmpeg [InitFFmpeg.java:111] 快照进程开启成功！
2024-08-27 00:13:44,052 ERROR [scheduling-1] c.s.a.b.c.InitFFmpeg [InitFFmpeg.java:140] 进程20820异常结束，准备重新开启推流进程。
2024-08-27 00:13:44,083 ERROR [scheduling-1] c.s.a.b.c.InitFFmpeg [InitFFmpeg.java:144] 推流进程开启成功！
2024-08-27 00:14:30,045 ERROR [scheduling-1] c.s.a.b.c.InitFFmpeg [InitFFmpeg.java:111] 快照进程开启成功！
2024-08-27 00:14:30,045 ERROR [scheduling-1] c.s.a.b.c.InitFFmpeg [InitFFmpeg.java:140] 进程25604异常结束，准备重新开启推流进程。
2024-08-27 00:14:30,054 ERROR [scheduling-1] c.s.a.b.c.InitFFmpeg [InitFFmpeg.java:144] 推流进程开启成功！
2024-08-27 00:15:22,919 ERROR [scheduling-1] c.s.a.b.c.InitFFmpeg [InitFFmpeg.java:111] 快照进程开启成功！
2024-08-27 00:15:22,919 ERROR [scheduling-1] c.s.a.b.c.InitFFmpeg [InitFFmpeg.java:140] 进程17324异常结束，准备重新开启推流进程。
2024-08-27 00:15:22,944 ERROR [scheduling-1] c.s.a.b.c.InitFFmpeg [InitFFmpeg.java:144] 推流进程开启成功！
2024-08-27 00:16:18,918 ERROR [scheduling-1] c.s.a.b.c.InitFFmpeg [InitFFmpeg.java:111] 快照进程开启成功！
2024-08-27 00:16:18,919 ERROR [scheduling-1] c.s.a.b.c.InitFFmpeg [InitFFmpeg.java:140] 进程17456异常结束，准备重新开启推流进程。
2024-08-27 00:16:18,942 ERROR [scheduling-1] c.s.a.b.c.InitFFmpeg [InitFFmpeg.java:144] 推流进程开启成功！
2024-08-27 00:17:32,946 INFO [main] c.s.a.b.c.InitFFmpeg [InitFFmpeg.java:59] 加载海康SDK...
2024-08-27 00:17:33,115 INFO [main] c.s.a.b.c.InitFFmpeg [InitFFmpeg.java:61] 加载完成
2024-08-27 00:18:38,092 ERROR [scheduling-1] c.s.a.b.c.InitFFmpeg [InitFFmpeg.java:111] 快照进程开启成功！
2024-08-27 00:18:38,093 ERROR [scheduling-1] c.s.a.b.c.InitFFmpeg [InitFFmpeg.java:140] 进程13940异常结束，准备重新开启推流进程。
2024-08-27 00:18:38,099 ERROR [scheduling-1] c.s.a.b.c.InitFFmpeg [InitFFmpeg.java:144] 推流进程开启成功！
2024-08-27 00:20:27,390 ERROR [scheduling-1] c.s.a.b.c.InitFFmpeg [InitFFmpeg.java:111] 快照进程开启成功！
2024-08-27 00:20:27,393 ERROR [scheduling-1] c.s.a.b.c.InitFFmpeg [InitFFmpeg.java:140] 进程22836异常结束，准备重新开启推流进程。
2024-08-27 00:20:27,448 ERROR [scheduling-1] c.s.a.b.c.InitFFmpeg [InitFFmpeg.java:144] 推流进程开启成功！
2024-08-27 00:21:18,289 ERROR [scheduling-1] c.s.a.b.c.InitFFmpeg [InitFFmpeg.java:111] 快照进程开启成功！
2024-08-27 00:21:18,289 ERROR [scheduling-1] c.s.a.b.c.InitFFmpeg [InitFFmpeg.java:140] 进程10324异常结束，准备重新开启推流进程。
2024-08-27 00:21:18,298 ERROR [scheduling-1] c.s.a.b.c.InitFFmpeg [InitFFmpeg.java:144] 推流进程开启成功！
2024-08-27 00:22:33,005 ERROR [scheduling-1] c.s.a.b.c.InitFFmpeg [InitFFmpeg.java:111] 快照进程开启成功！
2024-08-27 00:22:33,005 ERROR [scheduling-1] c.s.a.b.c.InitFFmpeg [InitFFmpeg.java:140] 进程13380异常结束，准备重新开启推流进程。
2024-08-27 00:22:33,035 ERROR [scheduling-1] c.s.a.b.c.InitFFmpeg [InitFFmpeg.java:144] 推流进程开启成功！
2024-08-27 00:24:05,929 ERROR [scheduling-1] c.s.a.b.c.InitFFmpeg [InitFFmpeg.java:111] 快照进程开启成功！
2024-08-27 00:24:05,930 ERROR [scheduling-1] c.s.a.b.c.InitFFmpeg [InitFFmpeg.java:140] 进程6260异常结束，准备重新开启推流进程。
2024-08-27 00:24:05,949 ERROR [scheduling-1] c.s.a.b.c.InitFFmpeg [InitFFmpeg.java:144] 推流进程开启成功！
2024-08-27 00:26:15,058 ERROR [scheduling-1] c.s.a.b.c.InitFFmpeg [InitFFmpeg.java:111] 快照进程开启成功！
2024-08-27 00:26:15,058 ERROR [scheduling-1] c.s.a.b.c.InitFFmpeg [InitFFmpeg.java:140] 进程16656异常结束，准备重新开启推流进程。
2024-08-27 00:26:15,126 ERROR [scheduling-1] c.s.a.b.c.InitFFmpeg [InitFFmpeg.java:144] 推流进程开启成功！
2024-08-27 00:28:16,003 ERROR [scheduling-1] c.s.a.b.c.InitFFmpeg [InitFFmpeg.java:111] 快照进程开启成功！
2024-08-27 00:28:16,004 ERROR [scheduling-1] c.s.a.b.c.InitFFmpeg [InitFFmpeg.java:140] 进程11696异常结束，准备重新开启推流进程。
2024-08-27 00:28:16,088 ERROR [scheduling-1] c.s.a.b.c.InitFFmpeg [InitFFmpeg.java:144] 推流进程开启成功！
2024-08-27 00:29:24,028 ERROR [scheduling-1] c.s.a.b.c.InitFFmpeg [InitFFmpeg.java:111] 快照进程开启成功！
2024-08-27 00:29:24,028 ERROR [scheduling-1] c.s.a.b.c.InitFFmpeg [InitFFmpeg.java:140] 进程16984异常结束，准备重新开启推流进程。
2024-08-27 00:29:24,200 ERROR [scheduling-1] c.s.a.b.c.InitFFmpeg [InitFFmpeg.java:144] 推流进程开启成功！
2024-08-27 00:46:12,942 INFO [main] c.s.a.b.c.InitFFmpeg [InitFFmpeg.java:59] 加载海康SDK...
2024-08-27 00:46:13,211 INFO [main] c.s.a.b.c.InitFFmpeg [InitFFmpeg.java:61] 加载完成
2024-08-27 00:46:59,387 INFO [http-nio-8089-exec-1] c.s.a.b.c.BaseController [BaseController.java:82] 用户：admin登陆系统
2024-08-27 00:46:59,523 INFO [http-nio-8089-exec-1] c.s.a.b.i.InformationController [InformationController.java:48] 进入首页成功！
2024-08-27 00:48:08,686 ERROR [scheduling-1] c.s.a.b.c.InitFFmpeg [InitFFmpeg.java:111] 快照进程开启成功！
2024-08-27 00:48:08,690 ERROR [scheduling-1] c.s.a.b.c.InitFFmpeg [InitFFmpeg.java:140] 进程19212异常结束，准备重新开启推流进程。
2024-08-27 00:48:08,696 ERROR [scheduling-1] c.s.a.b.c.InitFFmpeg [InitFFmpeg.java:144] 推流进程开启成功！
2024-08-27 00:48:39,295 INFO [main] c.s.a.b.c.InitFFmpeg [InitFFmpeg.java:59] 加载海康SDK...
2024-08-27 00:48:39,622 INFO [main] c.s.a.b.c.InitFFmpeg [InitFFmpeg.java:61] 加载完成
2024-08-27 00:51:00,702 INFO [main] c.s.a.b.c.InitFFmpeg [InitFFmpeg.java:59] 加载海康SDK...
2024-08-27 00:51:00,850 INFO [main] c.s.a.b.c.InitFFmpeg [InitFFmpeg.java:61] 加载完成
2024-08-27 00:51:10,002 ERROR [scheduling-1] c.s.a.b.c.InitFFmpeg [InitFFmpeg.java:140] 进程23600异常结束，准备重新开启推流进程。
2024-08-27 00:51:10,013 ERROR [scheduling-1] c.s.a.b.c.InitFFmpeg [InitFFmpeg.java:144] 推流进程开启成功！
2024-08-27 00:59:36,617 INFO [main] c.s.a.b.c.InitFFmpeg [InitFFmpeg.java:59] 加载海康SDK...
2024-08-27 00:59:36,685 INFO [main] c.s.a.b.c.InitFFmpeg [InitFFmpeg.java:61] 加载完成
2024-08-27 00:59:40,006 ERROR [scheduling-1] c.s.a.b.c.InitFFmpeg [InitFFmpeg.java:140] 进程2848异常结束，准备重新开启推流进程。
2024-08-27 00:59:40,011 ERROR [scheduling-1] c.s.a.b.c.InitFFmpeg [InitFFmpeg.java:144] 推流进程开启成功！
2024-08-27 01:04:02,616 ERROR [scheduling-1] c.s.a.b.c.InitFFmpeg [InitFFmpeg.java:111] 快照进程开启成功！
2024-08-27 01:04:02,617 ERROR [scheduling-1] c.s.a.b.c.InitFFmpeg [InitFFmpeg.java:140] 进程8916异常结束，准备重新开启推流进程。
2024-08-27 01:04:02,632 ERROR [scheduling-1] c.s.a.b.c.InitFFmpeg [InitFFmpeg.java:144] 推流进程开启成功！
2024-08-27 01:05:48,201 ERROR [scheduling-1] c.s.a.b.c.InitFFmpeg [InitFFmpeg.java:111] 快照进程开启成功！
2024-08-27 01:05:48,202 ERROR [scheduling-1] c.s.a.b.c.InitFFmpeg [InitFFmpeg.java:140] 进程22000异常结束，准备重新开启推流进程。
2024-08-27 01:05:48,208 ERROR [scheduling-1] c.s.a.b.c.InitFFmpeg [InitFFmpeg.java:144] 推流进程开启成功！
2024-08-27 01:07:19,567 ERROR [scheduling-1] c.s.a.b.c.InitFFmpeg [InitFFmpeg.java:111] 快照进程开启成功！
2024-08-27 01:07:19,568 ERROR [scheduling-1] c.s.a.b.c.InitFFmpeg [InitFFmpeg.java:140] 进程23940异常结束，准备重新开启推流进程。
2024-08-27 01:07:19,584 ERROR [scheduling-1] c.s.a.b.c.InitFFmpeg [InitFFmpeg.java:144] 推流进程开启成功！
2024-08-27 01:08:38,670 ERROR [scheduling-1] c.s.a.b.c.InitFFmpeg [InitFFmpeg.java:111] 快照进程开启成功！
2024-08-27 01:08:38,670 ERROR [scheduling-1] c.s.a.b.c.InitFFmpeg [InitFFmpeg.java:140] 进程7708异常结束，准备重新开启推流进程。
2024-08-27 01:08:38,679 ERROR [scheduling-1] c.s.a.b.c.InitFFmpeg [InitFFmpeg.java:144] 推流进程开启成功！
2024-08-27 01:09:35,352 ERROR [scheduling-1] c.s.a.b.c.InitFFmpeg [InitFFmpeg.java:111] 快照进程开启成功！
2024-08-27 01:09:35,353 ERROR [scheduling-1] c.s.a.b.c.InitFFmpeg [InitFFmpeg.java:140] 进程23756异常结束，准备重新开启推流进程。
2024-08-27 01:09:35,385 ERROR [scheduling-1] c.s.a.b.c.InitFFmpeg [InitFFmpeg.java:144] 推流进程开启成功！
2024-08-27 01:10:53,747 ERROR [scheduling-1] c.s.a.b.c.InitFFmpeg [InitFFmpeg.java:111] 快照进程开启成功！
2024-08-27 01:10:53,748 ERROR [scheduling-1] c.s.a.b.c.InitFFmpeg [InitFFmpeg.java:140] 进程11096异常结束，准备重新开启推流进程。
2024-08-27 01:10:53,786 ERROR [scheduling-1] c.s.a.b.c.InitFFmpeg [InitFFmpeg.java:144] 推流进程开启成功！
2024-08-27 01:11:59,030 ERROR [scheduling-1] c.s.a.b.c.InitFFmpeg [InitFFmpeg.java:111] 快照进程开启成功！
2024-08-27 01:11:59,030 ERROR [scheduling-1] c.s.a.b.c.InitFFmpeg [InitFFmpeg.java:140] 进程14704异常结束，准备重新开启推流进程。
2024-08-27 01:11:59,100 ERROR [scheduling-1] c.s.a.b.c.InitFFmpeg [InitFFmpeg.java:144] 推流进程开启成功！
2024-08-27 01:13:11,651 ERROR [scheduling-1] c.s.a.b.c.InitFFmpeg [InitFFmpeg.java:111] 快照进程开启成功！
2024-08-27 01:13:11,651 ERROR [scheduling-1] c.s.a.b.c.InitFFmpeg [InitFFmpeg.java:140] 进程23412异常结束，准备重新开启推流进程。
2024-08-27 01:13:11,795 ERROR [scheduling-1] c.s.a.b.c.InitFFmpeg [InitFFmpeg.java:144] 推流进程开启成功！
2024-08-27 01:15:24,301 ERROR [scheduling-1] c.s.a.b.c.InitFFmpeg [InitFFmpeg.java:111] 快照进程开启成功！
2024-08-27 01:15:24,302 ERROR [scheduling-1] c.s.a.b.c.InitFFmpeg [InitFFmpeg.java:140] 进程14692异常结束，准备重新开启推流进程。
2024-08-27 01:15:24,394 ERROR [scheduling-1] c.s.a.b.c.InitFFmpeg [InitFFmpeg.java:144] 推流进程开启成功！
2024-08-27 01:16:31,481 ERROR [scheduling-1] c.s.a.b.c.InitFFmpeg [InitFFmpeg.java:111] 快照进程开启成功！
2024-08-27 01:16:31,482 ERROR [scheduling-1] c.s.a.b.c.InitFFmpeg [InitFFmpeg.java:140] 进程12852异常结束，准备重新开启推流进程。
2024-08-27 01:16:31,613 ERROR [scheduling-1] c.s.a.b.c.InitFFmpeg [InitFFmpeg.java:144] 推流进程开启成功！
2024-08-27 01:33:20,575 INFO [main] c.s.a.b.c.InitFFmpeg [InitFFmpeg.java:59] 加载海康SDK...
2024-08-27 01:33:21,530 INFO [main] c.s.a.b.c.InitFFmpeg [InitFFmpeg.java:61] 加载完成
2024-08-27 01:34:50,276 INFO [main] c.s.a.b.c.InitFFmpeg [InitFFmpeg.java:59] 加载海康SDK...
2024-08-27 01:34:50,409 INFO [main] c.s.a.b.c.InitFFmpeg [InitFFmpeg.java:61] 加载完成
2024-08-27 01:36:52,264 ERROR [scheduling-1] c.s.a.b.c.InitFFmpeg [InitFFmpeg.java:111] 快照进程开启成功！
2024-08-27 01:36:52,265 ERROR [scheduling-1] c.s.a.b.c.InitFFmpeg [InitFFmpeg.java:140] 进程14720异常结束，准备重新开启推流进程。
2024-08-27 01:36:52,271 ERROR [scheduling-1] c.s.a.b.c.InitFFmpeg [InitFFmpeg.java:144] 推流进程开启成功！
2024-08-27 01:38:09,459 INFO [main] c.s.a.b.c.InitFFmpeg [InitFFmpeg.java:59] 加载海康SDK...
2024-08-27 01:38:09,527 INFO [main] c.s.a.b.c.InitFFmpeg [InitFFmpeg.java:61] 加载完成
2024-08-27 01:39:33,129 ERROR [scheduling-1] c.s.a.b.c.InitFFmpeg [InitFFmpeg.java:111] 快照进程开启成功！
2024-08-27 01:39:33,131 ERROR [scheduling-1] c.s.a.b.c.InitFFmpeg [InitFFmpeg.java:140] 进程11616异常结束，准备重新开启推流进程。
2024-08-27 01:39:33,138 ERROR [scheduling-1] c.s.a.b.c.InitFFmpeg [InitFFmpeg.java:144] 推流进程开启成功！
2024-08-27 01:39:52,233 INFO [main] c.s.a.b.c.InitFFmpeg [InitFFmpeg.java:59] 加载海康SDK...
2024-08-27 01:39:52,309 INFO [main] c.s.a.b.c.InitFFmpeg [InitFFmpeg.java:61] 加载完成
2024-08-27 01:42:10,741 INFO [main] c.s.a.b.c.InitFFmpeg [InitFFmpeg.java:59] 加载海康SDK...
2024-08-27 01:42:10,880 INFO [main] c.s.a.b.c.InitFFmpeg [InitFFmpeg.java:61] 加载完成
2024-08-27 01:43:48,587 INFO [main] c.s.a.b.c.InitFFmpeg [InitFFmpeg.java:59] 加载海康SDK...
2024-08-27 01:43:48,692 INFO [main] c.s.a.b.c.InitFFmpeg [InitFFmpeg.java:61] 加载完成
2024-08-27 01:45:55,063 INFO [main] c.s.a.b.c.InitFFmpeg [InitFFmpeg.java:59] 加载海康SDK...
2024-08-27 01:45:55,151 INFO [main] c.s.a.b.c.InitFFmpeg [InitFFmpeg.java:61] 加载完成
2024-08-27 01:46:00,005 ERROR [scheduling-1] c.s.a.b.c.InitFFmpeg [InitFFmpeg.java:140] 进程24124异常结束，准备重新开启推流进程。
2024-08-27 01:46:00,010 ERROR [scheduling-1] c.s.a.b.c.InitFFmpeg [InitFFmpeg.java:144] 推流进程开启成功！
2024-08-27 01:47:11,689 ERROR [scheduling-1] c.s.a.b.c.InitFFmpeg [InitFFmpeg.java:111] 快照进程开启成功！
2024-08-27 01:47:11,690 ERROR [scheduling-1] c.s.a.b.c.InitFFmpeg [InitFFmpeg.java:140] 进程20832异常结束，准备重新开启推流进程。
2024-08-27 01:47:11,698 ERROR [scheduling-1] c.s.a.b.c.InitFFmpeg [InitFFmpeg.java:144] 推流进程开启成功！
2024-08-27 01:48:31,806 ERROR [scheduling-1] c.s.a.b.c.InitFFmpeg [InitFFmpeg.java:111] 快照进程开启成功！
2024-08-27 01:48:31,806 ERROR [scheduling-1] c.s.a.b.c.InitFFmpeg [InitFFmpeg.java:140] 进程17768异常结束，准备重新开启推流进程。
2024-08-27 01:48:31,823 ERROR [scheduling-1] c.s.a.b.c.InitFFmpeg [InitFFmpeg.java:144] 推流进程开启成功！
2024-08-27 01:49:55,269 INFO [main] c.s.a.b.c.InitFFmpeg [InitFFmpeg.java:59] 加载海康SDK...
2024-08-27 01:49:55,403 INFO [main] c.s.a.b.c.InitFFmpeg [InitFFmpeg.java:61] 加载完成
2024-08-27 01:52:01,906 INFO [main] c.s.a.b.c.InitFFmpeg [InitFFmpeg.java:59] 加载海康SDK...
2024-08-27 01:52:01,995 INFO [main] c.s.a.b.c.InitFFmpeg [InitFFmpeg.java:61] 加载完成
2024-08-27 01:54:03,786 ERROR [scheduling-1] c.s.a.b.c.InitFFmpeg [InitFFmpeg.java:111] 快照进程开启成功！
2024-08-27 01:54:03,802 ERROR [scheduling-1] c.s.a.b.c.InitFFmpeg [InitFFmpeg.java:140] 进程5472异常结束，准备重新开启推流进程。
2024-08-27 01:54:03,810 ERROR [scheduling-1] c.s.a.b.c.InitFFmpeg [InitFFmpeg.java:144] 推流进程开启成功！
2024-08-27 01:55:06,579 INFO [main] c.s.a.b.c.InitFFmpeg [InitFFmpeg.java:59] 加载海康SDK...
2024-08-27 01:55:06,828 INFO [main] c.s.a.b.c.InitFFmpeg [InitFFmpeg.java:61] 加载完成
2024-08-27 01:55:10,013 ERROR [scheduling-1] c.s.a.b.c.InitFFmpeg [InitFFmpeg.java:140] 进程9456异常结束，准备重新开启推流进程。
2024-08-27 01:55:10,018 ERROR [scheduling-1] c.s.a.b.c.InitFFmpeg [InitFFmpeg.java:144] 推流进程开启成功！
2024-08-27 01:57:13,628 INFO [main] c.s.a.b.c.InitFFmpeg [InitFFmpeg.java:59] 加载海康SDK...
2024-08-27 01:57:13,711 INFO [main] c.s.a.b.c.InitFFmpeg [InitFFmpeg.java:61] 加载完成
2024-08-27 16:54:13,109 INFO [main] c.s.a.b.c.InitFFmpeg [InitFFmpeg.java:59] 加载海康SDK...
2024-08-27 16:54:13,393 INFO [main] c.s.a.b.c.InitFFmpeg [InitFFmpeg.java:61] 加载完成
2024-08-27 16:54:20,012 ERROR [scheduling-1] c.s.a.b.c.InitFFmpeg [InitFFmpeg.java:140] 进程25256异常结束，准备重新开启推流进程。
2024-08-27 16:54:20,016 ERROR [scheduling-1] c.s.a.b.c.InitFFmpeg [InitFFmpeg.java:144] 推流进程开启成功！
2024-08-27 16:55:10,264 INFO [http-nio-8089-exec-8] c.s.a.u.s.UserService [UserService.java:169] 使用用户名登录 : admin
2024-08-27 16:55:10,306 INFO [http-nio-8089-exec-8] c.s.a.u.s.UserService [UserService.java:180] 登录成功
2024-08-27 16:55:10,307 INFO [http-nio-8089-exec-8] c.s.a.u.c.UserController [UserController.java:151] 用户admin登录成功
2024-08-27 16:55:10,439 INFO [http-nio-8089-exec-8] c.s.a.b.i.InformationController [InformationController.java:48] 进入首页成功！
2024-08-27 17:00:24,876 ERROR [scheduling-1] c.s.a.b.c.InitFFmpeg [InitFFmpeg.java:111] 快照进程开启成功！
2024-08-27 17:00:25,793 ERROR [scheduling-1] c.s.a.b.c.InitFFmpeg [InitFFmpeg.java:140] 进程11660异常结束，准备重新开启推流进程。
2024-08-27 17:00:25,897 ERROR [scheduling-1] c.s.a.b.c.InitFFmpeg [InitFFmpeg.java:144] 推流进程开启成功！
2024-08-27 17:01:19,540 ERROR [scheduling-1] c.s.a.b.c.InitFFmpeg [InitFFmpeg.java:111] 快照进程开启成功！
2024-08-27 17:01:19,540 ERROR [scheduling-1] c.s.a.b.c.InitFFmpeg [InitFFmpeg.java:140] 进程7188异常结束，准备重新开启推流进程。
2024-08-27 17:01:19,547 ERROR [scheduling-1] c.s.a.b.c.InitFFmpeg [InitFFmpeg.java:144] 推流进程开启成功！
2024-08-27 17:02:03,834 ERROR [scheduling-1] c.s.a.b.c.InitFFmpeg [InitFFmpeg.java:111] 快照进程开启成功！
2024-08-27 17:02:03,834 ERROR [scheduling-1] c.s.a.b.c.InitFFmpeg [InitFFmpeg.java:140] 进程25328异常结束，准备重新开启推流进程。
2024-08-27 17:02:03,913 ERROR [scheduling-1] c.s.a.b.c.InitFFmpeg [InitFFmpeg.java:144] 推流进程开启成功！
2024-08-27 17:03:01,789 ERROR [scheduling-1] c.s.a.b.c.InitFFmpeg [InitFFmpeg.java:111] 快照进程开启成功！
2024-08-27 17:03:01,789 ERROR [scheduling-1] c.s.a.b.c.InitFFmpeg [InitFFmpeg.java:140] 进程26444异常结束，准备重新开启推流进程。
2024-08-27 17:03:01,795 ERROR [scheduling-1] c.s.a.b.c.InitFFmpeg [InitFFmpeg.java:144] 推流进程开启成功！
2024-08-27 17:04:17,527 ERROR [scheduling-1] c.s.a.b.c.InitFFmpeg [InitFFmpeg.java:111] 快照进程开启成功！
2024-08-27 17:04:17,528 ERROR [scheduling-1] c.s.a.b.c.InitFFmpeg [InitFFmpeg.java:140] 进程8164异常结束，准备重新开启推流进程。
2024-08-27 17:04:17,541 ERROR [scheduling-1] c.s.a.b.c.InitFFmpeg [InitFFmpeg.java:144] 推流进程开启成功！
2024-08-27 17:05:08,424 ERROR [scheduling-1] c.s.a.b.c.InitFFmpeg [InitFFmpeg.java:111] 快照进程开启成功！
2024-08-27 17:05:08,424 ERROR [scheduling-1] c.s.a.b.c.InitFFmpeg [InitFFmpeg.java:140] 进程20284异常结束，准备重新开启推流进程。
2024-08-27 17:05:08,453 ERROR [scheduling-1] c.s.a.b.c.InitFFmpeg [InitFFmpeg.java:144] 推流进程开启成功！
2024-08-27 17:06:48,995 ERROR [scheduling-1] c.s.a.b.c.InitFFmpeg [InitFFmpeg.java:111] 快照进程开启成功！
2024-08-27 17:06:48,995 ERROR [scheduling-1] c.s.a.b.c.InitFFmpeg [InitFFmpeg.java:140] 进程8492异常结束，准备重新开启推流进程。
2024-08-27 17:06:49,026 ERROR [scheduling-1] c.s.a.b.c.InitFFmpeg [InitFFmpeg.java:144] 推流进程开启成功！
2024-08-27 17:07:48,972 ERROR [scheduling-1] c.s.a.b.c.InitFFmpeg [InitFFmpeg.java:111] 快照进程开启成功！
2024-08-27 17:07:48,973 ERROR [scheduling-1] c.s.a.b.c.InitFFmpeg [InitFFmpeg.java:140] 进程10348异常结束，准备重新开启推流进程。
2024-08-27 17:07:49,064 ERROR [scheduling-1] c.s.a.b.c.InitFFmpeg [InitFFmpeg.java:144] 推流进程开启成功！
2024-08-27 17:08:59,477 ERROR [scheduling-1] c.s.a.b.c.InitFFmpeg [InitFFmpeg.java:111] 快照进程开启成功！
2024-08-27 17:08:59,478 ERROR [scheduling-1] c.s.a.b.c.InitFFmpeg [InitFFmpeg.java:140] 进程15268异常结束，准备重新开启推流进程。
2024-08-27 17:08:59,574 ERROR [scheduling-1] c.s.a.b.c.InitFFmpeg [InitFFmpeg.java:144] 推流进程开启成功！
2024-08-27 17:10:16,798 ERROR [scheduling-1] c.s.a.b.c.InitFFmpeg [InitFFmpeg.java:111] 快照进程开启成功！
2024-08-27 17:10:16,799 ERROR [scheduling-1] c.s.a.b.c.InitFFmpeg [InitFFmpeg.java:140] 进程13200异常结束，准备重新开启推流进程。
2024-08-27 17:10:16,973 ERROR [scheduling-1] c.s.a.b.c.InitFFmpeg [InitFFmpeg.java:144] 推流进程开启成功！
2024-08-27 17:12:01,768 ERROR [scheduling-1] c.s.a.b.c.InitFFmpeg [InitFFmpeg.java:111] 快照进程开启成功！
2024-08-27 17:12:01,769 ERROR [scheduling-1] c.s.a.b.c.InitFFmpeg [InitFFmpeg.java:140] 进程5068异常结束，准备重新开启推流进程。
2024-08-27 17:12:01,881 ERROR [scheduling-1] c.s.a.b.c.InitFFmpeg [InitFFmpeg.java:144] 推流进程开启成功！
2024-08-27 17:13:12,384 ERROR [scheduling-1] c.s.a.b.c.InitFFmpeg [InitFFmpeg.java:111] 快照进程开启成功！
2024-08-27 17:13:12,385 ERROR [scheduling-1] c.s.a.b.c.InitFFmpeg [InitFFmpeg.java:140] 进程19800异常结束，准备重新开启推流进程。
2024-08-27 17:13:12,443 ERROR [scheduling-1] c.s.a.b.c.InitFFmpeg [InitFFmpeg.java:144] 推流进程开启成功！
2024-08-27 17:15:30,809 INFO [main] c.s.a.b.c.InitFFmpeg [InitFFmpeg.java:59] 加载海康SDK...
2024-08-27 17:15:32,526 INFO [main] c.s.a.b.c.InitFFmpeg [InitFFmpeg.java:61] 加载完成
2024-08-27 17:15:50,428 INFO [http-nio-8089-exec-1] c.s.a.b.c.BaseController [BaseController.java:82] 用户：admin登陆系统
2024-08-27 17:15:50,482 INFO [http-nio-8089-exec-1] c.s.a.b.i.InformationController [InformationController.java:48] 进入首页成功！
2024-08-27 17:17:05,406 ERROR [scheduling-1] c.s.a.b.c.InitFFmpeg [InitFFmpeg.java:111] 快照进程开启成功！
2024-08-27 17:17:05,407 ERROR [scheduling-1] c.s.a.b.c.InitFFmpeg [InitFFmpeg.java:140] 进程25708异常结束，准备重新开启推流进程。
2024-08-27 17:17:05,413 ERROR [scheduling-1] c.s.a.b.c.InitFFmpeg [InitFFmpeg.java:144] 推流进程开启成功！
2024-08-27 17:18:52,035 ERROR [scheduling-1] c.s.a.b.c.InitFFmpeg [InitFFmpeg.java:111] 快照进程开启成功！
2024-08-27 17:18:52,035 ERROR [scheduling-1] c.s.a.b.c.InitFFmpeg [InitFFmpeg.java:140] 进程14036异常结束，准备重新开启推流进程。
2024-08-27 17:18:52,042 ERROR [scheduling-1] c.s.a.b.c.InitFFmpeg [InitFFmpeg.java:144] 推流进程开启成功！
2024-08-27 17:20:10,517 INFO [main] c.s.a.b.c.InitFFmpeg [InitFFmpeg.java:59] 加载海康SDK...
2024-08-27 17:20:10,628 INFO [main] c.s.a.b.c.InitFFmpeg [InitFFmpeg.java:61] 加载完成
2024-08-27 17:20:24,245 INFO [http-nio-8089-exec-1] c.s.a.b.c.BaseController [BaseController.java:82] 用户：admin登陆系统
2024-08-27 17:20:24,277 INFO [http-nio-8089-exec-1] c.s.a.b.i.InformationController [InformationController.java:48] 进入首页成功！
2024-08-27 17:22:17,874 INFO [main] c.s.a.b.c.InitFFmpeg [InitFFmpeg.java:59] 加载海康SDK...
2024-08-27 17:22:17,994 INFO [main] c.s.a.b.c.InitFFmpeg [InitFFmpeg.java:61] 加载完成
2024-08-27 17:22:30,180 INFO [http-nio-8089-exec-1] c.s.a.b.c.BaseController [BaseController.java:82] 用户：admin登陆系统
2024-08-27 17:22:30,188 INFO [http-nio-8089-exec-1] c.s.a.b.i.InformationController [InformationController.java:48] 进入首页成功！
2024-08-27 17:23:49,176 INFO [main] c.s.a.b.c.InitFFmpeg [InitFFmpeg.java:59] 加载海康SDK...
2024-08-27 17:23:49,322 INFO [main] c.s.a.b.c.InitFFmpeg [InitFFmpeg.java:61] 加载完成
2024-08-27 17:23:59,807 INFO [http-nio-8089-exec-1] c.s.a.b.c.BaseController [BaseController.java:82] 用户：admin登陆系统
2024-08-27 17:23:59,826 INFO [http-nio-8089-exec-1] c.s.a.b.i.InformationController [InformationController.java:48] 进入首页成功！
2024-08-27 17:23:59,832 INFO [http-nio-8089-exec-2] c.s.a.b.c.BaseController [BaseController.java:82] 用户：admin登陆系统
2024-08-27 17:23:59,848 INFO [http-nio-8089-exec-2] c.s.a.b.i.InformationController [InformationController.java:48] 进入首页成功！
2024-08-27 17:26:58,517 ERROR [scheduling-1] c.s.a.b.c.InitFFmpeg [InitFFmpeg.java:111] 快照进程开启成功！
2024-08-27 17:26:58,517 ERROR [scheduling-1] c.s.a.b.c.InitFFmpeg [InitFFmpeg.java:140] 进程3440异常结束，准备重新开启推流进程。
2024-08-27 17:26:58,524 ERROR [scheduling-1] c.s.a.b.c.InitFFmpeg [InitFFmpeg.java:144] 推流进程开启成功！
2024-08-27 17:28:08,838 INFO [main] c.s.a.b.c.InitFFmpeg [InitFFmpeg.java:59] 加载海康SDK...
2024-08-27 17:28:09,048 INFO [main] c.s.a.b.c.InitFFmpeg [InitFFmpeg.java:61] 加载完成
2024-08-27 17:30:37,701 INFO [main] c.s.a.b.c.InitFFmpeg [InitFFmpeg.java:59] 加载海康SDK...
2024-08-27 17:30:37,833 INFO [main] c.s.a.b.c.InitFFmpeg [InitFFmpeg.java:61] 加载完成
2024-08-27 17:36:08,850 INFO [main] c.s.a.b.c.InitFFmpeg [InitFFmpeg.java:59] 加载海康SDK...
2024-08-27 17:36:09,099 INFO [main] c.s.a.b.c.InitFFmpeg [InitFFmpeg.java:61] 加载完成
2024-08-27 17:41:46,505 ERROR [scheduling-1] c.s.a.b.c.InitFFmpeg [InitFFmpeg.java:111] 快照进程开启成功！
2024-08-27 17:41:46,506 ERROR [scheduling-1] c.s.a.b.c.InitFFmpeg [InitFFmpeg.java:140] 进程21032异常结束，准备重新开启推流进程。
2024-08-27 17:41:46,514 ERROR [scheduling-1] c.s.a.b.c.InitFFmpeg [InitFFmpeg.java:144] 推流进程开启成功！
2024-08-27 17:43:33,151 ERROR [scheduling-1] c.s.a.b.c.InitFFmpeg [InitFFmpeg.java:111] 快照进程开启成功！
2024-08-27 17:43:33,151 ERROR [scheduling-1] c.s.a.b.c.InitFFmpeg [InitFFmpeg.java:140] 进程25252异常结束，准备重新开启推流进程。
2024-08-27 17:43:33,161 ERROR [scheduling-1] c.s.a.b.c.InitFFmpeg [InitFFmpeg.java:144] 推流进程开启成功！
2024-08-27 17:44:55,035 ERROR [scheduling-1] c.s.a.b.c.InitFFmpeg [InitFFmpeg.java:111] 快照进程开启成功！
2024-08-27 17:44:55,036 ERROR [scheduling-1] c.s.a.b.c.InitFFmpeg [InitFFmpeg.java:140] 进程11912异常结束，准备重新开启推流进程。
2024-08-27 17:44:55,078 ERROR [scheduling-1] c.s.a.b.c.InitFFmpeg [InitFFmpeg.java:144] 推流进程开启成功！
2024-08-27 17:46:21,132 ERROR [scheduling-1] c.s.a.b.c.InitFFmpeg [InitFFmpeg.java:111] 快照进程开启成功！
2024-08-27 17:46:21,132 ERROR [scheduling-1] c.s.a.b.c.InitFFmpeg [InitFFmpeg.java:140] 进程24388异常结束，准备重新开启推流进程。
2024-08-27 17:46:21,162 ERROR [scheduling-1] c.s.a.b.c.InitFFmpeg [InitFFmpeg.java:144] 推流进程开启成功！
2024-08-27 17:48:58,796 ERROR [scheduling-1] c.s.a.b.c.InitFFmpeg [InitFFmpeg.java:111] 快照进程开启成功！
2024-08-27 17:48:58,796 ERROR [scheduling-1] c.s.a.b.c.InitFFmpeg [InitFFmpeg.java:140] 进程23260异常结束，准备重新开启推流进程。
2024-08-27 17:48:58,810 ERROR [scheduling-1] c.s.a.b.c.InitFFmpeg [InitFFmpeg.java:144] 推流进程开启成功！
