2024-08-29 11:22:06,242 INFO [main] c.s.a.d.m.HJ212Server [HJ212Server.java:73] HJ212 端口号  =  9999
2024-08-29 11:33:11,717 INFO [main] c.s.a.d.m.HJ212Server [HJ212Server.java:73] HJ212 端口号  =  9999
2024-08-29 12:59:04,849 INFO [main] c.s.a.d.m.HJ212Server [HJ212Server.java:73] HJ212 端口号  =  9999
2024-08-29 13:13:13,627 INFO [main] c.s.a.d.m.HJ212Server [HJ212Server.java:73] HJ212 端口号  =  9999
2024-08-29 13:17:30,110 INFO [main] c.s.a.d.m.HJ212Server [HJ212Server.java:73] HJ212 端口号  =  9999
2024-08-29 13:23:07,903 INFO [main] c.s.a.d.m.HJ212Server [HJ212Server.java:73] HJ212 端口号  =  9999
2024-08-29 13:23:46,397 INFO [http-nio-127.0.0.1-8089-exec-1] c.s.a.d.v.c.VideoController [VideoController.java:199] 进入人员识别结果页面成功！
2024-08-29 13:23:48,185 INFO [http-nio-127.0.0.1-8089-exec-8] c.s.a.d.v.c.VideoController [VideoController.java:222] 进入车辆识别结果页面成功！
2024-08-29 13:26:29,462 INFO [main] c.s.a.d.m.HJ212Server [HJ212Server.java:73] HJ212 端口号  =  9999
2024-08-29 13:35:38,794 INFO [main] c.s.a.d.m.HJ212Server [HJ212Server.java:73] HJ212 端口号  =  9999
2024-08-29 13:38:26,546 INFO [main] c.s.a.d.m.HJ212Server [HJ212Server.java:73] HJ212 端口号  =  9999
2024-08-29 13:40:26,659 INFO [http-nio-127.0.0.1-8089-exec-5] c.s.a.d.v.c.VideoController [VideoController.java:288] 进入摄像头实时监测页面成功！
2024-08-29 13:47:14,751 INFO [main] c.s.a.d.m.HJ212Server [HJ212Server.java:73] HJ212 端口号  =  9999
2024-08-29 13:50:47,824 INFO [main] c.s.a.d.m.HJ212Server [HJ212Server.java:73] HJ212 端口号  =  9999
2024-08-29 13:53:45,128 INFO [main] c.s.a.d.m.HJ212Server [HJ212Server.java:73] HJ212 端口号  =  9999
2024-08-29 13:54:59,461 INFO [main] c.s.a.d.m.HJ212Server [HJ212Server.java:73] HJ212 端口号  =  9999
2024-08-29 14:00:02,629 INFO [main] c.s.a.d.m.HJ212Server [HJ212Server.java:73] HJ212 端口号  =  9999
2024-08-29 14:07:01,317 INFO [http-nio-127.0.0.1-8089-exec-9] c.s.a.d.v.c.VideoController [VideoController.java:288] 进入摄像头实时监测页面成功！
2024-08-29 14:15:54,583 INFO [main] c.s.a.d.m.HJ212Server [HJ212Server.java:73] HJ212 端口号  =  9999
2024-08-29 14:19:40,522 INFO [main] c.s.a.d.m.HJ212Server [HJ212Server.java:73] HJ212 端口号  =  9999
2024-08-29 14:28:39,131 INFO [main] c.s.a.d.m.HJ212Server [HJ212Server.java:73] HJ212 端口号  =  9999
2024-08-29 14:30:54,344 INFO [main] c.s.a.d.m.HJ212Server [HJ212Server.java:73] HJ212 端口号  =  9999
2024-08-29 14:40:37,669 INFO [main] c.s.a.d.m.HJ212Server [HJ212Server.java:73] HJ212 端口号  =  9999
2024-08-29 14:43:05,160 INFO [threadPoolTaskExecutor-2] c.s.a.d.v.s.VideoRecorderService [VideoRecorderService.java:188] 许久无人，停止录制
2024-08-29 14:44:20,007 INFO [threadPoolTaskExecutor-7] c.s.a.d.v.s.VideoRecorderService [VideoRecorderService.java:188] 许久无人，停止录制
2024-08-29 14:44:28,930 INFO [threadPoolTaskExecutor-1] c.s.a.d.v.s.VideoRecorderService [VideoRecorderService.java:188] 许久无人，停止录制
2024-08-29 14:45:19,583 INFO [main] c.s.a.d.m.HJ212Server [HJ212Server.java:73] HJ212 端口号  =  9999
2024-08-29 14:56:32,962 INFO [main] c.s.a.d.m.HJ212Server [HJ212Server.java:73] HJ212 端口号  =  9999
2024-08-29 14:59:20,876 INFO [main] c.s.a.d.m.HJ212Server [HJ212Server.java:73] HJ212 端口号  =  9999
2024-08-29 15:01:45,466 INFO [main] c.s.a.d.m.HJ212Server [HJ212Server.java:73] HJ212 端口号  =  9999
2024-08-29 15:08:29,891 INFO [main] c.s.a.d.m.HJ212Server [HJ212Server.java:73] HJ212 端口号  =  9999
2024-08-29 15:09:27,350 INFO [threadPoolTaskExecutor-2] c.s.a.d.v.s.VideoRecorderService [VideoRecorderService.java:190] 许久无人，停止录制
2024-08-29 15:10:16,070 INFO [threadPoolTaskExecutor-3] c.s.a.d.v.s.VideoRecorderService [VideoRecorderService.java:190] 许久无人，停止录制
2024-08-29 15:11:04,666 INFO [threadPoolTaskExecutor-4] c.s.a.d.v.s.VideoRecorderService [VideoRecorderService.java:190] 许久无人，停止录制
2024-08-29 15:11:53,987 INFO [threadPoolTaskExecutor-5] c.s.a.d.v.s.VideoRecorderService [VideoRecorderService.java:190] 许久无人，停止录制
2024-08-29 15:20:52,124 INFO [main] c.s.a.d.m.HJ212Server [HJ212Server.java:73] HJ212 端口号  =  9999
2024-08-29 15:31:53,081 INFO [main] c.s.a.d.m.HJ212Server [HJ212Server.java:73] HJ212 端口号  =  9999
2024-08-29 15:35:13,591 INFO [main] c.s.a.d.m.HJ212Server [HJ212Server.java:73] HJ212 端口号  =  9999
2024-08-29 15:37:10,176 INFO [main] c.s.a.d.m.HJ212Server [HJ212Server.java:73] HJ212 端口号  =  9999
2024-08-29 15:38:10,754 INFO [main] c.s.a.d.m.HJ212Server [HJ212Server.java:73] HJ212 端口号  =  9999
2024-08-29 15:39:11,185 INFO [main] c.s.a.d.m.HJ212Server [HJ212Server.java:73] HJ212 端口号  =  9999
2024-08-29 15:40:07,958 INFO [main] c.s.a.d.m.HJ212Server [HJ212Server.java:73] HJ212 端口号  =  9999
2024-08-29 15:42:52,954 INFO [main] c.s.a.d.m.HJ212Server [HJ212Server.java:73] HJ212 端口号  =  9999
2024-08-29 15:45:18,210 INFO [threadPoolTaskExecutor-2] c.s.a.d.v.s.VideoRecorderService [VideoRecorderService.java:190] 许久无人，停止录制
2024-08-29 15:46:16,208 INFO [threadPoolTaskExecutor-3] c.s.a.d.v.s.VideoRecorderService [VideoRecorderService.java:190] 许久无人，停止录制
2024-08-29 15:46:35,211 INFO [threadPoolTaskExecutor-4] c.s.a.d.v.s.VideoRecorderService [VideoRecorderService.java:190] 许久无人，停止录制
2024-08-29 15:47:15,406 INFO [main] c.s.a.d.m.HJ212Server [HJ212Server.java:73] HJ212 端口号  =  9999
2024-08-29 15:48:26,089 INFO [threadPoolTaskExecutor-2] c.s.a.d.v.s.VideoRecorderService [VideoRecorderService.java:190] 许久无人，停止录制
2024-08-29 15:50:35,865 INFO [threadPoolTaskExecutor-3] c.s.a.d.v.s.VideoRecorderService [VideoRecorderService.java:190] 许久无人，停止录制
2024-08-29 15:50:46,881 INFO [threadPoolTaskExecutor-4] c.s.a.d.v.s.VideoRecorderService [VideoRecorderService.java:190] 许久无人，停止录制
2024-08-29 15:55:26,960 INFO [main] c.s.a.d.m.HJ212Server [HJ212Server.java:73] HJ212 端口号  =  9999
2024-08-29 15:56:35,068 INFO [threadPoolTaskExecutor-2] c.s.a.d.v.s.VideoRecorderService [VideoRecorderService.java:191] 许久无人，停止录制
2024-08-29 15:56:57,897 INFO [threadPoolTaskExecutor-3] c.s.a.d.v.s.VideoRecorderService [VideoRecorderService.java:191] 许久无人，停止录制
2024-08-29 16:00:04,811 INFO [main] c.s.a.d.m.HJ212Server [HJ212Server.java:73] HJ212 端口号  =  9999
2024-08-29 16:10:20,645 INFO [main] c.s.a.d.m.HJ212Server [HJ212Server.java:73] HJ212 端口号  =  9999
2024-08-29 16:13:26,461 INFO [main] c.s.a.d.m.HJ212Server [HJ212Server.java:73] HJ212 端口号  =  9999
2024-08-29 16:14:26,078 INFO [main] c.s.a.d.m.HJ212Server [HJ212Server.java:73] HJ212 端口号  =  9999
2024-08-29 16:16:37,444 INFO [main] c.s.a.d.m.HJ212Server [HJ212Server.java:73] HJ212 端口号  =  9999
2024-08-29 16:17:55,395 INFO [main] c.s.a.d.m.HJ212Server [HJ212Server.java:73] HJ212 端口号  =  9999
2024-08-29 16:18:52,026 INFO [main] c.s.a.d.m.HJ212Server [HJ212Server.java:73] HJ212 端口号  =  9999
2024-08-29 16:21:13,133 INFO [main] c.s.a.d.m.HJ212Server [HJ212Server.java:73] HJ212 端口号  =  9999
2024-08-29 16:22:32,802 INFO [main] c.s.a.d.m.HJ212Server [HJ212Server.java:73] HJ212 端口号  =  9999
2024-08-29 16:23:34,993 INFO [main] c.s.a.d.m.HJ212Server [HJ212Server.java:73] HJ212 端口号  =  9999
2024-08-29 16:24:35,343 INFO [main] c.s.a.d.m.HJ212Server [HJ212Server.java:73] HJ212 端口号  =  9999
2024-08-29 16:25:14,143 INFO [main] c.s.a.d.m.HJ212Server [HJ212Server.java:73] HJ212 端口号  =  9999
2024-08-29 16:26:27,121 INFO [main] c.s.a.d.m.HJ212Server [HJ212Server.java:73] HJ212 端口号  =  9999
2024-08-29 16:27:15,195 INFO [threadPoolTaskExecutor-2] c.s.a.d.v.s.VideoRecorderService [VideoRecorderService.java:191] 许久无人，停止录制
2024-08-29 16:27:42,396 INFO [threadPoolTaskExecutor-3] c.s.a.d.v.s.VideoRecorderService [VideoRecorderService.java:191] 许久无人，停止录制
2024-08-29 16:28:33,209 INFO [threadPoolTaskExecutor-4] c.s.a.d.v.s.VideoRecorderService [VideoRecorderService.java:191] 许久无人，停止录制
2024-08-29 16:30:39,954 INFO [threadPoolTaskExecutor-5] c.s.a.d.v.s.VideoRecorderService [VideoRecorderService.java:191] 许久无人，停止录制
2024-08-29 16:31:26,404 INFO [threadPoolTaskExecutor-6] c.s.a.d.v.s.VideoRecorderService [VideoRecorderService.java:191] 许久无人，停止录制
2024-08-29 16:32:45,525 INFO [threadPoolTaskExecutor-7] c.s.a.d.v.s.VideoRecorderService [VideoRecorderService.java:191] 许久无人，停止录制
2024-08-29 16:33:47,993 INFO [threadPoolTaskExecutor-8] c.s.a.d.v.s.VideoRecorderService [VideoRecorderService.java:191] 许久无人，停止录制
2024-08-29 16:34:34,784 INFO [threadPoolTaskExecutor-2] c.s.a.d.v.s.VideoRecorderService [VideoRecorderService.java:191] 许久无人，停止录制
2024-08-29 16:37:16,983 INFO [threadPoolTaskExecutor-3] c.s.a.d.v.s.VideoRecorderService [VideoRecorderService.java:191] 许久无人，停止录制
2024-08-29 16:38:42,999 INFO [main] c.s.a.d.m.HJ212Server [HJ212Server.java:73] HJ212 端口号  =  9999
2024-08-29 16:41:02,463 INFO [main] c.s.a.d.m.HJ212Server [HJ212Server.java:73] HJ212 端口号  =  9999
2024-08-29 16:46:45,830 INFO [main] c.s.a.d.m.HJ212Server [HJ212Server.java:73] HJ212 端口号  =  9999
2024-08-29 16:55:02,549 INFO [threadPoolTaskExecutor-2] c.s.a.d.v.s.VideoRecorderService [VideoRecorderService.java:191] 许久无人，停止录制
2024-08-29 16:55:09,503 INFO [threadPoolTaskExecutor-3] c.s.a.d.v.s.VideoRecorderService [VideoRecorderService.java:191] 许久无人，停止录制
2024-08-29 16:56:11,874 INFO [threadPoolTaskExecutor-4] c.s.a.d.v.s.VideoRecorderService [VideoRecorderService.java:191] 许久无人，停止录制
2024-08-29 16:57:43,663 INFO [threadPoolTaskExecutor-5] c.s.a.d.v.s.VideoRecorderService [VideoRecorderService.java:191] 许久无人，停止录制
2024-08-29 16:58:30,305 INFO [threadPoolTaskExecutor-6] c.s.a.d.v.s.VideoRecorderService [VideoRecorderService.java:191] 许久无人，停止录制
2024-08-29 16:58:37,267 INFO [threadPoolTaskExecutor-7] c.s.a.d.v.s.VideoRecorderService [VideoRecorderService.java:191] 许久无人，停止录制
2024-08-29 16:58:55,269 INFO [threadPoolTaskExecutor-8] c.s.a.d.v.s.VideoRecorderService [VideoRecorderService.java:191] 许久无人，停止录制
2024-08-29 17:00:08,267 INFO [threadPoolTaskExecutor-2] c.s.a.d.v.s.VideoRecorderService [VideoRecorderService.java:191] 许久无人，停止录制
2024-08-29 17:02:41,340 INFO [threadPoolTaskExecutor-3] c.s.a.d.v.s.VideoRecorderService [VideoRecorderService.java:191] 许久无人，停止录制
2024-08-29 17:03:51,857 INFO [threadPoolTaskExecutor-4] c.s.a.d.v.s.VideoRecorderService [VideoRecorderService.java:191] 许久无人，停止录制
2024-08-29 17:05:14,777 INFO [main] c.s.a.d.m.HJ212Server [HJ212Server.java:73] HJ212 端口号  =  9999
2024-08-29 17:05:44,739 INFO [threadPoolTaskExecutor-2] c.s.a.d.v.s.VideoRecorderService [VideoRecorderService.java:191] 许久无人，停止录制
2024-08-29 17:06:26,045 INFO [main] c.s.a.d.m.HJ212Server [HJ212Server.java:73] HJ212 端口号  =  9999
2024-08-29 17:07:23,563 INFO [threadPoolTaskExecutor-2] c.s.a.d.v.s.VideoRecorderService [VideoRecorderService.java:191] 许久无人，停止录制
2024-08-29 17:07:55,862 INFO [main] c.s.a.d.m.HJ212Server [HJ212Server.java:73] HJ212 端口号  =  9999
2024-08-29 17:08:41,079 INFO [threadPoolTaskExecutor-2] c.s.a.d.v.s.VideoRecorderService [VideoRecorderService.java:191] 许久无人，停止录制
2024-08-29 17:08:51,166 INFO [threadPoolTaskExecutor-3] c.s.a.d.v.s.VideoRecorderService [VideoRecorderService.java:191] 许久无人，停止录制
2024-08-29 17:12:38,948 INFO [main] c.s.a.d.m.HJ212Server [HJ212Server.java:73] HJ212 端口号  =  9999
2024-08-29 17:13:37,280 INFO [threadPoolTaskExecutor-2] c.s.a.d.v.s.VideoRecorderService [VideoRecorderService.java:191] 许久无人，停止录制
2024-08-29 17:13:48,243 INFO [threadPoolTaskExecutor-3] c.s.a.d.v.s.VideoRecorderService [VideoRecorderService.java:191] 许久无人，停止录制
2024-08-29 17:14:41,483 INFO [threadPoolTaskExecutor-4] c.s.a.d.v.s.VideoRecorderService [VideoRecorderService.java:191] 许久无人，停止录制
2024-08-29 17:17:47,429 INFO [threadPoolTaskExecutor-5] c.s.a.d.v.s.VideoRecorderService [VideoRecorderService.java:191] 许久无人，停止录制
2024-08-29 17:18:41,033 INFO [threadPoolTaskExecutor-6] c.s.a.d.v.s.VideoRecorderService [VideoRecorderService.java:191] 许久无人，停止录制
2024-08-29 17:21:30,068 INFO [threadPoolTaskExecutor-7] c.s.a.d.v.s.VideoRecorderService [VideoRecorderService.java:191] 许久无人，停止录制
2024-08-29 17:22:43,425 INFO [threadPoolTaskExecutor-8] c.s.a.d.v.s.VideoRecorderService [VideoRecorderService.java:191] 许久无人，停止录制
2024-08-29 17:24:23,174 INFO [main] c.s.a.d.m.HJ212Server [HJ212Server.java:73] HJ212 端口号  =  9999
2024-08-29 17:25:34,942 INFO [threadPoolTaskExecutor-2] c.s.a.d.v.s.VideoRecorderService [VideoRecorderService.java:191] 许久无人，停止录制
2024-08-29 17:26:36,712 INFO [main] c.s.a.d.m.HJ212Server [HJ212Server.java:73] HJ212 端口号  =  9999
2024-08-29 17:27:56,746 INFO [main] c.s.a.d.m.HJ212Server [HJ212Server.java:73] HJ212 端口号  =  9999
2024-08-29 17:37:59,448 INFO [main] c.s.a.d.m.HJ212Server [HJ212Server.java:73] HJ212 端口号  =  9999
2024-08-29 17:38:40,715 INFO [threadPoolTaskExecutor-2] c.s.a.d.v.s.VideoRecorderService [VideoRecorderService.java:191] 许久无人，停止录制
2024-08-29 17:39:42,431 INFO [threadPoolTaskExecutor-3] c.s.a.d.v.s.VideoRecorderService [VideoRecorderService.java:191] 许久无人，停止录制
2024-08-29 17:42:23,509 INFO [threadPoolTaskExecutor-4] c.s.a.d.v.s.VideoRecorderService [VideoRecorderService.java:191] 许久无人，停止录制
2024-08-29 17:42:38,429 INFO [threadPoolTaskExecutor-5] c.s.a.d.v.s.VideoRecorderService [VideoRecorderService.java:191] 许久无人，停止录制
2024-08-29 17:43:36,907 INFO [threadPoolTaskExecutor-6] c.s.a.d.v.s.VideoRecorderService [VideoRecorderService.java:191] 许久无人，停止录制
2024-08-29 17:43:55,782 INFO [threadPoolTaskExecutor-7] c.s.a.d.v.s.VideoRecorderService [VideoRecorderService.java:191] 许久无人，停止录制
2024-08-29 17:44:22,463 INFO [threadPoolTaskExecutor-8] c.s.a.d.v.s.VideoRecorderService [VideoRecorderService.java:191] 许久无人，停止录制
2024-08-29 17:47:38,977 INFO [threadPoolTaskExecutor-2] c.s.a.d.v.s.VideoRecorderService [VideoRecorderService.java:191] 许久无人，停止录制
2024-08-29 17:48:43,376 INFO [threadPoolTaskExecutor-3] c.s.a.d.v.s.VideoRecorderService [VideoRecorderService.java:191] 许久无人，停止录制
2024-08-29 17:48:58,173 INFO [threadPoolTaskExecutor-4] c.s.a.d.v.s.VideoRecorderService [VideoRecorderService.java:191] 许久无人，停止录制
2024-08-29 17:49:36,683 INFO [threadPoolTaskExecutor-5] c.s.a.d.v.s.VideoRecorderService [VideoRecorderService.java:191] 许久无人，停止录制
2024-08-29 17:51:14,403 INFO [threadPoolTaskExecutor-6] c.s.a.d.v.s.VideoRecorderService [VideoRecorderService.java:191] 许久无人，停止录制
2024-08-29 17:51:29,367 INFO [threadPoolTaskExecutor-7] c.s.a.d.v.s.VideoRecorderService [VideoRecorderService.java:191] 许久无人，停止录制
2024-08-29 17:52:19,884 INFO [threadPoolTaskExecutor-8] c.s.a.d.v.s.VideoRecorderService [VideoRecorderService.java:191] 许久无人，停止录制
2024-08-29 17:52:38,774 INFO [threadPoolTaskExecutor-2] c.s.a.d.v.s.VideoRecorderService [VideoRecorderService.java:191] 许久无人，停止录制
2024-08-29 17:53:33,397 INFO [threadPoolTaskExecutor-3] c.s.a.d.v.s.VideoRecorderService [VideoRecorderService.java:191] 许久无人，停止录制
2024-08-29 17:56:07,447 INFO [threadPoolTaskExecutor-4] c.s.a.d.v.s.VideoRecorderService [VideoRecorderService.java:191] 许久无人，停止录制
2024-08-29 17:56:14,557 INFO [threadPoolTaskExecutor-5] c.s.a.d.v.s.VideoRecorderService [VideoRecorderService.java:191] 许久无人，停止录制
2024-08-29 17:56:29,282 INFO [threadPoolTaskExecutor-6] c.s.a.d.v.s.VideoRecorderService [VideoRecorderService.java:191] 许久无人，停止录制
2024-08-29 17:57:20,001 INFO [threadPoolTaskExecutor-7] c.s.a.d.v.s.VideoRecorderService [VideoRecorderService.java:191] 许久无人，停止录制
2024-08-29 17:57:38,843 INFO [threadPoolTaskExecutor-8] c.s.a.d.v.s.VideoRecorderService [VideoRecorderService.java:191] 许久无人，停止录制
2024-08-29 17:58:37,158 INFO [threadPoolTaskExecutor-2] c.s.a.d.v.s.VideoRecorderService [VideoRecorderService.java:191] 许久无人，停止录制
2024-08-29 17:59:39,196 INFO [threadPoolTaskExecutor-3] c.s.a.d.v.s.VideoRecorderService [VideoRecorderService.java:191] 许久无人，停止录制
2024-08-29 18:02:27,341 INFO [threadPoolTaskExecutor-4] c.s.a.d.v.s.VideoRecorderService [VideoRecorderService.java:191] 许久无人，停止录制
2024-08-29 18:02:48,191 INFO [threadPoolTaskExecutor-5] c.s.a.d.v.s.VideoRecorderService [VideoRecorderService.java:191] 许久无人，停止录制
2024-08-29 18:03:58,947 INFO [threadPoolTaskExecutor-6] c.s.a.d.v.s.VideoRecorderService [VideoRecorderService.java:191] 许久无人，停止录制
2024-08-29 18:06:32,543 INFO [threadPoolTaskExecutor-7] c.s.a.d.v.s.VideoRecorderService [VideoRecorderService.java:191] 许久无人，停止录制
2024-08-29 18:07:22,944 INFO [threadPoolTaskExecutor-8] c.s.a.d.v.s.VideoRecorderService [VideoRecorderService.java:191] 许久无人，停止录制
2024-08-29 18:07:41,731 INFO [threadPoolTaskExecutor-2] c.s.a.d.v.s.VideoRecorderService [VideoRecorderService.java:191] 许久无人，停止录制
2024-08-29 18:08:39,731 INFO [threadPoolTaskExecutor-3] c.s.a.d.v.s.VideoRecorderService [VideoRecorderService.java:191] 许久无人，停止录制
2024-08-29 18:08:53,579 INFO [threadPoolTaskExecutor-4] c.s.a.d.v.s.VideoRecorderService [VideoRecorderService.java:191] 许久无人，停止录制
2024-08-29 18:09:40,137 INFO [threadPoolTaskExecutor-5] c.s.a.d.v.s.VideoRecorderService [VideoRecorderService.java:191] 许久无人，停止录制
2024-08-29 18:10:42,526 INFO [threadPoolTaskExecutor-6] c.s.a.d.v.s.VideoRecorderService [VideoRecorderService.java:191] 许久无人，停止录制
2024-08-29 18:13:36,049 INFO [threadPoolTaskExecutor-7] c.s.a.d.v.s.VideoRecorderService [VideoRecorderService.java:191] 许久无人，停止录制
2024-08-29 18:13:50,927 INFO [threadPoolTaskExecutor-8] c.s.a.d.v.s.VideoRecorderService [VideoRecorderService.java:191] 许久无人，停止录制
2024-08-29 18:16:19,570 INFO [threadPoolTaskExecutor-2] c.s.a.d.v.s.VideoRecorderService [VideoRecorderService.java:191] 许久无人，停止录制
2024-08-29 18:17:22,315 INFO [threadPoolTaskExecutor-3] c.s.a.d.v.s.VideoRecorderService [VideoRecorderService.java:191] 许久无人，停止录制
2024-08-29 18:18:49,599 INFO [threadPoolTaskExecutor-4] c.s.a.d.v.s.VideoRecorderService [VideoRecorderService.java:191] 许久无人，停止录制
2024-08-29 18:19:40,189 INFO [threadPoolTaskExecutor-5] c.s.a.d.v.s.VideoRecorderService [VideoRecorderService.java:191] 许久无人，停止录制
2024-08-29 18:22:24,839 INFO [threadPoolTaskExecutor-6] c.s.a.d.v.s.VideoRecorderService [VideoRecorderService.java:191] 许久无人，停止录制
2024-08-29 18:22:39,787 INFO [threadPoolTaskExecutor-7] c.s.a.d.v.s.VideoRecorderService [VideoRecorderService.java:191] 许久无人，停止录制
2024-08-29 18:23:38,112 INFO [threadPoolTaskExecutor-8] c.s.a.d.v.s.VideoRecorderService [VideoRecorderService.java:191] 许久无人，停止录制
2024-08-29 18:25:15,710 INFO [threadPoolTaskExecutor-2] c.s.a.d.v.s.VideoRecorderService [VideoRecorderService.java:191] 许久无人，停止录制
2024-08-29 18:26:18,302 INFO [threadPoolTaskExecutor-3] c.s.a.d.v.s.VideoRecorderService [VideoRecorderService.java:191] 许久无人，停止录制
2024-08-29 18:27:23,950 INFO [threadPoolTaskExecutor-4] c.s.a.d.v.s.VideoRecorderService [VideoRecorderService.java:191] 许久无人，停止录制
2024-08-29 18:27:42,748 INFO [threadPoolTaskExecutor-5] c.s.a.d.v.s.VideoRecorderService [VideoRecorderService.java:191] 许久无人，停止录制
2024-08-29 18:28:40,504 INFO [threadPoolTaskExecutor-6] c.s.a.d.v.s.VideoRecorderService [VideoRecorderService.java:191] 许久无人，停止录制
2024-08-29 18:28:54,576 INFO [threadPoolTaskExecutor-7] c.s.a.d.v.s.VideoRecorderService [VideoRecorderService.java:191] 许久无人，停止录制
2024-08-29 18:30:15,901 INFO [threadPoolTaskExecutor-8] c.s.a.d.v.s.VideoRecorderService [VideoRecorderService.java:191] 许久无人，停止录制
2024-08-29 18:31:18,493 INFO [threadPoolTaskExecutor-2] c.s.a.d.v.s.VideoRecorderService [VideoRecorderService.java:191] 许久无人，停止录制
2024-08-29 18:32:43,820 INFO [threadPoolTaskExecutor-3] c.s.a.d.v.s.VideoRecorderService [VideoRecorderService.java:191] 许久无人，停止录制
2024-08-29 18:33:41,901 INFO [threadPoolTaskExecutor-4] c.s.a.d.v.s.VideoRecorderService [VideoRecorderService.java:191] 许久无人，停止录制
2024-08-29 18:33:55,741 INFO [threadPoolTaskExecutor-5] c.s.a.d.v.s.VideoRecorderService [VideoRecorderService.java:191] 许久无人，停止录制
2024-08-29 18:35:49,413 INFO [threadPoolTaskExecutor-6] c.s.a.d.v.s.VideoRecorderService [VideoRecorderService.java:191] 许久无人，停止录制
2024-08-29 18:37:46,404 INFO [threadPoolTaskExecutor-7] c.s.a.d.v.s.VideoRecorderService [VideoRecorderService.java:191] 许久无人，停止录制
2024-08-29 18:38:36,719 INFO [threadPoolTaskExecutor-8] c.s.a.d.v.s.VideoRecorderService [VideoRecorderService.java:191] 许久无人，停止录制
2024-08-29 18:40:49,086 INFO [threadPoolTaskExecutor-2] c.s.a.d.v.s.VideoRecorderService [VideoRecorderService.java:191] 许久无人，停止录制
2024-08-29 18:40:56,083 INFO [threadPoolTaskExecutor-3] c.s.a.d.v.s.VideoRecorderService [VideoRecorderService.java:191] 许久无人，停止录制
2024-08-29 18:41:11,081 INFO [threadPoolTaskExecutor-4] c.s.a.d.v.s.VideoRecorderService [VideoRecorderService.java:191] 许久无人，停止录制
2024-08-29 18:41:18,010 INFO [threadPoolTaskExecutor-5] c.s.a.d.v.s.VideoRecorderService [VideoRecorderService.java:191] 许久无人，停止录制
2024-08-29 18:42:30,687 INFO [threadPoolTaskExecutor-6] c.s.a.d.v.s.VideoRecorderService [VideoRecorderService.java:191] 许久无人，停止录制
2024-08-29 18:42:45,683 INFO [threadPoolTaskExecutor-7] c.s.a.d.v.s.VideoRecorderService [VideoRecorderService.java:191] 许久无人，停止录制
2024-08-29 18:43:40,398 INFO [threadPoolTaskExecutor-8] c.s.a.d.v.s.VideoRecorderService [VideoRecorderService.java:191] 许久无人，停止录制
2024-08-29 18:43:51,325 INFO [threadPoolTaskExecutor-2] c.s.a.d.v.s.VideoRecorderService [VideoRecorderService.java:191] 许久无人，停止录制
2024-08-29 18:45:13,481 INFO [threadPoolTaskExecutor-3] c.s.a.d.v.s.VideoRecorderService [VideoRecorderService.java:191] 许久无人，停止录制
2024-08-29 18:46:31,393 INFO [threadPoolTaskExecutor-4] c.s.a.d.v.s.VideoRecorderService [VideoRecorderService.java:191] 许久无人，停止录制
2024-08-29 18:47:44,475 INFO [threadPoolTaskExecutor-5] c.s.a.d.v.s.VideoRecorderService [VideoRecorderService.java:191] 许久无人，停止录制
2024-08-29 18:48:37,758 INFO [threadPoolTaskExecutor-6] c.s.a.d.v.s.VideoRecorderService [VideoRecorderService.java:191] 许久无人，停止录制
2024-08-29 18:48:44,702 INFO [threadPoolTaskExecutor-7] c.s.a.d.v.s.VideoRecorderService [VideoRecorderService.java:191] 许久无人，停止录制
2024-08-29 18:49:29,272 INFO [threadPoolTaskExecutor-8] c.s.a.d.v.s.VideoRecorderService [VideoRecorderService.java:191] 许久无人，停止录制
2024-08-29 18:49:40,105 INFO [threadPoolTaskExecutor-2] c.s.a.d.v.s.VideoRecorderService [VideoRecorderService.java:191] 许久无人，停止录制
2024-08-29 18:50:14,553 INFO [threadPoolTaskExecutor-3] c.s.a.d.v.s.VideoRecorderService [VideoRecorderService.java:191] 许久无人，停止录制
2024-08-29 18:50:49,264 INFO [threadPoolTaskExecutor-4] c.s.a.d.v.s.VideoRecorderService [VideoRecorderService.java:191] 许久无人，停止录制
2024-08-29 18:51:34,749 INFO [threadPoolTaskExecutor-5] c.s.a.d.v.s.VideoRecorderService [VideoRecorderService.java:191] 许久无人，停止录制
2024-08-29 18:52:41,105 INFO [threadPoolTaskExecutor-6] c.s.a.d.v.s.VideoRecorderService [VideoRecorderService.java:191] 许久无人，停止录制
2024-08-29 18:53:35,507 INFO [threadPoolTaskExecutor-7] c.s.a.d.v.s.VideoRecorderService [VideoRecorderService.java:191] 许久无人，停止录制
2024-08-29 18:53:48,467 INFO [threadPoolTaskExecutor-8] c.s.a.d.v.s.VideoRecorderService [VideoRecorderService.java:191] 许久无人，停止录制
2024-08-29 18:54:45,773 INFO [threadPoolTaskExecutor-2] c.s.a.d.v.s.VideoRecorderService [VideoRecorderService.java:191] 许久无人，停止录制
2024-08-29 18:55:51,308 INFO [threadPoolTaskExecutor-3] c.s.a.d.v.s.VideoRecorderService [VideoRecorderService.java:191] 许久无人，停止录制
2024-08-29 18:56:16,259 INFO [threadPoolTaskExecutor-4] c.s.a.d.v.s.VideoRecorderService [VideoRecorderService.java:191] 许久无人，停止录制
2024-08-29 18:56:31,141 INFO [threadPoolTaskExecutor-5] c.s.a.d.v.s.VideoRecorderService [VideoRecorderService.java:191] 许久无人，停止录制
2024-08-29 18:57:24,699 INFO [threadPoolTaskExecutor-6] c.s.a.d.v.s.VideoRecorderService [VideoRecorderService.java:191] 许久无人，停止录制
2024-08-29 18:57:35,700 INFO [threadPoolTaskExecutor-7] c.s.a.d.v.s.VideoRecorderService [VideoRecorderService.java:191] 许久无人，停止录制
2024-08-29 18:58:00,858 INFO [threadPoolTaskExecutor-8] c.s.a.d.v.s.VideoRecorderService [VideoRecorderService.java:191] 许久无人，停止录制
2024-08-29 18:58:35,298 INFO [threadPoolTaskExecutor-2] c.s.a.d.v.s.VideoRecorderService [VideoRecorderService.java:191] 许久无人，停止录制
2024-08-29 18:58:57,253 INFO [threadPoolTaskExecutor-3] c.s.a.d.v.s.VideoRecorderService [VideoRecorderService.java:191] 许久无人，停止录制
2024-08-29 18:59:19,964 INFO [threadPoolTaskExecutor-4] c.s.a.d.v.s.VideoRecorderService [VideoRecorderService.java:191] 许久无人，停止录制
2024-08-29 19:00:14,366 INFO [threadPoolTaskExecutor-5] c.s.a.d.v.s.VideoRecorderService [VideoRecorderService.java:191] 许久无人，停止录制
2024-08-29 19:00:45,050 INFO [threadPoolTaskExecutor-6] c.s.a.d.v.s.VideoRecorderService [VideoRecorderService.java:191] 许久无人，停止录制
2024-08-29 19:01:11,849 INFO [threadPoolTaskExecutor-7] c.s.a.d.v.s.VideoRecorderService [VideoRecorderService.java:191] 许久无人，停止录制
2024-08-29 19:01:18,730 INFO [threadPoolTaskExecutor-8] c.s.a.d.v.s.VideoRecorderService [VideoRecorderService.java:191] 许久无人，停止录制
2024-08-29 19:01:33,523 INFO [threadPoolTaskExecutor-2] c.s.a.d.v.s.VideoRecorderService [VideoRecorderService.java:191] 许久无人，停止录制
2024-08-29 19:02:26,770 INFO [threadPoolTaskExecutor-3] c.s.a.d.v.s.VideoRecorderService [VideoRecorderService.java:191] 许久无人，停止录制
2024-08-29 19:02:41,564 INFO [threadPoolTaskExecutor-4] c.s.a.d.v.s.VideoRecorderService [VideoRecorderService.java:191] 许久无人，停止录制
2024-08-29 19:03:38,648 INFO [threadPoolTaskExecutor-5] c.s.a.d.v.s.VideoRecorderService [VideoRecorderService.java:191] 许久无人，停止录制
2024-08-29 19:04:04,479 INFO [threadPoolTaskExecutor-6] c.s.a.d.v.s.VideoRecorderService [VideoRecorderService.java:191] 许久无人，停止录制
2024-08-29 19:05:53,247 INFO [threadPoolTaskExecutor-7] c.s.a.d.v.s.VideoRecorderService [VideoRecorderService.java:191] 许久无人，停止录制
2024-08-29 19:06:12,073 INFO [threadPoolTaskExecutor-8] c.s.a.d.v.s.VideoRecorderService [VideoRecorderService.java:191] 许久无人，停止录制
2024-08-29 19:06:33,881 INFO [threadPoolTaskExecutor-2] c.s.a.d.v.s.VideoRecorderService [VideoRecorderService.java:191] 许久无人，停止录制
2024-08-29 19:07:43,479 INFO [threadPoolTaskExecutor-3] c.s.a.d.v.s.VideoRecorderService [VideoRecorderService.java:191] 许久无人，停止录制
2024-08-29 19:08:40,842 INFO [threadPoolTaskExecutor-4] c.s.a.d.v.s.VideoRecorderService [VideoRecorderService.java:191] 许久无人，停止录制
2024-08-29 19:09:43,230 INFO [threadPoolTaskExecutor-5] c.s.a.d.v.s.VideoRecorderService [VideoRecorderService.java:191] 许久无人，停止录制
2024-08-29 19:10:10,028 INFO [threadPoolTaskExecutor-6] c.s.a.d.v.s.VideoRecorderService [VideoRecorderService.java:191] 许久无人，停止录制
2024-08-29 19:10:44,831 INFO [threadPoolTaskExecutor-7] c.s.a.d.v.s.VideoRecorderService [VideoRecorderService.java:191] 许久无人，停止录制
2024-08-29 19:11:11,677 INFO [threadPoolTaskExecutor-8] c.s.a.d.v.s.VideoRecorderService [VideoRecorderService.java:191] 许久无人，停止录制
2024-08-29 19:11:21,663 INFO [threadPoolTaskExecutor-2] c.s.a.d.v.s.VideoRecorderService [VideoRecorderService.java:191] 许久无人，停止录制
2024-08-29 19:11:35,479 INFO [threadPoolTaskExecutor-3] c.s.a.d.v.s.VideoRecorderService [VideoRecorderService.java:191] 许久无人，停止录制
2024-08-29 19:12:28,749 INFO [threadPoolTaskExecutor-4] c.s.a.d.v.s.VideoRecorderService [VideoRecorderService.java:191] 许久无人，停止录制
2024-08-29 19:12:55,546 INFO [threadPoolTaskExecutor-5] c.s.a.d.v.s.VideoRecorderService [VideoRecorderService.java:191] 许久无人，停止录制
2024-08-29 19:13:44,427 INFO [threadPoolTaskExecutor-6] c.s.a.d.v.s.VideoRecorderService [VideoRecorderService.java:191] 许久无人，停止录制
2024-08-29 19:14:07,071 INFO [threadPoolTaskExecutor-7] c.s.a.d.v.s.VideoRecorderService [VideoRecorderService.java:191] 许久无人，停止录制
2024-08-29 19:14:44,821 INFO [threadPoolTaskExecutor-8] c.s.a.d.v.s.VideoRecorderService [VideoRecorderService.java:191] 许久无人，停止录制
2024-08-29 19:15:53,749 INFO [threadPoolTaskExecutor-2] c.s.a.d.v.s.VideoRecorderService [VideoRecorderService.java:191] 许久无人，停止录制
2024-08-29 19:16:12,625 INFO [threadPoolTaskExecutor-3] c.s.a.d.v.s.VideoRecorderService [VideoRecorderService.java:191] 许久无人，停止录制
2024-08-29 19:16:31,420 INFO [threadPoolTaskExecutor-4] c.s.a.d.v.s.VideoRecorderService [VideoRecorderService.java:191] 许久无人，停止录制
2024-08-29 19:17:28,660 INFO [threadPoolTaskExecutor-5] c.s.a.d.v.s.VideoRecorderService [VideoRecorderService.java:191] 许久无人，停止录制
2024-08-29 19:17:51,624 INFO [threadPoolTaskExecutor-6] c.s.a.d.v.s.VideoRecorderService [VideoRecorderService.java:191] 许久无人，停止录制
2024-08-29 19:18:44,852 INFO [threadPoolTaskExecutor-7] c.s.a.d.v.s.VideoRecorderService [VideoRecorderService.java:191] 许久无人，停止录制
2024-08-29 19:18:59,661 INFO [threadPoolTaskExecutor-8] c.s.a.d.v.s.VideoRecorderService [VideoRecorderService.java:191] 许久无人，停止录制
2024-08-29 19:19:22,624 INFO [threadPoolTaskExecutor-2] c.s.a.d.v.s.VideoRecorderService [VideoRecorderService.java:191] 许久无人，停止录制
2024-08-29 19:19:41,458 INFO [threadPoolTaskExecutor-3] c.s.a.d.v.s.VideoRecorderService [VideoRecorderService.java:191] 许久无人，停止录制
2024-08-29 19:20:52,047 INFO [threadPoolTaskExecutor-4] c.s.a.d.v.s.VideoRecorderService [VideoRecorderService.java:191] 许久无人，停止录制
2024-08-29 19:21:02,050 INFO [threadPoolTaskExecutor-5] c.s.a.d.v.s.VideoRecorderService [VideoRecorderService.java:191] 许久无人，停止录制
2024-08-29 19:21:35,847 INFO [threadPoolTaskExecutor-6] c.s.a.d.v.s.VideoRecorderService [VideoRecorderService.java:191] 许久无人，停止录制
2024-08-29 19:22:26,135 INFO [threadPoolTaskExecutor-7] c.s.a.d.v.s.VideoRecorderService [VideoRecorderService.java:191] 许久无人，停止录制
2024-08-29 19:22:47,924 INFO [threadPoolTaskExecutor-8] c.s.a.d.v.s.VideoRecorderService [VideoRecorderService.java:191] 许久无人，停止录制
2024-08-29 19:23:57,292 INFO [threadPoolTaskExecutor-2] c.s.a.d.v.s.VideoRecorderService [VideoRecorderService.java:191] 许久无人，停止录制
2024-08-29 19:24:46,525 INFO [threadPoolTaskExecutor-3] c.s.a.d.v.s.VideoRecorderService [VideoRecorderService.java:191] 许久无人，停止录制
2024-08-29 19:25:17,201 INFO [threadPoolTaskExecutor-4] c.s.a.d.v.s.VideoRecorderService [VideoRecorderService.java:191] 许久无人，停止录制
2024-08-29 19:25:48,007 INFO [threadPoolTaskExecutor-5] c.s.a.d.v.s.VideoRecorderService [VideoRecorderService.java:191] 许久无人，停止录制
2024-08-29 19:25:58,848 INFO [threadPoolTaskExecutor-6] c.s.a.d.v.s.VideoRecorderService [VideoRecorderService.java:191] 许久无人，停止录制
2024-08-29 19:26:33,517 INFO [threadPoolTaskExecutor-7] c.s.a.d.v.s.VideoRecorderService [VideoRecorderService.java:191] 许久无人，停止录制
2024-08-29 19:27:28,008 INFO [threadPoolTaskExecutor-8] c.s.a.d.v.s.VideoRecorderService [VideoRecorderService.java:191] 许久无人，停止录制
2024-08-29 19:27:42,804 INFO [threadPoolTaskExecutor-2] c.s.a.d.v.s.VideoRecorderService [VideoRecorderService.java:191] 许久无人，停止录制
2024-08-29 19:28:42,676 INFO [threadPoolTaskExecutor-3] c.s.a.d.v.s.VideoRecorderService [VideoRecorderService.java:191] 许久无人，停止录制
2024-08-29 19:29:20,883 INFO [threadPoolTaskExecutor-4] c.s.a.d.v.s.VideoRecorderService [VideoRecorderService.java:191] 许久无人，停止录制
2024-08-29 19:29:46,921 INFO [threadPoolTaskExecutor-5] c.s.a.d.v.s.VideoRecorderService [VideoRecorderService.java:191] 许久无人，停止录制
2024-08-29 19:30:17,593 INFO [threadPoolTaskExecutor-6] c.s.a.d.v.s.VideoRecorderService [VideoRecorderService.java:191] 许久无人，停止录制
2024-08-29 19:30:51,198 INFO [threadPoolTaskExecutor-7] c.s.a.d.v.s.VideoRecorderService [VideoRecorderService.java:191] 许久无人，停止录制
2024-08-29 19:30:58,201 INFO [threadPoolTaskExecutor-8] c.s.a.d.v.s.VideoRecorderService [VideoRecorderService.java:191] 许久无人，停止录制
2024-08-29 19:31:13,197 INFO [threadPoolTaskExecutor-2] c.s.a.d.v.s.VideoRecorderService [VideoRecorderService.java:191] 许久无人，停止录制
2024-08-29 19:31:20,198 INFO [threadPoolTaskExecutor-3] c.s.a.d.v.s.VideoRecorderService [VideoRecorderService.java:191] 许久无人，停止录制
2024-08-29 19:31:35,401 INFO [threadPoolTaskExecutor-4] c.s.a.d.v.s.VideoRecorderService [VideoRecorderService.java:191] 许久无人，停止录制
2024-08-29 19:32:26,198 INFO [threadPoolTaskExecutor-5] c.s.a.d.v.s.VideoRecorderService [VideoRecorderService.java:191] 许久无人，停止录制
2024-08-29 19:32:56,268 INFO [threadPoolTaskExecutor-6] c.s.a.d.v.s.VideoRecorderService [VideoRecorderService.java:191] 许久无人，停止录制
2024-08-29 19:33:42,032 INFO [threadPoolTaskExecutor-7] c.s.a.d.v.s.VideoRecorderService [VideoRecorderService.java:191] 许久无人，停止录制
2024-08-29 19:33:56,990 INFO [threadPoolTaskExecutor-8] c.s.a.d.v.s.VideoRecorderService [VideoRecorderService.java:191] 许久无人，停止录制
2024-08-29 19:34:43,588 INFO [threadPoolTaskExecutor-2] c.s.a.d.v.s.VideoRecorderService [VideoRecorderService.java:191] 许久无人，停止录制
2024-08-29 19:35:57,788 INFO [threadPoolTaskExecutor-3] c.s.a.d.v.s.VideoRecorderService [VideoRecorderService.java:191] 许久无人，停止录制
2024-08-29 19:36:12,627 INFO [threadPoolTaskExecutor-4] c.s.a.d.v.s.VideoRecorderService [VideoRecorderService.java:191] 许久无人，停止录制
2024-08-29 19:36:19,596 INFO [threadPoolTaskExecutor-5] c.s.a.d.v.s.VideoRecorderService [VideoRecorderService.java:191] 许久无人，停止录制
2024-08-29 19:36:40,506 INFO [threadPoolTaskExecutor-6] c.s.a.d.v.s.VideoRecorderService [VideoRecorderService.java:191] 许久无人，停止录制
2024-08-29 19:37:26,980 INFO [threadPoolTaskExecutor-7] c.s.a.d.v.s.VideoRecorderService [VideoRecorderService.java:191] 许久无人，停止录制
2024-08-29 19:37:57,866 INFO [threadPoolTaskExecutor-8] c.s.a.d.v.s.VideoRecorderService [VideoRecorderService.java:191] 许久无人，停止录制
2024-08-29 19:38:43,299 INFO [threadPoolTaskExecutor-2] c.s.a.d.v.s.VideoRecorderService [VideoRecorderService.java:191] 许久无人，停止录制
2024-08-29 19:39:44,787 INFO [threadPoolTaskExecutor-3] c.s.a.d.v.s.VideoRecorderService [VideoRecorderService.java:191] 许久无人，停止录制
2024-08-29 19:40:11,307 INFO [threadPoolTaskExecutor-4] c.s.a.d.v.s.VideoRecorderService [VideoRecorderService.java:191] 许久无人，停止录制
2024-08-29 19:40:18,294 INFO [threadPoolTaskExecutor-5] c.s.a.d.v.s.VideoRecorderService [VideoRecorderService.java:191] 许久无人，停止录制
2024-08-29 19:40:55,787 INFO [threadPoolTaskExecutor-6] c.s.a.d.v.s.VideoRecorderService [VideoRecorderService.java:191] 许久无人，停止录制
2024-08-29 19:41:14,503 INFO [threadPoolTaskExecutor-7] c.s.a.d.v.s.VideoRecorderService [VideoRecorderService.java:191] 许久无人，停止录制
2024-08-29 19:41:33,294 INFO [threadPoolTaskExecutor-8] c.s.a.d.v.s.VideoRecorderService [VideoRecorderService.java:191] 许久无人，停止录制
2024-08-29 19:41:52,250 INFO [threadPoolTaskExecutor-2] c.s.a.d.v.s.VideoRecorderService [VideoRecorderService.java:191] 许久无人，停止录制
2024-08-29 19:42:26,983 INFO [threadPoolTaskExecutor-3] c.s.a.d.v.s.VideoRecorderService [VideoRecorderService.java:191] 许久无人，停止录制
2024-08-29 19:42:44,775 INFO [threadPoolTaskExecutor-4] c.s.a.d.v.s.VideoRecorderService [VideoRecorderService.java:191] 许久无人，停止录制
2024-08-29 19:43:42,176 INFO [threadPoolTaskExecutor-5] c.s.a.d.v.s.VideoRecorderService [VideoRecorderService.java:191] 许久无人，停止录制
2024-08-29 19:43:57,174 INFO [threadPoolTaskExecutor-6] c.s.a.d.v.s.VideoRecorderService [VideoRecorderService.java:191] 许久无人，停止录制
2024-08-29 19:44:20,009 INFO [threadPoolTaskExecutor-7] c.s.a.d.v.s.VideoRecorderService [VideoRecorderService.java:191] 许久无人，停止录制
2024-08-29 19:44:45,977 INFO [threadPoolTaskExecutor-8] c.s.a.d.v.s.VideoRecorderService [VideoRecorderService.java:191] 许久无人，停止录制
2024-08-29 19:45:16,892 INFO [threadPoolTaskExecutor-2] c.s.a.d.v.s.VideoRecorderService [VideoRecorderService.java:191] 许久无人，停止录制
2024-08-29 19:45:54,621 INFO [threadPoolTaskExecutor-3] c.s.a.d.v.s.VideoRecorderService [VideoRecorderService.java:191] 许久无人，停止录制
2024-08-29 19:46:13,568 INFO [threadPoolTaskExecutor-4] c.s.a.d.v.s.VideoRecorderService [VideoRecorderService.java:191] 许久无人，停止录制
2024-08-29 19:46:36,374 INFO [threadPoolTaskExecutor-5] c.s.a.d.v.s.VideoRecorderService [VideoRecorderService.java:191] 许久无人，停止录制
2024-08-29 19:47:26,810 INFO [threadPoolTaskExecutor-6] c.s.a.d.v.s.VideoRecorderService [VideoRecorderService.java:191] 许久无人，停止录制
2024-08-29 19:47:56,778 INFO [threadPoolTaskExecutor-7] c.s.a.d.v.s.VideoRecorderService [VideoRecorderService.java:191] 许久无人，停止录制
2024-08-29 19:48:58,363 INFO [threadPoolTaskExecutor-8] c.s.a.d.v.s.VideoRecorderService [VideoRecorderService.java:191] 许久无人，停止录制
2024-08-29 19:49:21,157 INFO [threadPoolTaskExecutor-2] c.s.a.d.v.s.VideoRecorderService [VideoRecorderService.java:191] 许久无人，停止录制
2024-08-29 19:49:43,770 INFO [threadPoolTaskExecutor-3] c.s.a.d.v.s.VideoRecorderService [VideoRecorderService.java:191] 许久无人，停止录制
2024-08-29 19:50:18,362 INFO [threadPoolTaskExecutor-4] c.s.a.d.v.s.VideoRecorderService [VideoRecorderService.java:191] 许久无人，停止录制
2024-08-29 19:50:48,885 INFO [threadPoolTaskExecutor-5] c.s.a.d.v.s.VideoRecorderService [VideoRecorderService.java:191] 许久无人，停止录制
2024-08-29 19:51:11,645 INFO [threadPoolTaskExecutor-6] c.s.a.d.v.s.VideoRecorderService [VideoRecorderService.java:191] 许久无人，停止录制
2024-08-29 19:52:29,961 INFO [threadPoolTaskExecutor-7] c.s.a.d.v.s.VideoRecorderService [VideoRecorderService.java:191] 许久无人，停止录制
2024-08-29 19:52:50,832 INFO [threadPoolTaskExecutor-8] c.s.a.d.v.s.VideoRecorderService [VideoRecorderService.java:191] 许久无人，停止录制
2024-08-29 19:53:36,958 INFO [threadPoolTaskExecutor-2] c.s.a.d.v.s.VideoRecorderService [VideoRecorderService.java:191] 许久无人，停止录制
2024-08-29 19:53:46,959 INFO [threadPoolTaskExecutor-3] c.s.a.d.v.s.VideoRecorderService [VideoRecorderService.java:191] 许久无人，停止录制
2024-08-29 19:54:21,561 INFO [threadPoolTaskExecutor-4] c.s.a.d.v.s.VideoRecorderService [VideoRecorderService.java:191] 许久无人，停止录制
2024-08-29 19:54:44,549 INFO [threadPoolTaskExecutor-5] c.s.a.d.v.s.VideoRecorderService [VideoRecorderService.java:191] 许久无人，停止录制
2024-08-29 19:55:19,148 INFO [threadPoolTaskExecutor-6] c.s.a.d.v.s.VideoRecorderService [VideoRecorderService.java:191] 许久无人，停止录制
2024-08-29 19:55:53,800 INFO [threadPoolTaskExecutor-7] c.s.a.d.v.s.VideoRecorderService [VideoRecorderService.java:191] 许久无人，停止录制
2024-08-29 19:56:15,749 INFO [threadPoolTaskExecutor-8] c.s.a.d.v.s.VideoRecorderService [VideoRecorderService.java:191] 许久无人，停止录制
2024-08-29 19:57:10,389 INFO [threadPoolTaskExecutor-2] c.s.a.d.v.s.VideoRecorderService [VideoRecorderService.java:191] 许久无人，停止录制
2024-08-29 19:57:32,236 INFO [threadPoolTaskExecutor-3] c.s.a.d.v.s.VideoRecorderService [VideoRecorderService.java:191] 许久无人，停止录制
2024-08-29 19:57:59,379 INFO [threadPoolTaskExecutor-4] c.s.a.d.v.s.VideoRecorderService [VideoRecorderService.java:191] 许久无人，停止录制
2024-08-29 19:58:41,142 INFO [threadPoolTaskExecutor-5] c.s.a.d.v.s.VideoRecorderService [VideoRecorderService.java:191] 许久无人，停止录制
2024-08-29 19:58:48,060 INFO [threadPoolTaskExecutor-6] c.s.a.d.v.s.VideoRecorderService [VideoRecorderService.java:191] 许久无人，停止录制
2024-08-29 19:59:01,991 INFO [threadPoolTaskExecutor-7] c.s.a.d.v.s.VideoRecorderService [VideoRecorderService.java:191] 许久无人，停止录制
2024-08-29 19:59:20,992 INFO [threadPoolTaskExecutor-8] c.s.a.d.v.s.VideoRecorderService [VideoRecorderService.java:191] 许久无人，停止录制
2024-08-29 19:59:43,980 INFO [threadPoolTaskExecutor-2] c.s.a.d.v.s.VideoRecorderService [VideoRecorderService.java:191] 许久无人，停止录制
2024-08-29 20:00:18,788 INFO [threadPoolTaskExecutor-3] c.s.a.d.v.s.VideoRecorderService [VideoRecorderService.java:191] 许久无人，停止录制
2024-08-29 20:00:49,545 INFO [threadPoolTaskExecutor-4] c.s.a.d.v.s.VideoRecorderService [VideoRecorderService.java:191] 许久无人，停止录制
2024-08-29 20:01:12,376 INFO [threadPoolTaskExecutor-5] c.s.a.d.v.s.VideoRecorderService [VideoRecorderService.java:191] 许久无人，停止录制
2024-08-29 20:01:19,384 INFO [threadPoolTaskExecutor-6] c.s.a.d.v.s.VideoRecorderService [VideoRecorderService.java:191] 许久无人，停止录制
2024-08-29 20:01:34,342 INFO [threadPoolTaskExecutor-7] c.s.a.d.v.s.VideoRecorderService [VideoRecorderService.java:191] 许久无人，停止录制
2024-08-29 20:01:52,975 INFO [threadPoolTaskExecutor-8] c.s.a.d.v.s.VideoRecorderService [VideoRecorderService.java:191] 许久无人，停止录制
2024-08-29 20:02:30,658 INFO [threadPoolTaskExecutor-2] c.s.a.d.v.s.VideoRecorderService [VideoRecorderService.java:191] 许久无人，停止录制
2024-08-29 20:02:50,583 INFO [threadPoolTaskExecutor-3] c.s.a.d.v.s.VideoRecorderService [VideoRecorderService.java:191] 许久无人，停止录制
2024-08-29 20:03:48,140 INFO [threadPoolTaskExecutor-4] c.s.a.d.v.s.VideoRecorderService [VideoRecorderService.java:191] 许久无人，停止录制
2024-08-29 20:04:22,934 INFO [threadPoolTaskExecutor-5] c.s.a.d.v.s.VideoRecorderService [VideoRecorderService.java:191] 许久无人，停止录制
2024-08-29 20:04:45,580 INFO [threadPoolTaskExecutor-6] c.s.a.d.v.s.VideoRecorderService [VideoRecorderService.java:191] 许久无人，停止录制
2024-08-29 20:05:16,130 INFO [threadPoolTaskExecutor-7] c.s.a.d.v.s.VideoRecorderService [VideoRecorderService.java:191] 许久无人，停止录制
2024-08-29 20:06:14,328 INFO [threadPoolTaskExecutor-8] c.s.a.d.v.s.VideoRecorderService [VideoRecorderService.java:191] 许久无人，停止录制
2024-08-29 20:06:21,211 INFO [threadPoolTaskExecutor-2] c.s.a.d.v.s.VideoRecorderService [VideoRecorderService.java:191] 许久无人，停止录制
2024-08-29 20:06:36,128 INFO [threadPoolTaskExecutor-3] c.s.a.d.v.s.VideoRecorderService [VideoRecorderService.java:191] 许久无人，停止录制
2024-08-29 20:06:58,845 INFO [threadPoolTaskExecutor-4] c.s.a.d.v.s.VideoRecorderService [VideoRecorderService.java:191] 许久无人，停止录制
2024-08-29 20:07:25,576 INFO [threadPoolTaskExecutor-5] c.s.a.d.v.s.VideoRecorderService [VideoRecorderService.java:191] 许久无人，停止录制
2024-08-29 20:07:47,533 INFO [threadPoolTaskExecutor-6] c.s.a.d.v.s.VideoRecorderService [VideoRecorderService.java:191] 许久无人，停止录制
2024-08-29 20:08:40,931 INFO [threadPoolTaskExecutor-7] c.s.a.d.v.s.VideoRecorderService [VideoRecorderService.java:191] 许久无人，停止录制
2024-08-29 20:08:47,933 INFO [threadPoolTaskExecutor-8] c.s.a.d.v.s.VideoRecorderService [VideoRecorderService.java:191] 许久无人，停止录制
2024-08-29 20:08:54,931 INFO [threadPoolTaskExecutor-2] c.s.a.d.v.s.VideoRecorderService [VideoRecorderService.java:191] 许久无人，停止录制
2024-08-29 20:09:01,922 INFO [threadPoolTaskExecutor-3] c.s.a.d.v.s.VideoRecorderService [VideoRecorderService.java:191] 许久无人，停止录制
2024-08-29 20:09:20,734 INFO [threadPoolTaskExecutor-4] c.s.a.d.v.s.VideoRecorderService [VideoRecorderService.java:191] 许久无人，停止录制
2024-08-29 20:09:46,728 INFO [threadPoolTaskExecutor-5] c.s.a.d.v.s.VideoRecorderService [VideoRecorderService.java:191] 许久无人，停止录制
2024-08-29 20:10:16,569 INFO [threadPoolTaskExecutor-6] c.s.a.d.v.s.VideoRecorderService [VideoRecorderService.java:191] 许久无人，停止录制
2024-08-29 20:10:55,326 INFO [threadPoolTaskExecutor-7] c.s.a.d.v.s.VideoRecorderService [VideoRecorderService.java:191] 许久无人，停止录制
2024-08-29 20:11:34,169 INFO [threadPoolTaskExecutor-8] c.s.a.d.v.s.VideoRecorderService [VideoRecorderService.java:191] 许久无人，停止录制
2024-08-29 20:12:24,721 INFO [threadPoolTaskExecutor-2] c.s.a.d.v.s.VideoRecorderService [VideoRecorderService.java:191] 许久无人，停止录制
2024-08-29 20:12:47,569 INFO [threadPoolTaskExecutor-3] c.s.a.d.v.s.VideoRecorderService [VideoRecorderService.java:191] 许久无人，停止录制
2024-08-29 20:13:45,149 INFO [threadPoolTaskExecutor-4] c.s.a.d.v.s.VideoRecorderService [VideoRecorderService.java:191] 许久无人，停止录制
2024-08-29 20:13:59,034 INFO [threadPoolTaskExecutor-5] c.s.a.d.v.s.VideoRecorderService [VideoRecorderService.java:191] 许久无人，停止录制
2024-08-29 20:15:48,712 INFO [threadPoolTaskExecutor-6] c.s.a.d.v.s.VideoRecorderService [VideoRecorderService.java:191] 许久无人，停止录制
2024-08-29 20:17:29,426 INFO [threadPoolTaskExecutor-7] c.s.a.d.v.s.VideoRecorderService [VideoRecorderService.java:191] 许久无人，停止录制
2024-08-29 20:17:51,113 INFO [threadPoolTaskExecutor-8] c.s.a.d.v.s.VideoRecorderService [VideoRecorderService.java:191] 许久无人，停止录制
2024-08-29 20:18:41,438 INFO [threadPoolTaskExecutor-2] c.s.a.d.v.s.VideoRecorderService [VideoRecorderService.java:191] 许久无人，停止录制
2024-08-29 20:18:59,225 INFO [threadPoolTaskExecutor-3] c.s.a.d.v.s.VideoRecorderService [VideoRecorderService.java:191] 许久无人，停止录制
2024-08-29 20:19:45,624 INFO [threadPoolTaskExecutor-4] c.s.a.d.v.s.VideoRecorderService [VideoRecorderService.java:191] 许久无人，停止录制
2024-08-29 20:22:46,947 INFO [threadPoolTaskExecutor-5] c.s.a.d.v.s.VideoRecorderService [VideoRecorderService.java:191] 许久无人，停止录制
2024-08-29 20:28:42,292 INFO [threadPoolTaskExecutor-6] c.s.a.d.v.s.VideoRecorderService [VideoRecorderService.java:191] 许久无人，停止录制
2024-08-29 20:28:49,209 INFO [threadPoolTaskExecutor-7] c.s.a.d.v.s.VideoRecorderService [VideoRecorderService.java:191] 许久无人，停止录制
2024-08-29 20:30:50,689 INFO [threadPoolTaskExecutor-8] c.s.a.d.v.s.VideoRecorderService [VideoRecorderService.java:191] 许久无人，停止录制
2024-08-29 20:31:13,489 INFO [threadPoolTaskExecutor-2] c.s.a.d.v.s.VideoRecorderService [VideoRecorderService.java:191] 许久无人，停止录制
2024-08-29 20:32:27,689 INFO [threadPoolTaskExecutor-3] c.s.a.d.v.s.VideoRecorderService [VideoRecorderService.java:191] 许久无人，停止录制
2024-08-29 20:32:53,335 INFO [threadPoolTaskExecutor-4] c.s.a.d.v.s.VideoRecorderService [VideoRecorderService.java:191] 许久无人，停止录制
2024-08-29 20:33:43,922 INFO [threadPoolTaskExecutor-5] c.s.a.d.v.s.VideoRecorderService [VideoRecorderService.java:191] 许久无人，停止录制
2024-08-29 20:34:49,521 INFO [threadPoolTaskExecutor-6] c.s.a.d.v.s.VideoRecorderService [VideoRecorderService.java:191] 许久无人，停止录制
2024-08-29 20:37:27,479 INFO [threadPoolTaskExecutor-7] c.s.a.d.v.s.VideoRecorderService [VideoRecorderService.java:191] 许久无人，停止录制
2024-08-29 20:37:46,321 INFO [threadPoolTaskExecutor-8] c.s.a.d.v.s.VideoRecorderService [VideoRecorderService.java:191] 许久无人，停止录制
2024-08-29 20:38:47,720 INFO [threadPoolTaskExecutor-2] c.s.a.d.v.s.VideoRecorderService [VideoRecorderService.java:191] 许久无人，停止录制
2024-08-29 20:40:17,277 INFO [threadPoolTaskExecutor-3] c.s.a.d.v.s.VideoRecorderService [VideoRecorderService.java:191] 许久无人，停止录制
2024-08-29 20:40:56,073 INFO [threadPoolTaskExecutor-4] c.s.a.d.v.s.VideoRecorderService [VideoRecorderService.java:191] 许久无人，停止录制
2024-08-29 20:41:14,875 INFO [threadPoolTaskExecutor-5] c.s.a.d.v.s.VideoRecorderService [VideoRecorderService.java:191] 许久无人，停止录制
2024-08-29 20:42:28,866 INFO [threadPoolTaskExecutor-6] c.s.a.d.v.s.VideoRecorderService [VideoRecorderService.java:191] 许久无人，停止录制
2024-08-29 20:42:50,660 INFO [threadPoolTaskExecutor-7] c.s.a.d.v.s.VideoRecorderService [VideoRecorderService.java:191] 许久无人，停止录制
2024-08-29 20:43:48,064 INFO [threadPoolTaskExecutor-8] c.s.a.d.v.s.VideoRecorderService [VideoRecorderService.java:191] 许久无人，停止录制
2024-08-29 20:45:17,662 INFO [threadPoolTaskExecutor-2] c.s.a.d.v.s.VideoRecorderService [VideoRecorderService.java:191] 许久无人，停止录制
2024-08-29 20:45:56,261 INFO [threadPoolTaskExecutor-3] c.s.a.d.v.s.VideoRecorderService [VideoRecorderService.java:191] 许久无人，停止录制
2024-08-29 20:46:23,262 INFO [threadPoolTaskExecutor-4] c.s.a.d.v.s.VideoRecorderService [VideoRecorderService.java:191] 许久无人，停止录制
2024-08-29 20:47:33,256 INFO [threadPoolTaskExecutor-5] c.s.a.d.v.s.VideoRecorderService [VideoRecorderService.java:191] 许久无人，停止录制
2024-08-29 20:48:47,656 INFO [threadPoolTaskExecutor-6] c.s.a.d.v.s.VideoRecorderService [VideoRecorderService.java:191] 许久无人，停止录制
2024-08-29 20:51:17,885 INFO [threadPoolTaskExecutor-7] c.s.a.d.v.s.VideoRecorderService [VideoRecorderService.java:191] 许久无人，停止录制
2024-08-29 20:52:30,887 INFO [threadPoolTaskExecutor-8] c.s.a.d.v.s.VideoRecorderService [VideoRecorderService.java:191] 许久无人，停止录制
2024-08-29 20:53:47,691 INFO [threadPoolTaskExecutor-2] c.s.a.d.v.s.VideoRecorderService [VideoRecorderService.java:191] 许久无人，停止录制
2024-08-29 20:54:01,850 INFO [threadPoolTaskExecutor-3] c.s.a.d.v.s.VideoRecorderService [VideoRecorderService.java:191] 许久无人，停止录制
2024-08-29 20:56:29,638 INFO [threadPoolTaskExecutor-4] c.s.a.d.v.s.VideoRecorderService [VideoRecorderService.java:191] 许久无人，停止录制
2024-08-29 20:57:53,846 INFO [threadPoolTaskExecutor-5] c.s.a.d.v.s.VideoRecorderService [VideoRecorderService.java:191] 许久无人，停止录制
2024-08-29 21:00:50,948 INFO [threadPoolTaskExecutor-6] c.s.a.d.v.s.VideoRecorderService [VideoRecorderService.java:191] 许久无人，停止录制
2024-08-29 21:02:29,635 INFO [threadPoolTaskExecutor-7] c.s.a.d.v.s.VideoRecorderService [VideoRecorderService.java:191] 许久无人，停止录制
2024-08-29 21:02:48,544 INFO [threadPoolTaskExecutor-8] c.s.a.d.v.s.VideoRecorderService [VideoRecorderService.java:191] 许久无人，停止录制
2024-08-29 21:03:46,904 INFO [threadPoolTaskExecutor-2] c.s.a.d.v.s.VideoRecorderService [VideoRecorderService.java:191] 许久无人，停止录制
2024-08-29 21:05:51,943 INFO [threadPoolTaskExecutor-3] c.s.a.d.v.s.VideoRecorderService [VideoRecorderService.java:191] 许久无人，停止录制
2024-08-29 21:06:38,658 INFO [threadPoolTaskExecutor-4] c.s.a.d.v.s.VideoRecorderService [VideoRecorderService.java:191] 许久无人，停止录制
2024-08-29 21:07:29,143 INFO [threadPoolTaskExecutor-5] c.s.a.d.v.s.VideoRecorderService [VideoRecorderService.java:191] 许久无人，停止录制
2024-08-29 21:07:51,015 INFO [threadPoolTaskExecutor-6] c.s.a.d.v.s.VideoRecorderService [VideoRecorderService.java:191] 许久无人，停止录制
2024-08-29 21:10:51,858 INFO [threadPoolTaskExecutor-7] c.s.a.d.v.s.VideoRecorderService [VideoRecorderService.java:191] 许久无人，停止录制
2024-08-29 21:12:30,014 INFO [threadPoolTaskExecutor-8] c.s.a.d.v.s.VideoRecorderService [VideoRecorderService.java:191] 许久无人，停止录制
2024-08-29 21:12:51,889 INFO [threadPoolTaskExecutor-2] c.s.a.d.v.s.VideoRecorderService [VideoRecorderService.java:191] 许久无人，停止录制
2024-08-29 21:13:46,616 INFO [threadPoolTaskExecutor-3] c.s.a.d.v.s.VideoRecorderService [VideoRecorderService.java:191] 许久无人，停止录制
2024-08-29 21:14:29,333 INFO [threadPoolTaskExecutor-4] c.s.a.d.v.s.VideoRecorderService [VideoRecorderService.java:191] 许久无人，停止录制
2024-08-29 21:15:19,811 INFO [threadPoolTaskExecutor-5] c.s.a.d.v.s.VideoRecorderService [VideoRecorderService.java:191] 许久无人，停止录制
2024-08-29 21:17:33,400 INFO [threadPoolTaskExecutor-6] c.s.a.d.v.s.VideoRecorderService [VideoRecorderService.java:191] 许久无人，停止录制
2024-08-29 21:17:55,126 INFO [threadPoolTaskExecutor-7] c.s.a.d.v.s.VideoRecorderService [VideoRecorderService.java:191] 许久无人，停止录制
2024-08-29 21:18:48,516 INFO [threadPoolTaskExecutor-8] c.s.a.d.v.s.VideoRecorderService [VideoRecorderService.java:191] 许久无人，停止录制
2024-08-29 21:19:23,323 INFO [threadPoolTaskExecutor-2] c.s.a.d.v.s.VideoRecorderService [VideoRecorderService.java:191] 许久无人，停止录制
2024-08-29 21:20:53,438 INFO [threadPoolTaskExecutor-3] c.s.a.d.v.s.VideoRecorderService [VideoRecorderService.java:191] 许久无人，停止录制
2024-08-29 21:22:50,837 INFO [threadPoolTaskExecutor-4] c.s.a.d.v.s.VideoRecorderService [VideoRecorderService.java:191] 许久无人，停止录制
2024-08-29 21:23:41,315 INFO [threadPoolTaskExecutor-5] c.s.a.d.v.s.VideoRecorderService [VideoRecorderService.java:191] 许久无人，停止录制
2024-08-29 21:23:57,397 INFO [threadPoolTaskExecutor-6] c.s.a.d.v.s.VideoRecorderService [VideoRecorderService.java:191] 许久无人，停止录制
2024-08-29 21:25:20,193 INFO [threadPoolTaskExecutor-7] c.s.a.d.v.s.VideoRecorderService [VideoRecorderService.java:191] 许久无人，停止录制
2024-08-29 21:26:39,215 INFO [threadPoolTaskExecutor-8] c.s.a.d.v.s.VideoRecorderService [VideoRecorderService.java:191] 许久无人，停止录制
2024-08-29 21:27:29,989 INFO [threadPoolTaskExecutor-2] c.s.a.d.v.s.VideoRecorderService [VideoRecorderService.java:191] 许久无人，停止录制
2024-08-29 21:27:58,057 INFO [threadPoolTaskExecutor-3] c.s.a.d.v.s.VideoRecorderService [VideoRecorderService.java:191] 许久无人，停止录制
2024-08-29 21:28:44,982 INFO [threadPoolTaskExecutor-4] c.s.a.d.v.s.VideoRecorderService [VideoRecorderService.java:191] 许久无人，停止录制
2024-08-29 21:28:51,985 INFO [threadPoolTaskExecutor-5] c.s.a.d.v.s.VideoRecorderService [VideoRecorderService.java:191] 许久无人，停止录制
2024-08-29 21:29:01,991 INFO [threadPoolTaskExecutor-6] c.s.a.d.v.s.VideoRecorderService [VideoRecorderService.java:191] 许久无人，停止录制
2024-08-29 21:29:28,865 INFO [threadPoolTaskExecutor-7] c.s.a.d.v.s.VideoRecorderService [VideoRecorderService.java:191] 许久无人，停止录制
2024-08-29 21:30:19,380 INFO [threadPoolTaskExecutor-8] c.s.a.d.v.s.VideoRecorderService [VideoRecorderService.java:191] 许久无人，停止录制
2024-08-29 21:31:17,863 INFO [threadPoolTaskExecutor-2] c.s.a.d.v.s.VideoRecorderService [VideoRecorderService.java:191] 许久无人，停止录制
2024-08-29 21:32:32,374 INFO [threadPoolTaskExecutor-3] c.s.a.d.v.s.VideoRecorderService [VideoRecorderService.java:191] 许久无人，停止录制
2024-08-29 21:32:54,176 INFO [threadPoolTaskExecutor-4] c.s.a.d.v.s.VideoRecorderService [VideoRecorderService.java:191] 许久无人，停止录制
2024-08-29 21:33:47,288 INFO [threadPoolTaskExecutor-5] c.s.a.d.v.s.VideoRecorderService [VideoRecorderService.java:191] 许久无人，停止录制
2024-08-29 21:33:58,229 INFO [threadPoolTaskExecutor-6] c.s.a.d.v.s.VideoRecorderService [VideoRecorderService.java:191] 许久无人，停止录制
2024-08-29 21:35:23,642 INFO [threadPoolTaskExecutor-7] c.s.a.d.v.s.VideoRecorderService [VideoRecorderService.java:191] 许久无人，停止录制
2024-08-29 21:35:50,650 INFO [threadPoolTaskExecutor-8] c.s.a.d.v.s.VideoRecorderService [VideoRecorderService.java:191] 许久无人，停止录制
2024-08-29 21:37:40,583 INFO [threadPoolTaskExecutor-2] c.s.a.d.v.s.VideoRecorderService [VideoRecorderService.java:191] 许久无人，停止录制
2024-08-29 21:37:51,453 INFO [threadPoolTaskExecutor-3] c.s.a.d.v.s.VideoRecorderService [VideoRecorderService.java:191] 许久无人，停止录制
2024-08-29 21:38:46,415 INFO [threadPoolTaskExecutor-4] c.s.a.d.v.s.VideoRecorderService [VideoRecorderService.java:191] 许久无人，停止录制
2024-08-29 21:40:53,363 INFO [threadPoolTaskExecutor-5] c.s.a.d.v.s.VideoRecorderService [VideoRecorderService.java:191] 许久无人，停止录制
2024-08-29 21:42:30,832 INFO [threadPoolTaskExecutor-6] c.s.a.d.v.s.VideoRecorderService [VideoRecorderService.java:191] 许久无人，停止录制
2024-08-29 21:42:55,753 INFO [threadPoolTaskExecutor-7] c.s.a.d.v.s.VideoRecorderService [VideoRecorderService.java:191] 许久无人，停止录制
2024-08-29 21:44:01,997 INFO [threadPoolTaskExecutor-8] c.s.a.d.v.s.VideoRecorderService [VideoRecorderService.java:191] 许久无人，停止录制
2024-08-29 21:45:20,395 INFO [threadPoolTaskExecutor-2] c.s.a.d.v.s.VideoRecorderService [VideoRecorderService.java:191] 许久无人，停止录制
2024-08-29 21:46:38,958 INFO [threadPoolTaskExecutor-3] c.s.a.d.v.s.VideoRecorderService [VideoRecorderService.java:191] 许久无人，停止录制
2024-08-29 21:47:36,473 INFO [threadPoolTaskExecutor-4] c.s.a.d.v.s.VideoRecorderService [VideoRecorderService.java:191] 许久无人，停止录制
2024-08-29 21:47:54,354 INFO [threadPoolTaskExecutor-5] c.s.a.d.v.s.VideoRecorderService [VideoRecorderService.java:191] 许久无人，停止录制
2024-08-29 21:48:45,022 INFO [threadPoolTaskExecutor-6] c.s.a.d.v.s.VideoRecorderService [VideoRecorderService.java:191] 许久无人，停止录制
2024-08-29 21:49:03,148 INFO [threadPoolTaskExecutor-7] c.s.a.d.v.s.VideoRecorderService [VideoRecorderService.java:191] 许久无人，停止录制
2024-08-29 21:51:17,752 INFO [threadPoolTaskExecutor-8] c.s.a.d.v.s.VideoRecorderService [VideoRecorderService.java:191] 许久无人，停止录制
2024-08-29 21:52:40,560 INFO [threadPoolTaskExecutor-2] c.s.a.d.v.s.VideoRecorderService [VideoRecorderService.java:191] 许久无人，停止录制
2024-08-29 21:52:54,573 INFO [threadPoolTaskExecutor-3] c.s.a.d.v.s.VideoRecorderService [VideoRecorderService.java:191] 许久无人，停止录制
2024-08-29 21:54:33,138 INFO [threadPoolTaskExecutor-4] c.s.a.d.v.s.VideoRecorderService [VideoRecorderService.java:191] 许久无人，停止录制
2024-08-29 21:57:30,532 INFO [threadPoolTaskExecutor-5] c.s.a.d.v.s.VideoRecorderService [VideoRecorderService.java:191] 许久无人，停止录制
2024-08-29 21:57:37,456 INFO [threadPoolTaskExecutor-6] c.s.a.d.v.s.VideoRecorderService [VideoRecorderService.java:191] 许久无人，停止录制
2024-08-29 21:57:55,457 INFO [threadPoolTaskExecutor-7] c.s.a.d.v.s.VideoRecorderService [VideoRecorderService.java:191] 许久无人，停止录制
2024-08-29 21:58:49,413 INFO [threadPoolTaskExecutor-8] c.s.a.d.v.s.VideoRecorderService [VideoRecorderService.java:191] 许久无人，停止录制
2024-08-29 21:59:03,322 INFO [threadPoolTaskExecutor-2] c.s.a.d.v.s.VideoRecorderService [VideoRecorderService.java:191] 许久无人，停止录制
2024-08-29 22:00:21,769 INFO [threadPoolTaskExecutor-3] c.s.a.d.v.s.VideoRecorderService [VideoRecorderService.java:191] 许久无人，停止录制
2024-08-29 22:02:31,844 INFO [threadPoolTaskExecutor-4] c.s.a.d.v.s.VideoRecorderService [VideoRecorderService.java:191] 许久无人，停止录制
2024-08-29 22:02:56,962 INFO [threadPoolTaskExecutor-5] c.s.a.d.v.s.VideoRecorderService [VideoRecorderService.java:191] 许久无人，停止录制
2024-08-29 22:03:47,934 INFO [threadPoolTaskExecutor-6] c.s.a.d.v.s.VideoRecorderService [VideoRecorderService.java:191] 许久无人，停止录制
2024-08-29 22:04:02,921 INFO [threadPoolTaskExecutor-7] c.s.a.d.v.s.VideoRecorderService [VideoRecorderService.java:191] 许久无人，停止录制
2024-08-29 22:06:25,142 INFO [threadPoolTaskExecutor-8] c.s.a.d.v.s.VideoRecorderService [VideoRecorderService.java:191] 许久无人，停止录制
2024-08-29 22:06:40,432 INFO [threadPoolTaskExecutor-2] c.s.a.d.v.s.VideoRecorderService [VideoRecorderService.java:191] 许久无人，停止录制
2024-08-29 22:07:34,790 INFO [threadPoolTaskExecutor-3] c.s.a.d.v.s.VideoRecorderService [VideoRecorderService.java:191] 许久无人，停止录制
2024-08-29 22:07:56,220 INFO [threadPoolTaskExecutor-4] c.s.a.d.v.s.VideoRecorderService [VideoRecorderService.java:191] 许久无人，停止录制
2024-08-29 22:08:50,424 INFO [threadPoolTaskExecutor-5] c.s.a.d.v.s.VideoRecorderService [VideoRecorderService.java:191] 许久无人，停止录制
2024-08-29 22:09:01,739 INFO [threadPoolTaskExecutor-6] c.s.a.d.v.s.VideoRecorderService [VideoRecorderService.java:191] 许久无人，停止录制
2024-08-29 22:12:53,193 INFO [threadPoolTaskExecutor-7] c.s.a.d.v.s.VideoRecorderService [VideoRecorderService.java:191] 许久无人，停止录制
2024-08-29 22:13:50,806 INFO [threadPoolTaskExecutor-8] c.s.a.d.v.s.VideoRecorderService [VideoRecorderService.java:191] 许久无人，停止录制
2024-08-29 22:14:02,111 INFO [threadPoolTaskExecutor-2] c.s.a.d.v.s.VideoRecorderService [VideoRecorderService.java:191] 许久无人，停止录制
2024-08-29 22:14:49,427 INFO [threadPoolTaskExecutor-3] c.s.a.d.v.s.VideoRecorderService [VideoRecorderService.java:191] 许久无人，停止录制
2024-08-29 22:17:36,103 INFO [threadPoolTaskExecutor-4] c.s.a.d.v.s.VideoRecorderService [VideoRecorderService.java:191] 许久无人，停止录制
2024-08-29 22:18:51,365 INFO [threadPoolTaskExecutor-5] c.s.a.d.v.s.VideoRecorderService [VideoRecorderService.java:191] 许久无人，停止录制
2024-08-29 22:21:42,567 INFO [threadPoolTaskExecutor-6] c.s.a.d.v.s.VideoRecorderService [VideoRecorderService.java:191] 许久无人，停止录制
2024-08-29 22:22:36,763 INFO [threadPoolTaskExecutor-7] c.s.a.d.v.s.VideoRecorderService [VideoRecorderService.java:191] 许久无人，停止录制
2024-08-29 22:22:52,113 INFO [threadPoolTaskExecutor-8] c.s.a.d.v.s.VideoRecorderService [VideoRecorderService.java:191] 许久无人，停止录制
2024-08-29 22:23:50,359 INFO [threadPoolTaskExecutor-2] c.s.a.d.v.s.VideoRecorderService [VideoRecorderService.java:191] 许久无人，停止录制
2024-08-29 22:24:49,283 INFO [threadPoolTaskExecutor-3] c.s.a.d.v.s.VideoRecorderService [VideoRecorderService.java:191] 许久无人，停止录制
2024-08-29 22:27:56,984 INFO [threadPoolTaskExecutor-4] c.s.a.d.v.s.VideoRecorderService [VideoRecorderService.java:191] 许久无人，停止录制
2024-08-29 22:28:47,891 INFO [threadPoolTaskExecutor-5] c.s.a.d.v.s.VideoRecorderService [VideoRecorderService.java:191] 许久无人，停止录制
2024-08-29 22:30:23,267 INFO [threadPoolTaskExecutor-6] c.s.a.d.v.s.VideoRecorderService [VideoRecorderService.java:191] 许久无人，停止录制
2024-08-29 22:30:58,541 INFO [threadPoolTaskExecutor-7] c.s.a.d.v.s.VideoRecorderService [VideoRecorderService.java:191] 许久无人，停止录制
2024-08-29 22:31:08,989 INFO [threadPoolTaskExecutor-8] c.s.a.d.v.s.VideoRecorderService [VideoRecorderService.java:191] 许久无人，停止录制
2024-08-29 22:31:20,347 INFO [threadPoolTaskExecutor-2] c.s.a.d.v.s.VideoRecorderService [VideoRecorderService.java:191] 许久无人，停止录制
2024-08-29 22:31:42,534 INFO [threadPoolTaskExecutor-3] c.s.a.d.v.s.VideoRecorderService [VideoRecorderService.java:191] 许久无人，停止录制
2024-08-29 22:32:01,866 INFO [threadPoolTaskExecutor-4] c.s.a.d.v.s.VideoRecorderService [VideoRecorderService.java:191] 许久无人，停止录制
2024-08-29 22:32:17,148 INFO [threadPoolTaskExecutor-5] c.s.a.d.v.s.VideoRecorderService [VideoRecorderService.java:191] 许久无人，停止录制
2024-08-29 22:32:36,467 INFO [threadPoolTaskExecutor-6] c.s.a.d.v.s.VideoRecorderService [VideoRecorderService.java:191] 许久无人，停止录制
2024-08-29 22:33:00,180 INFO [threadPoolTaskExecutor-7] c.s.a.d.v.s.VideoRecorderService [VideoRecorderService.java:191] 许久无人，停止录制
2024-08-29 22:33:51,061 INFO [threadPoolTaskExecutor-8] c.s.a.d.v.s.VideoRecorderService [VideoRecorderService.java:191] 许久无人，停止录制
2024-08-29 22:34:09,345 INFO [threadPoolTaskExecutor-2] c.s.a.d.v.s.VideoRecorderService [VideoRecorderService.java:191] 许久无人，停止录制
2024-08-29 22:34:28,579 INFO [threadPoolTaskExecutor-3] c.s.a.d.v.s.VideoRecorderService [VideoRecorderService.java:191] 许久无人，停止录制
2024-08-29 22:34:51,701 INFO [threadPoolTaskExecutor-4] c.s.a.d.v.s.VideoRecorderService [VideoRecorderService.java:191] 许久无人，停止录制
2024-08-29 22:35:22,862 INFO [threadPoolTaskExecutor-5] c.s.a.d.v.s.VideoRecorderService [VideoRecorderService.java:191] 许久无人，停止录制
2024-08-29 22:35:56,889 INFO [threadPoolTaskExecutor-6] c.s.a.d.v.s.VideoRecorderService [VideoRecorderService.java:191] 许久无人，停止录制
2024-08-29 22:36:08,140 INFO [threadPoolTaskExecutor-7] c.s.a.d.v.s.VideoRecorderService [VideoRecorderService.java:191] 许久无人，停止录制
2024-08-29 22:36:22,454 INFO [threadPoolTaskExecutor-8] c.s.a.d.v.s.VideoRecorderService [VideoRecorderService.java:191] 许久无人，停止录制
2024-08-29 22:37:36,084 INFO [threadPoolTaskExecutor-2] c.s.a.d.v.s.VideoRecorderService [VideoRecorderService.java:191] 许久无人，停止录制
2024-08-29 22:38:00,448 INFO [threadPoolTaskExecutor-3] c.s.a.d.v.s.VideoRecorderService [VideoRecorderService.java:191] 许久无人，停止录制
2024-08-29 22:38:51,329 INFO [threadPoolTaskExecutor-4] c.s.a.d.v.s.VideoRecorderService [VideoRecorderService.java:191] 许久无人，停止录制
2024-08-29 22:39:09,721 INFO [threadPoolTaskExecutor-5] c.s.a.d.v.s.VideoRecorderService [VideoRecorderService.java:191] 许久无人，停止录制
2024-08-29 22:39:28,890 INFO [threadPoolTaskExecutor-6] c.s.a.d.v.s.VideoRecorderService [VideoRecorderService.java:191] 许久无人，停止录制
2024-08-29 22:39:52,051 INFO [threadPoolTaskExecutor-7] c.s.a.d.v.s.VideoRecorderService [VideoRecorderService.java:191] 许久无人，停止录制
2024-08-29 22:40:26,366 INFO [threadPoolTaskExecutor-8] c.s.a.d.v.s.VideoRecorderService [VideoRecorderService.java:191] 许久无人，停止录制
2024-08-29 22:41:04,641 INFO [threadPoolTaskExecutor-2] c.s.a.d.v.s.VideoRecorderService [VideoRecorderService.java:191] 许久无人，停止录制
2024-08-29 22:41:22,920 INFO [threadPoolTaskExecutor-3] c.s.a.d.v.s.VideoRecorderService [VideoRecorderService.java:191] 许久无人，停止录制
2024-08-29 22:41:45,242 INFO [threadPoolTaskExecutor-4] c.s.a.d.v.s.VideoRecorderService [VideoRecorderService.java:191] 许久无人，停止录制
2024-08-29 22:42:32,450 INFO [threadPoolTaskExecutor-5] c.s.a.d.v.s.VideoRecorderService [VideoRecorderService.java:191] 许久无人，停止录制
2024-08-29 22:42:54,890 INFO [threadPoolTaskExecutor-6] c.s.a.d.v.s.VideoRecorderService [VideoRecorderService.java:191] 许久无人，停止录制
2024-08-29 22:43:49,276 INFO [threadPoolTaskExecutor-7] c.s.a.d.v.s.VideoRecorderService [VideoRecorderService.java:191] 许久无人，停止录制
2024-08-29 22:44:28,472 INFO [threadPoolTaskExecutor-8] c.s.a.d.v.s.VideoRecorderService [VideoRecorderService.java:191] 许久无人，停止录制
2024-08-29 22:44:54,724 INFO [threadPoolTaskExecutor-2] c.s.a.d.v.s.VideoRecorderService [VideoRecorderService.java:191] 许久无人，停止录制
2024-08-29 22:45:54,070 INFO [threadPoolTaskExecutor-3] c.s.a.d.v.s.VideoRecorderService [VideoRecorderService.java:191] 许久无人，停止录制
2024-08-29 22:46:01,165 INFO [threadPoolTaskExecutor-4] c.s.a.d.v.s.VideoRecorderService [VideoRecorderService.java:191] 许久无人，停止录制
2024-08-29 22:46:23,438 INFO [threadPoolTaskExecutor-5] c.s.a.d.v.s.VideoRecorderService [VideoRecorderService.java:191] 许久无人，停止录制
2024-08-29 22:47:30,489 INFO [threadPoolTaskExecutor-6] c.s.a.d.v.s.VideoRecorderService [VideoRecorderService.java:191] 许久无人，停止录制
2024-08-29 22:47:52,715 INFO [threadPoolTaskExecutor-7] c.s.a.d.v.s.VideoRecorderService [VideoRecorderService.java:191] 许久无人，停止录制
2024-08-29 22:48:47,673 INFO [threadPoolTaskExecutor-8] c.s.a.d.v.s.VideoRecorderService [VideoRecorderService.java:191] 许久无人，停止录制
2024-08-29 22:48:55,149 INFO [threadPoolTaskExecutor-2] c.s.a.d.v.s.VideoRecorderService [VideoRecorderService.java:191] 许久无人，停止录制
2024-08-29 22:49:02,503 INFO [threadPoolTaskExecutor-3] c.s.a.d.v.s.VideoRecorderService [VideoRecorderService.java:191] 许久无人，停止录制
2024-08-29 22:49:28,706 INFO [threadPoolTaskExecutor-4] c.s.a.d.v.s.VideoRecorderService [VideoRecorderService.java:191] 许久无人，停止录制
2024-08-29 22:49:55,022 INFO [threadPoolTaskExecutor-5] c.s.a.d.v.s.VideoRecorderService [VideoRecorderService.java:191] 许久无人，停止录制
2024-08-29 22:50:58,345 INFO [threadPoolTaskExecutor-6] c.s.a.d.v.s.VideoRecorderService [VideoRecorderService.java:191] 许久无人，停止录制
2024-08-29 22:51:29,339 INFO [threadPoolTaskExecutor-7] c.s.a.d.v.s.VideoRecorderService [VideoRecorderService.java:191] 许久无人，停止录制
2024-08-29 22:51:44,707 INFO [threadPoolTaskExecutor-8] c.s.a.d.v.s.VideoRecorderService [VideoRecorderService.java:191] 许久无人，停止录制
2024-08-29 22:52:00,555 INFO [threadPoolTaskExecutor-2] c.s.a.d.v.s.VideoRecorderService [VideoRecorderService.java:191] 许久无人，停止录制
2024-08-29 22:52:38,624 INFO [threadPoolTaskExecutor-3] c.s.a.d.v.s.VideoRecorderService [VideoRecorderService.java:191] 许久无人，停止录制
2024-08-29 22:52:49,908 INFO [threadPoolTaskExecutor-4] c.s.a.d.v.s.VideoRecorderService [VideoRecorderService.java:191] 许久无人，停止录制
2024-08-29 22:53:45,300 INFO [threadPoolTaskExecutor-5] c.s.a.d.v.s.VideoRecorderService [VideoRecorderService.java:191] 许久无人，停止录制
2024-08-29 22:53:58,732 INFO [threadPoolTaskExecutor-6] c.s.a.d.v.s.VideoRecorderService [VideoRecorderService.java:191] 许久无人，停止录制
2024-08-29 22:54:05,991 INFO [threadPoolTaskExecutor-7] c.s.a.d.v.s.VideoRecorderService [VideoRecorderService.java:191] 许久无人，停止录制
2024-08-29 22:54:56,424 INFO [threadPoolTaskExecutor-8] c.s.a.d.v.s.VideoRecorderService [VideoRecorderService.java:191] 许久无人，停止录制
2024-08-29 22:56:19,254 INFO [threadPoolTaskExecutor-2] c.s.a.d.v.s.VideoRecorderService [VideoRecorderService.java:191] 许久无人，停止录制
2024-08-29 22:56:26,652 INFO [threadPoolTaskExecutor-3] c.s.a.d.v.s.VideoRecorderService [VideoRecorderService.java:191] 许久无人，停止录制
2024-08-29 22:56:34,020 INFO [threadPoolTaskExecutor-4] c.s.a.d.v.s.VideoRecorderService [VideoRecorderService.java:191] 许久无人，停止录制
2024-08-29 22:56:41,379 INFO [threadPoolTaskExecutor-5] c.s.a.d.v.s.VideoRecorderService [VideoRecorderService.java:191] 许久无人，停止录制
2024-08-29 22:57:40,338 INFO [threadPoolTaskExecutor-6] c.s.a.d.v.s.VideoRecorderService [VideoRecorderService.java:191] 许久无人，停止录制
2024-08-29 22:57:54,735 INFO [threadPoolTaskExecutor-7] c.s.a.d.v.s.VideoRecorderService [VideoRecorderService.java:191] 许久无人，停止录制
2024-08-29 22:58:52,619 INFO [threadPoolTaskExecutor-8] c.s.a.d.v.s.VideoRecorderService [VideoRecorderService.java:191] 许久无人，停止录制
2024-08-29 23:00:23,225 INFO [threadPoolTaskExecutor-2] c.s.a.d.v.s.VideoRecorderService [VideoRecorderService.java:191] 许久无人，停止录制
2024-08-29 23:01:02,421 INFO [threadPoolTaskExecutor-3] c.s.a.d.v.s.VideoRecorderService [VideoRecorderService.java:191] 许久无人，停止录制
2024-08-29 23:01:21,613 INFO [threadPoolTaskExecutor-4] c.s.a.d.v.s.VideoRecorderService [VideoRecorderService.java:191] 许久无人，停止录制
2024-08-29 23:01:40,852 INFO [threadPoolTaskExecutor-5] c.s.a.d.v.s.VideoRecorderService [VideoRecorderService.java:191] 许久无人，停止录制
2024-08-29 23:02:55,246 INFO [threadPoolTaskExecutor-6] c.s.a.d.v.s.VideoRecorderService [VideoRecorderService.java:191] 许久无人，停止录制
2024-08-29 23:03:45,923 INFO [threadPoolTaskExecutor-7] c.s.a.d.v.s.VideoRecorderService [VideoRecorderService.java:191] 许久无人，停止录制
2024-08-29 23:03:56,232 INFO [threadPoolTaskExecutor-8] c.s.a.d.v.s.VideoRecorderService [VideoRecorderService.java:191] 许久无人，停止录制
2024-08-29 23:04:14,695 INFO [threadPoolTaskExecutor-2] c.s.a.d.v.s.VideoRecorderService [VideoRecorderService.java:191] 许久无人，停止录制
2024-08-29 23:04:53,404 INFO [threadPoolTaskExecutor-3] c.s.a.d.v.s.VideoRecorderService [VideoRecorderService.java:191] 许久无人，停止录制
2024-08-29 23:05:24,606 INFO [threadPoolTaskExecutor-4] c.s.a.d.v.s.VideoRecorderService [VideoRecorderService.java:191] 许久无人，停止录制
2024-08-29 23:05:59,917 INFO [threadPoolTaskExecutor-5] c.s.a.d.v.s.VideoRecorderService [VideoRecorderService.java:191] 许久无人，停止录制
2024-08-29 23:06:22,326 INFO [threadPoolTaskExecutor-6] c.s.a.d.v.s.VideoRecorderService [VideoRecorderService.java:191] 许久无人，停止录制
2024-08-29 23:06:29,799 INFO [threadPoolTaskExecutor-7] c.s.a.d.v.s.VideoRecorderService [VideoRecorderService.java:191] 许久无人，停止录制
2024-08-29 23:06:48,112 INFO [threadPoolTaskExecutor-8] c.s.a.d.v.s.VideoRecorderService [VideoRecorderService.java:191] 许久无人，停止录制
2024-08-29 23:07:35,480 INFO [threadPoolTaskExecutor-2] c.s.a.d.v.s.VideoRecorderService [VideoRecorderService.java:191] 许久无人，停止录制
2024-08-29 23:07:57,874 INFO [threadPoolTaskExecutor-3] c.s.a.d.v.s.VideoRecorderService [VideoRecorderService.java:191] 许久无人，停止录制
2024-08-29 23:08:48,829 INFO [threadPoolTaskExecutor-4] c.s.a.d.v.s.VideoRecorderService [VideoRecorderService.java:191] 许久无人，停止录制
2024-08-29 23:08:56,247 INFO [threadPoolTaskExecutor-5] c.s.a.d.v.s.VideoRecorderService [VideoRecorderService.java:191] 许久无人，停止录制
2024-08-29 23:09:10,628 INFO [threadPoolTaskExecutor-6] c.s.a.d.v.s.VideoRecorderService [VideoRecorderService.java:191] 许久无人，停止录制
2024-08-29 23:09:56,674 INFO [threadPoolTaskExecutor-7] c.s.a.d.v.s.VideoRecorderService [VideoRecorderService.java:191] 许久无人，停止录制
2024-08-29 23:10:20,035 INFO [threadPoolTaskExecutor-8] c.s.a.d.v.s.VideoRecorderService [VideoRecorderService.java:191] 许久无人，停止录制
2024-08-29 23:10:59,260 INFO [threadPoolTaskExecutor-2] c.s.a.d.v.s.VideoRecorderService [VideoRecorderService.java:191] 许久无人，停止录制
2024-08-29 23:11:22,462 INFO [threadPoolTaskExecutor-3] c.s.a.d.v.s.VideoRecorderService [VideoRecorderService.java:191] 许久无人，停止录制
2024-08-29 23:11:45,983 INFO [threadPoolTaskExecutor-4] c.s.a.d.v.s.VideoRecorderService [VideoRecorderService.java:191] 许久无人，停止录制
2024-08-29 23:12:40,097 INFO [threadPoolTaskExecutor-5] c.s.a.d.v.s.VideoRecorderService [VideoRecorderService.java:191] 许久无人，停止录制
2024-08-29 23:12:51,437 INFO [threadPoolTaskExecutor-6] c.s.a.d.v.s.VideoRecorderService [VideoRecorderService.java:191] 许久无人，停止录制
2024-08-29 23:13:49,507 INFO [threadPoolTaskExecutor-7] c.s.a.d.v.s.VideoRecorderService [VideoRecorderService.java:191] 许久无人，停止录制
2024-08-29 23:13:59,500 INFO [threadPoolTaskExecutor-8] c.s.a.d.v.s.VideoRecorderService [VideoRecorderService.java:191] 许久无人，停止录制
2024-08-29 23:14:29,623 INFO [threadPoolTaskExecutor-2] c.s.a.d.v.s.VideoRecorderService [VideoRecorderService.java:191] 许久无人，停止录制
2024-08-29 23:14:55,812 INFO [threadPoolTaskExecutor-3] c.s.a.d.v.s.VideoRecorderService [VideoRecorderService.java:191] 许久无人，停止录制
2024-08-29 23:15:34,178 INFO [threadPoolTaskExecutor-4] c.s.a.d.v.s.VideoRecorderService [VideoRecorderService.java:191] 许久无人，停止录制
2024-08-29 23:16:00,789 INFO [threadPoolTaskExecutor-5] c.s.a.d.v.s.VideoRecorderService [VideoRecorderService.java:191] 许久无人，停止录制
2024-08-29 23:16:27,899 INFO [threadPoolTaskExecutor-6] c.s.a.d.v.s.VideoRecorderService [VideoRecorderService.java:191] 许久无人，停止录制
2024-08-29 23:17:38,578 INFO [threadPoolTaskExecutor-7] c.s.a.d.v.s.VideoRecorderService [VideoRecorderService.java:191] 许久无人，停止录制
2024-08-29 23:18:03,177 INFO [threadPoolTaskExecutor-8] c.s.a.d.v.s.VideoRecorderService [VideoRecorderService.java:191] 许久无人，停止录制
2024-08-29 23:18:46,376 INFO [threadPoolTaskExecutor-2] c.s.a.d.v.s.VideoRecorderService [VideoRecorderService.java:191] 许久无人，停止录制
2024-08-29 23:18:56,770 INFO [threadPoolTaskExecutor-3] c.s.a.d.v.s.VideoRecorderService [VideoRecorderService.java:191] 许久无人，停止录制
2024-08-29 23:19:08,116 INFO [threadPoolTaskExecutor-4] c.s.a.d.v.s.VideoRecorderService [VideoRecorderService.java:191] 许久无人，停止录制
2024-08-29 23:19:30,489 INFO [threadPoolTaskExecutor-5] c.s.a.d.v.s.VideoRecorderService [VideoRecorderService.java:191] 许久无人，停止录制
2024-08-29 23:19:53,845 INFO [threadPoolTaskExecutor-6] c.s.a.d.v.s.VideoRecorderService [VideoRecorderService.java:191] 许久无人，停止录制
2024-08-29 23:20:28,046 INFO [threadPoolTaskExecutor-7] c.s.a.d.v.s.VideoRecorderService [VideoRecorderService.java:191] 许久无人，停止录制
2024-08-29 23:21:02,483 INFO [threadPoolTaskExecutor-8] c.s.a.d.v.s.VideoRecorderService [VideoRecorderService.java:191] 许久无人，停止录制
2024-08-29 23:21:24,848 INFO [threadPoolTaskExecutor-2] c.s.a.d.v.s.VideoRecorderService [VideoRecorderService.java:191] 许久无人，停止录制
2024-08-29 23:21:40,178 INFO [threadPoolTaskExecutor-3] c.s.a.d.v.s.VideoRecorderService [VideoRecorderService.java:191] 许久无人，停止录制
2024-08-29 23:22:19,364 INFO [threadPoolTaskExecutor-4] c.s.a.d.v.s.VideoRecorderService [VideoRecorderService.java:191] 许久无人，停止录制
2024-08-29 23:22:38,646 INFO [threadPoolTaskExecutor-5] c.s.a.d.v.s.VideoRecorderService [VideoRecorderService.java:191] 许久无人，停止录制
2024-08-29 23:23:05,412 INFO [threadPoolTaskExecutor-6] c.s.a.d.v.s.VideoRecorderService [VideoRecorderService.java:191] 许久无人，停止录制
2024-08-29 23:23:51,679 INFO [threadPoolTaskExecutor-7] c.s.a.d.v.s.VideoRecorderService [VideoRecorderService.java:191] 许久无人，停止录制
2024-08-29 23:24:06,077 INFO [threadPoolTaskExecutor-8] c.s.a.d.v.s.VideoRecorderService [VideoRecorderService.java:191] 许久无人，停止录制
2024-08-29 23:24:38,284 INFO [threadPoolTaskExecutor-2] c.s.a.d.v.s.VideoRecorderService [VideoRecorderService.java:191] 许久无人，停止录制
2024-08-29 23:24:56,281 INFO [threadPoolTaskExecutor-3] c.s.a.d.v.s.VideoRecorderService [VideoRecorderService.java:191] 许久无人，停止录制
2024-08-29 23:25:58,684 INFO [threadPoolTaskExecutor-4] c.s.a.d.v.s.VideoRecorderService [VideoRecorderService.java:191] 许久无人，停止录制
2024-08-29 23:26:09,970 INFO [threadPoolTaskExecutor-5] c.s.a.d.v.s.VideoRecorderService [VideoRecorderService.java:191] 许久无人，停止录制
2024-08-29 23:26:27,274 INFO [threadPoolTaskExecutor-6] c.s.a.d.v.s.VideoRecorderService [VideoRecorderService.java:191] 许久无人，停止录制
2024-08-29 23:27:14,270 INFO [threadPoolTaskExecutor-7] c.s.a.d.v.s.VideoRecorderService [VideoRecorderService.java:191] 许久无人，停止录制
2024-08-29 23:27:56,436 INFO [threadPoolTaskExecutor-8] c.s.a.d.v.s.VideoRecorderService [VideoRecorderService.java:191] 许久无人，停止录制
2024-08-29 23:28:50,077 INFO [threadPoolTaskExecutor-2] c.s.a.d.v.s.VideoRecorderService [VideoRecorderService.java:191] 许久无人，停止录制
2024-08-29 23:29:29,068 INFO [threadPoolTaskExecutor-3] c.s.a.d.v.s.VideoRecorderService [VideoRecorderService.java:191] 许久无人，停止录制
2024-08-29 23:29:52,428 INFO [threadPoolTaskExecutor-4] c.s.a.d.v.s.VideoRecorderService [VideoRecorderService.java:191] 许久无人，停止录制
2024-08-29 23:31:03,626 INFO [threadPoolTaskExecutor-5] c.s.a.d.v.s.VideoRecorderService [VideoRecorderService.java:191] 许久无人，停止录制
2024-08-29 23:31:22,959 INFO [threadPoolTaskExecutor-6] c.s.a.d.v.s.VideoRecorderService [VideoRecorderService.java:191] 许久无人，停止录制
2024-08-29 23:31:30,341 INFO [threadPoolTaskExecutor-7] c.s.a.d.v.s.VideoRecorderService [VideoRecorderService.java:191] 许久无人，停止录制
2024-08-29 23:31:41,647 INFO [threadPoolTaskExecutor-8] c.s.a.d.v.s.VideoRecorderService [VideoRecorderService.java:191] 许久无人，停止录制
2024-08-29 23:32:04,956 INFO [threadPoolTaskExecutor-2] c.s.a.d.v.s.VideoRecorderService [VideoRecorderService.java:191] 许久无人，停止录制
2024-08-29 23:33:12,366 INFO [threadPoolTaskExecutor-3] c.s.a.d.v.s.VideoRecorderService [VideoRecorderService.java:191] 许久无人，停止录制
2024-08-29 23:33:51,592 INFO [threadPoolTaskExecutor-4] c.s.a.d.v.s.VideoRecorderService [VideoRecorderService.java:191] 许久无人，停止录制
2024-08-29 23:36:02,817 INFO [threadPoolTaskExecutor-5] c.s.a.d.v.s.VideoRecorderService [VideoRecorderService.java:191] 许久无人，停止录制
2024-08-29 23:36:25,215 INFO [threadPoolTaskExecutor-6] c.s.a.d.v.s.VideoRecorderService [VideoRecorderService.java:191] 许久无人，停止录制
2024-08-29 23:36:50,633 INFO [threadPoolTaskExecutor-7] c.s.a.d.v.s.VideoRecorderService [VideoRecorderService.java:191] 许久无人，停止录制
2024-08-29 23:37:37,259 INFO [threadPoolTaskExecutor-8] c.s.a.d.v.s.VideoRecorderService [VideoRecorderService.java:191] 许久无人，停止录制
2024-08-29 23:37:52,418 INFO [threadPoolTaskExecutor-2] c.s.a.d.v.s.VideoRecorderService [VideoRecorderService.java:191] 许久无人，停止录制
2024-08-29 23:38:50,423 INFO [threadPoolTaskExecutor-3] c.s.a.d.v.s.VideoRecorderService [VideoRecorderService.java:191] 许久无人，停止录制
2024-08-29 23:39:08,635 INFO [threadPoolTaskExecutor-4] c.s.a.d.v.s.VideoRecorderService [VideoRecorderService.java:191] 许久无人，停止录制
2024-08-29 23:39:51,935 INFO [threadPoolTaskExecutor-5] c.s.a.d.v.s.VideoRecorderService [VideoRecorderService.java:191] 许久无人，停止录制
2024-08-29 23:40:58,730 INFO [threadPoolTaskExecutor-6] c.s.a.d.v.s.VideoRecorderService [VideoRecorderService.java:191] 许久无人，停止录制
2024-08-29 23:41:13,129 INFO [threadPoolTaskExecutor-7] c.s.a.d.v.s.VideoRecorderService [VideoRecorderService.java:191] 许久无人，停止录制
2024-08-29 23:41:20,538 INFO [threadPoolTaskExecutor-8] c.s.a.d.v.s.VideoRecorderService [VideoRecorderService.java:191] 许久无人，停止录制
2024-08-29 23:41:43,850 INFO [threadPoolTaskExecutor-2] c.s.a.d.v.s.VideoRecorderService [VideoRecorderService.java:191] 许久无人，停止录制
2024-08-29 23:42:34,939 INFO [threadPoolTaskExecutor-3] c.s.a.d.v.s.VideoRecorderService [VideoRecorderService.java:191] 许久无人，停止录制
2024-08-29 23:42:42,333 INFO [threadPoolTaskExecutor-4] c.s.a.d.v.s.VideoRecorderService [VideoRecorderService.java:191] 许久无人，停止录制
2024-08-29 23:43:02,935 INFO [threadPoolTaskExecutor-5] c.s.a.d.v.s.VideoRecorderService [VideoRecorderService.java:191] 许久无人，停止录制
2024-08-29 23:43:52,933 INFO [threadPoolTaskExecutor-6] c.s.a.d.v.s.VideoRecorderService [VideoRecorderService.java:191] 许久无人，停止录制
2024-08-29 23:44:08,251 INFO [threadPoolTaskExecutor-7] c.s.a.d.v.s.VideoRecorderService [VideoRecorderService.java:191] 许久无人，停止录制
2024-08-29 23:44:42,020 INFO [threadPoolTaskExecutor-8] c.s.a.d.v.s.VideoRecorderService [VideoRecorderService.java:191] 许久无人，停止录制
2024-08-29 23:44:53,045 INFO [threadPoolTaskExecutor-2] c.s.a.d.v.s.VideoRecorderService [VideoRecorderService.java:191] 许久无人，停止录制
2024-08-29 23:46:07,634 INFO [threadPoolTaskExecutor-3] c.s.a.d.v.s.VideoRecorderService [VideoRecorderService.java:191] 许久无人，停止录制
2024-08-29 23:46:25,919 INFO [threadPoolTaskExecutor-4] c.s.a.d.v.s.VideoRecorderService [VideoRecorderService.java:191] 许久无人，停止录制
2024-08-29 23:46:41,178 INFO [threadPoolTaskExecutor-5] c.s.a.d.v.s.VideoRecorderService [VideoRecorderService.java:191] 许久无人，停止录制
2024-08-29 23:47:42,116 INFO [threadPoolTaskExecutor-6] c.s.a.d.v.s.VideoRecorderService [VideoRecorderService.java:191] 许久无人，停止录制
2024-08-29 23:47:53,325 INFO [threadPoolTaskExecutor-7] c.s.a.d.v.s.VideoRecorderService [VideoRecorderService.java:191] 许久无人，停止录制
2024-08-29 23:48:44,115 INFO [threadPoolTaskExecutor-8] c.s.a.d.v.s.VideoRecorderService [VideoRecorderService.java:191] 许久无人，停止录制
2024-08-29 23:48:51,525 INFO [threadPoolTaskExecutor-2] c.s.a.d.v.s.VideoRecorderService [VideoRecorderService.java:191] 许久无人，停止录制
2024-08-29 23:49:15,212 INFO [threadPoolTaskExecutor-3] c.s.a.d.v.s.VideoRecorderService [VideoRecorderService.java:191] 许久无人，停止录制
2024-08-29 23:49:30,040 INFO [threadPoolTaskExecutor-4] c.s.a.d.v.s.VideoRecorderService [VideoRecorderService.java:191] 许久无人，停止录制
2024-08-29 23:49:56,191 INFO [threadPoolTaskExecutor-5] c.s.a.d.v.s.VideoRecorderService [VideoRecorderService.java:191] 许久无人，停止录制
2024-08-29 23:50:27,317 INFO [threadPoolTaskExecutor-6] c.s.a.d.v.s.VideoRecorderService [VideoRecorderService.java:191] 许久无人，停止录制
2024-08-29 23:51:05,408 INFO [threadPoolTaskExecutor-7] c.s.a.d.v.s.VideoRecorderService [VideoRecorderService.java:191] 许久无人，停止录制
2024-08-29 23:51:44,186 INFO [threadPoolTaskExecutor-8] c.s.a.d.v.s.VideoRecorderService [VideoRecorderService.java:191] 许久无人，停止录制
2024-08-29 23:52:27,240 INFO [threadPoolTaskExecutor-2] c.s.a.d.v.s.VideoRecorderService [VideoRecorderService.java:191] 许久无人，停止录制
2024-08-29 23:52:38,598 INFO [threadPoolTaskExecutor-3] c.s.a.d.v.s.VideoRecorderService [VideoRecorderService.java:191] 许久无人，停止录制
2024-08-29 23:52:56,741 INFO [threadPoolTaskExecutor-4] c.s.a.d.v.s.VideoRecorderService [VideoRecorderService.java:191] 许久无人，停止录制
2024-08-29 23:53:47,511 INFO [threadPoolTaskExecutor-5] c.s.a.d.v.s.VideoRecorderService [VideoRecorderService.java:191] 许久无人，停止录制
2024-08-29 23:53:54,931 INFO [threadPoolTaskExecutor-6] c.s.a.d.v.s.VideoRecorderService [VideoRecorderService.java:191] 许久无人，停止录制
2024-08-29 23:54:06,225 INFO [threadPoolTaskExecutor-7] c.s.a.d.v.s.VideoRecorderService [VideoRecorderService.java:191] 许久无人，停止录制
2024-08-29 23:54:56,379 INFO [threadPoolTaskExecutor-8] c.s.a.d.v.s.VideoRecorderService [VideoRecorderService.java:191] 许久无人，停止录制
2024-08-29 23:55:27,537 INFO [threadPoolTaskExecutor-2] c.s.a.d.v.s.VideoRecorderService [VideoRecorderService.java:191] 许久无人，停止录制
2024-08-29 23:56:05,696 INFO [threadPoolTaskExecutor-3] c.s.a.d.v.s.VideoRecorderService [VideoRecorderService.java:191] 许久无人，停止录制
2024-08-29 23:56:21,060 INFO [threadPoolTaskExecutor-4] c.s.a.d.v.s.VideoRecorderService [VideoRecorderService.java:191] 许久无人，停止录制
2024-08-29 23:57:48,551 INFO [threadPoolTaskExecutor-5] c.s.a.d.v.s.VideoRecorderService [VideoRecorderService.java:191] 许久无人，停止录制
2024-08-29 23:58:04,584 INFO [threadPoolTaskExecutor-6] c.s.a.d.v.s.VideoRecorderService [VideoRecorderService.java:191] 许久无人，停止录制
2024-08-29 23:58:44,401 INFO [threadPoolTaskExecutor-7] c.s.a.d.v.s.VideoRecorderService [VideoRecorderService.java:191] 许久无人，停止录制
2024-08-29 23:58:57,375 INFO [threadPoolTaskExecutor-8] c.s.a.d.v.s.VideoRecorderService [VideoRecorderService.java:191] 许久无人，停止录制
2024-08-29 23:59:08,783 INFO [threadPoolTaskExecutor-2] c.s.a.d.v.s.VideoRecorderService [VideoRecorderService.java:191] 许久无人，停止录制
2024-08-29 23:59:56,031 INFO [threadPoolTaskExecutor-3] c.s.a.d.v.s.VideoRecorderService [VideoRecorderService.java:191] 许久无人，停止录制
