2024-08-26 15:19:14,579 INFO [main] c.s.a.b.c.InitFFmpeg [InitFFmpeg.java:59] 加载海康SDK...
2024-08-26 15:19:16,031 INFO [main] c.s.a.b.c.InitFFmpeg [InitFFmpeg.java:61] 加载完成
2024-08-26 15:19:50,360 INFO [http-nio-8089-exec-2] c.s.a.u.s.UserService [UserService.java:169] 使用用户名登录 : admin
2024-08-26 15:19:50,362 INFO [http-nio-8089-exec-2] c.s.a.u.s.UserService [UserService.java:180] 登录成功
2024-08-26 15:19:50,363 INFO [http-nio-8089-exec-2] c.s.a.u.c.UserController [UserController.java:151] 用户admin登录成功
2024-08-26 15:19:50,585 INFO [http-nio-8089-exec-2] c.s.a.b.i.InformationController [InformationController.java:48] 进入首页成功！
2024-08-26 15:42:38,878 INFO [main] c.s.a.b.c.InitFFmpeg [InitFFmpeg.java:59] 加载海康SDK...
2024-08-26 15:42:39,006 INFO [http-nio-8089-exec-1] c.s.a.b.c.BaseController [BaseController.java:82] 用户：admin登陆系统
2024-08-26 15:42:39,045 INFO [http-nio-8089-exec-1] c.s.a.b.i.InformationController [InformationController.java:48] 进入首页成功！
2024-08-26 15:42:39,227 INFO [main] c.s.a.b.c.InitFFmpeg [InitFFmpeg.java:61] 加载完成
2024-08-26 15:45:16,483 INFO [main] c.s.a.b.c.InitFFmpeg [InitFFmpeg.java:59] 加载海康SDK...
2024-08-26 15:45:16,655 INFO [main] c.s.a.b.c.InitFFmpeg [InitFFmpeg.java:61] 加载完成
2024-08-26 15:45:23,986 INFO [http-nio-8089-exec-1] c.s.a.b.c.BaseController [BaseController.java:82] 用户：admin登陆系统
2024-08-26 15:45:23,991 INFO [http-nio-8089-exec-1] c.s.a.b.i.InformationController [InformationController.java:48] 进入首页成功！
2024-08-26 15:46:47,275 INFO [main] c.s.a.b.c.InitFFmpeg [InitFFmpeg.java:59] 加载海康SDK...
2024-08-26 15:46:47,510 INFO [main] c.s.a.b.c.InitFFmpeg [InitFFmpeg.java:61] 加载完成
2024-08-26 15:47:01,001 INFO [http-nio-8089-exec-2] c.s.a.b.c.BaseController [BaseController.java:82] 用户：admin登陆系统
2024-08-26 15:47:01,008 INFO [http-nio-8089-exec-2] c.s.a.b.i.InformationController [InformationController.java:48] 进入首页成功！
2024-08-26 15:52:52,888 INFO [http-nio-8089-exec-1] c.s.a.b.c.BaseController [BaseController.java:82] 用户：admin登陆系统
2024-08-26 15:52:52,945 INFO [http-nio-8089-exec-1] c.s.a.b.i.InformationController [InformationController.java:48] 进入首页成功！
2024-08-26 16:06:18,920 INFO [http-nio-8089-exec-1] c.s.a.b.c.BaseController [BaseController.java:82] 用户：admin登陆系统
2024-08-26 16:06:18,969 INFO [http-nio-8089-exec-1] c.s.a.b.i.InformationController [InformationController.java:48] 进入首页成功！
2024-08-26 16:08:54,719 INFO [http-nio-8089-exec-1] c.s.a.b.c.BaseController [BaseController.java:82] 用户：admin登陆系统
2024-08-26 16:08:54,733 INFO [http-nio-8089-exec-1] c.s.a.b.i.InformationController [InformationController.java:48] 进入首页成功！
2024-08-26 16:34:12,366 INFO [http-nio-8089-exec-1] c.s.a.b.c.BaseController [BaseController.java:82] 用户：admin登陆系统
2024-08-26 16:34:12,405 INFO [http-nio-8089-exec-1] c.s.a.b.i.InformationController [InformationController.java:48] 进入首页成功！
2024-08-26 16:34:17,794 INFO [http-nio-8089-exec-2] c.s.a.b.c.BaseController [BaseController.java:82] 用户：admin登陆系统
2024-08-26 16:34:17,802 INFO [http-nio-8089-exec-2] c.s.a.b.i.InformationController [InformationController.java:48] 进入首页成功！
2024-08-26 16:34:39,876 INFO [http-nio-8089-exec-3] c.s.a.b.c.BaseController [BaseController.java:82] 用户：admin登陆系统
2024-08-26 16:34:39,884 INFO [http-nio-8089-exec-3] c.s.a.b.i.InformationController [InformationController.java:48] 进入首页成功！
2024-08-26 16:34:46,105 INFO [http-nio-8089-exec-6] c.s.a.o.c.FileController [FileController.java:189] 进入文件管理成功！
2024-08-26 16:35:07,045 INFO [http-nio-8089-exec-3] c.s.a.b.c.BaseController [BaseController.java:82] 用户：admin登陆系统
2024-08-26 16:35:07,049 INFO [http-nio-8089-exec-3] c.s.a.b.i.InformationController [InformationController.java:48] 进入首页成功！
2024-08-26 16:35:30,142 INFO [http-nio-8089-exec-4] c.s.a.b.c.BaseController [BaseController.java:82] 用户：admin登陆系统
2024-08-26 16:35:30,144 INFO [http-nio-8089-exec-4] c.s.a.b.i.InformationController [InformationController.java:48] 进入首页成功！
2024-08-26 16:35:37,708 INFO [http-nio-8089-exec-1] c.s.a.o.c.FileController [FileController.java:189] 进入文件管理成功！
2024-08-26 17:02:13,367 INFO [http-nio-8089-exec-1] c.s.a.b.c.BaseController [BaseController.java:82] 用户：admin登陆系统
2024-08-26 17:02:13,372 INFO [http-nio-8089-exec-1] c.s.a.b.i.InformationController [InformationController.java:48] 进入首页成功！
2024-08-26 17:03:20,776 INFO [http-nio-8089-exec-3] c.s.a.o.c.FileController [FileController.java:189] 进入文件管理成功！
2024-08-26 17:04:38,137 INFO [main] c.s.a.b.c.InitFFmpeg [InitFFmpeg.java:59] 加载海康SDK...
2024-08-26 17:04:38,476 INFO [main] c.s.a.b.c.InitFFmpeg [InitFFmpeg.java:61] 加载完成
2024-08-26 17:04:55,416 INFO [http-nio-8089-exec-2] c.s.a.b.c.BaseController [BaseController.java:82] 用户：admin登陆系统
2024-08-26 17:04:55,421 INFO [http-nio-8089-exec-2] c.s.a.b.i.InformationController [InformationController.java:48] 进入首页成功！
2024-08-26 17:05:48,162 INFO [http-nio-8089-exec-3] c.s.a.b.i.InformationController [InformationController.java:48] 进入首页成功！
2024-08-26 17:09:36,065 INFO [main] c.s.a.b.c.InitFFmpeg [InitFFmpeg.java:59] 加载海康SDK...
2024-08-26 17:09:36,346 INFO [main] c.s.a.b.c.InitFFmpeg [InitFFmpeg.java:61] 加载完成
2024-08-26 17:09:42,551 INFO [http-nio-8089-exec-1] c.s.a.b.c.BaseController [BaseController.java:82] 用户：admin登陆系统
2024-08-26 17:09:42,555 INFO [http-nio-8089-exec-1] c.s.a.b.i.InformationController [InformationController.java:48] 进入首页成功！
2024-08-26 17:26:52,244 INFO [main] c.s.a.b.c.InitFFmpeg [InitFFmpeg.java:59] 加载海康SDK...
2024-08-26 17:26:52,532 INFO [main] c.s.a.b.c.InitFFmpeg [InitFFmpeg.java:61] 加载完成
2024-08-26 17:27:57,370 INFO [http-nio-8089-exec-1] c.s.a.b.c.BaseController [BaseController.java:82] 用户：admin登陆系统
2024-08-26 17:27:57,381 INFO [http-nio-8089-exec-1] c.s.a.b.i.InformationController [InformationController.java:48] 进入首页成功！
2024-08-26 20:58:15,949 INFO [main] c.s.a.b.c.InitFFmpeg [InitFFmpeg.java:59] 加载海康SDK...
2024-08-26 20:58:16,275 INFO [main] c.s.a.b.c.InitFFmpeg [InitFFmpeg.java:61] 加载完成
2024-08-26 20:59:09,526 INFO [main] c.s.a.b.c.InitFFmpeg [InitFFmpeg.java:59] 加载海康SDK...
2024-08-26 20:59:09,594 INFO [main] c.s.a.b.c.InitFFmpeg [InitFFmpeg.java:61] 加载完成
2024-08-26 20:59:34,175 INFO [http-nio-8089-exec-1] c.s.a.b.c.BaseController [BaseController.java:82] 用户：admin登陆系统
2024-08-26 20:59:34,180 INFO [http-nio-8089-exec-1] c.s.a.b.i.InformationController [InformationController.java:48] 进入首页成功！
2024-08-26 21:03:02,508 INFO [main] c.s.a.b.c.InitFFmpeg [InitFFmpeg.java:59] 加载海康SDK...
2024-08-26 21:03:02,823 INFO [main] c.s.a.b.c.InitFFmpeg [InitFFmpeg.java:61] 加载完成
2024-08-26 21:03:16,273 INFO [http-nio-8089-exec-1] c.s.a.b.c.BaseController [BaseController.java:82] 用户：admin登陆系统
2024-08-26 21:03:16,277 INFO [http-nio-8089-exec-1] c.s.a.b.i.InformationController [InformationController.java:48] 进入首页成功！
2024-08-26 21:16:28,152 INFO [main] c.s.a.b.c.InitFFmpeg [InitFFmpeg.java:59] 加载海康SDK...
2024-08-26 21:16:28,370 INFO [main] c.s.a.b.c.InitFFmpeg [InitFFmpeg.java:61] 加载完成
2024-08-26 21:16:48,287 INFO [http-nio-8089-exec-1] c.s.a.b.c.BaseController [BaseController.java:82] 用户：admin登陆系统
2024-08-26 21:16:48,295 INFO [http-nio-8089-exec-1] c.s.a.b.i.InformationController [InformationController.java:48] 进入首页成功！
2024-08-26 21:19:30,554 INFO [main] c.s.a.b.c.InitFFmpeg [InitFFmpeg.java:59] 加载海康SDK...
2024-08-26 21:19:30,622 INFO [main] c.s.a.b.c.InitFFmpeg [InitFFmpeg.java:61] 加载完成
2024-08-26 21:20:16,911 INFO [http-nio-8089-exec-5] c.s.a.b.c.BaseController [BaseController.java:82] 用户：admin登陆系统
2024-08-26 21:20:16,926 INFO [http-nio-8089-exec-5] c.s.a.b.i.InformationController [InformationController.java:48] 进入首页成功！
2024-08-26 21:23:04,977 INFO [main] c.s.a.b.c.InitFFmpeg [InitFFmpeg.java:59] 加载海康SDK...
2024-08-26 21:23:05,125 INFO [main] c.s.a.b.c.InitFFmpeg [InitFFmpeg.java:61] 加载完成
2024-08-26 21:25:10,991 INFO [main] c.s.a.b.c.InitFFmpeg [InitFFmpeg.java:59] 加载海康SDK...
2024-08-26 21:25:11,133 INFO [main] c.s.a.b.c.InitFFmpeg [InitFFmpeg.java:61] 加载完成
2024-08-26 21:25:57,342 INFO [http-nio-8089-exec-5] c.s.a.b.c.BaseController [BaseController.java:82] 用户：admin登陆系统
2024-08-26 21:25:57,368 INFO [http-nio-8089-exec-5] c.s.a.b.i.InformationController [InformationController.java:48] 进入首页成功！
2024-08-26 21:27:03,668 INFO [http-nio-8089-exec-7] c.s.a.b.i.InformationController [InformationController.java:48] 进入首页成功！
2024-08-26 21:37:59,405 INFO [main] c.s.a.b.c.InitFFmpeg [InitFFmpeg.java:59] 加载海康SDK...
2024-08-26 21:37:59,466 INFO [main] c.s.a.b.c.InitFFmpeg [InitFFmpeg.java:61] 加载完成
2024-08-26 21:38:06,288 INFO [http-nio-8089-exec-1] c.s.a.b.i.InformationController [InformationController.java:48] 进入首页成功！
2024-08-26 21:38:09,905 INFO [http-nio-8089-exec-3] c.s.a.b.c.BaseController [BaseController.java:82] 用户：admin登陆系统
2024-08-26 21:38:09,907 INFO [http-nio-8089-exec-3] c.s.a.b.i.InformationController [InformationController.java:48] 进入首页成功！
2024-08-26 21:38:11,237 INFO [http-nio-8089-exec-8] c.s.a.b.i.InformationController [InformationController.java:48] 进入首页成功！
2024-08-26 21:39:42,796 INFO [main] c.s.a.b.c.InitFFmpeg [InitFFmpeg.java:59] 加载海康SDK...
2024-08-26 21:39:42,928 INFO [main] c.s.a.b.c.InitFFmpeg [InitFFmpeg.java:61] 加载完成
2024-08-26 21:40:05,526 INFO [http-nio-8089-exec-1] c.s.a.b.c.BaseController [BaseController.java:82] 用户：admin登陆系统
2024-08-26 21:40:05,545 INFO [http-nio-8089-exec-1] c.s.a.b.i.InformationController [InformationController.java:48] 进入首页成功！
2024-08-26 21:41:37,105 INFO [main] c.s.a.b.c.InitFFmpeg [InitFFmpeg.java:59] 加载海康SDK...
2024-08-26 21:41:37,199 INFO [main] c.s.a.b.c.InitFFmpeg [InitFFmpeg.java:61] 加载完成
2024-08-26 21:42:07,243 INFO [http-nio-8089-exec-1] c.s.a.b.c.BaseController [BaseController.java:82] 用户：admin登陆系统
2024-08-26 21:42:07,249 INFO [http-nio-8089-exec-1] c.s.a.b.i.InformationController [InformationController.java:48] 进入首页成功！
2024-08-26 21:43:34,908 INFO [main] c.s.a.b.c.InitFFmpeg [InitFFmpeg.java:59] 加载海康SDK...
2024-08-26 21:43:34,978 INFO [main] c.s.a.b.c.InitFFmpeg [InitFFmpeg.java:61] 加载完成
2024-08-26 21:43:45,264 INFO [http-nio-8089-exec-1] c.s.a.b.c.BaseController [BaseController.java:82] 用户：admin登陆系统
2024-08-26 21:43:45,270 INFO [http-nio-8089-exec-1] c.s.a.b.i.InformationController [InformationController.java:48] 进入首页成功！
2024-08-26 21:43:47,202 INFO [http-nio-8089-exec-3] c.s.a.b.c.BaseController [BaseController.java:82] 用户：admin登陆系统
2024-08-26 21:43:47,204 INFO [http-nio-8089-exec-3] c.s.a.b.i.InformationController [InformationController.java:48] 进入首页成功！
2024-08-26 21:51:23,505 INFO [main] c.s.a.b.c.InitFFmpeg [InitFFmpeg.java:59] 加载海康SDK...
2024-08-26 21:51:23,612 INFO [main] c.s.a.b.c.InitFFmpeg [InitFFmpeg.java:61] 加载完成
2024-08-26 21:52:03,276 INFO [http-nio-8089-exec-8] c.s.a.b.c.BaseController [BaseController.java:82] 用户：admin登陆系统
2024-08-26 21:52:03,297 INFO [http-nio-8089-exec-8] c.s.a.b.i.InformationController [InformationController.java:48] 进入首页成功！
2024-08-26 21:52:54,592 ERROR [scheduling-1] c.s.a.b.c.InitFFmpeg [InitFFmpeg.java:111] 快照进程开启成功！
2024-08-26 21:52:54,598 ERROR [scheduling-1] c.s.a.b.c.InitFFmpeg [InitFFmpeg.java:140] 进程22288异常结束，准备重新开启推流进程。
2024-08-26 21:52:54,615 ERROR [scheduling-1] c.s.a.b.c.InitFFmpeg [InitFFmpeg.java:144] 推流进程开启成功！
2024-08-26 21:54:06,171 INFO [main] c.s.a.b.c.InitFFmpeg [InitFFmpeg.java:59] 加载海康SDK...
2024-08-26 21:54:06,243 INFO [main] c.s.a.b.c.InitFFmpeg [InitFFmpeg.java:61] 加载完成
2024-08-26 21:54:59,847 INFO [http-nio-8089-exec-5] c.s.a.b.c.BaseController [BaseController.java:82] 用户：admin登陆系统
2024-08-26 21:54:59,880 INFO [http-nio-8089-exec-5] c.s.a.b.i.InformationController [InformationController.java:48] 进入首页成功！
2024-08-26 21:56:05,600 INFO [main] c.s.a.b.c.InitFFmpeg [InitFFmpeg.java:59] 加载海康SDK...
2024-08-26 21:56:05,669 INFO [main] c.s.a.b.c.InitFFmpeg [InitFFmpeg.java:61] 加载完成
2024-08-26 21:56:09,852 INFO [http-nio-8089-exec-1] c.s.a.b.c.BaseController [BaseController.java:82] 用户：admin登陆系统
2024-08-26 21:56:09,857 INFO [http-nio-8089-exec-1] c.s.a.b.i.InformationController [InformationController.java:48] 进入首页成功！
2024-08-26 22:04:08,209 INFO [main] c.s.a.b.c.InitFFmpeg [InitFFmpeg.java:59] 加载海康SDK...
2024-08-26 22:04:08,273 INFO [main] c.s.a.b.c.InitFFmpeg [InitFFmpeg.java:61] 加载完成
2024-08-26 22:04:17,867 INFO [http-nio-8089-exec-1] c.s.a.b.c.BaseController [BaseController.java:82] 用户：admin登陆系统
2024-08-26 22:04:17,875 INFO [http-nio-8089-exec-1] c.s.a.b.i.InformationController [InformationController.java:48] 进入首页成功！
2024-08-26 22:06:37,461 INFO [main] c.s.a.b.c.InitFFmpeg [InitFFmpeg.java:59] 加载海康SDK...
2024-08-26 22:06:37,551 INFO [main] c.s.a.b.c.InitFFmpeg [InitFFmpeg.java:61] 加载完成
2024-08-26 22:06:46,566 INFO [http-nio-8089-exec-1] c.s.a.b.c.BaseController [BaseController.java:82] 用户：admin登陆系统
2024-08-26 22:06:46,570 INFO [http-nio-8089-exec-1] c.s.a.b.i.InformationController [InformationController.java:48] 进入首页成功！
2024-08-26 22:10:41,366 INFO [main] c.s.a.b.c.InitFFmpeg [InitFFmpeg.java:59] 加载海康SDK...
2024-08-26 22:10:41,439 INFO [main] c.s.a.b.c.InitFFmpeg [InitFFmpeg.java:61] 加载完成
2024-08-26 22:11:52,468 INFO [main] c.s.a.b.c.InitFFmpeg [InitFFmpeg.java:59] 加载海康SDK...
2024-08-26 22:11:52,576 INFO [main] c.s.a.b.c.InitFFmpeg [InitFFmpeg.java:61] 加载完成
2024-08-26 22:15:44,034 INFO [main] c.s.a.b.c.InitFFmpeg [InitFFmpeg.java:59] 加载海康SDK...
2024-08-26 22:15:44,102 INFO [main] c.s.a.b.c.InitFFmpeg [InitFFmpeg.java:61] 加载完成
2024-08-26 22:16:57,450 INFO [main] c.s.a.b.c.InitFFmpeg [InitFFmpeg.java:59] 加载海康SDK...
2024-08-26 22:16:57,535 INFO [main] c.s.a.b.c.InitFFmpeg [InitFFmpeg.java:61] 加载完成
2024-08-26 22:21:04,205 INFO [main] c.s.a.b.c.InitFFmpeg [InitFFmpeg.java:59] 加载海康SDK...
2024-08-26 22:21:04,276 INFO [main] c.s.a.b.c.InitFFmpeg [InitFFmpeg.java:61] 加载完成
2024-08-26 23:00:01,200 INFO [main] c.s.a.b.c.InitFFmpeg [InitFFmpeg.java:59] 加载海康SDK...
2024-08-26 23:00:01,504 INFO [main] c.s.a.b.c.InitFFmpeg [InitFFmpeg.java:61] 加载完成
2024-08-26 23:00:31,946 INFO [http-nio-8089-exec-1] c.s.a.b.c.BaseController [BaseController.java:82] 用户：admin登陆系统
2024-08-26 23:00:31,971 INFO [http-nio-8089-exec-1] c.s.a.b.i.InformationController [InformationController.java:48] 进入首页成功！
2024-08-26 23:05:04,675 ERROR [scheduling-1] c.s.a.b.c.InitFFmpeg [InitFFmpeg.java:111] 快照进程开启成功！
2024-08-26 23:05:04,679 ERROR [scheduling-1] c.s.a.b.c.InitFFmpeg [InitFFmpeg.java:140] 进程8568异常结束，准备重新开启推流进程。
2024-08-26 23:05:04,688 ERROR [scheduling-1] c.s.a.b.c.InitFFmpeg [InitFFmpeg.java:144] 推流进程开启成功！
2024-08-26 23:06:11,007 ERROR [scheduling-1] c.s.a.b.c.InitFFmpeg [InitFFmpeg.java:111] 快照进程开启成功！
2024-08-26 23:06:11,007 ERROR [scheduling-1] c.s.a.b.c.InitFFmpeg [InitFFmpeg.java:140] 进程11896异常结束，准备重新开启推流进程。
2024-08-26 23:06:11,021 ERROR [scheduling-1] c.s.a.b.c.InitFFmpeg [InitFFmpeg.java:144] 推流进程开启成功！
2024-08-26 23:07:40,208 INFO [main] c.s.a.b.c.InitFFmpeg [InitFFmpeg.java:59] 加载海康SDK...
2024-08-26 23:07:40,521 INFO [main] c.s.a.b.c.InitFFmpeg [InitFFmpeg.java:61] 加载完成
2024-08-26 23:08:34,917 INFO [http-nio-8089-exec-8] c.s.a.b.c.BaseController [BaseController.java:82] 用户：admin登陆系统
2024-08-26 23:08:34,931 INFO [http-nio-8089-exec-8] c.s.a.b.i.InformationController [InformationController.java:48] 进入首页成功！
2024-08-26 23:09:07,255 ERROR [scheduling-1] c.s.a.b.c.InitFFmpeg [InitFFmpeg.java:111] 快照进程开启成功！
2024-08-26 23:09:07,276 ERROR [scheduling-1] c.s.a.b.c.InitFFmpeg [InitFFmpeg.java:140] 进程26164异常结束，准备重新开启推流进程。
2024-08-26 23:09:07,298 ERROR [scheduling-1] c.s.a.b.c.InitFFmpeg [InitFFmpeg.java:144] 推流进程开启成功！
2024-08-26 23:10:24,384 INFO [main] c.s.a.b.c.InitFFmpeg [InitFFmpeg.java:59] 加载海康SDK...
2024-08-26 23:10:24,658 INFO [main] c.s.a.b.c.InitFFmpeg [InitFFmpeg.java:61] 加载完成
2024-08-26 23:11:14,367 INFO [http-nio-8089-exec-2] c.s.a.b.c.BaseController [BaseController.java:82] 用户：admin登陆系统
2024-08-26 23:11:14,395 INFO [http-nio-8089-exec-2] c.s.a.b.i.InformationController [InformationController.java:48] 进入首页成功！
2024-08-26 23:12:15,438 INFO [main] c.s.a.b.c.InitFFmpeg [InitFFmpeg.java:59] 加载海康SDK...
2024-08-26 23:12:15,527 INFO [main] c.s.a.b.c.InitFFmpeg [InitFFmpeg.java:61] 加载完成
2024-08-26 23:12:21,830 INFO [http-nio-8089-exec-1] c.s.a.b.c.BaseController [BaseController.java:82] 用户：admin登陆系统
2024-08-26 23:12:21,836 INFO [http-nio-8089-exec-1] c.s.a.b.i.InformationController [InformationController.java:48] 进入首页成功！
2024-08-26 23:12:27,897 INFO [http-nio-8089-exec-3] c.s.a.b.c.BaseController [BaseController.java:82] 用户：admin登陆系统
2024-08-26 23:12:27,901 INFO [http-nio-8089-exec-3] c.s.a.b.i.InformationController [InformationController.java:48] 进入首页成功！
2024-08-26 23:12:32,919 INFO [http-nio-8089-exec-5] c.s.a.b.c.BaseController [BaseController.java:82] 用户：admin登陆系统
2024-08-26 23:12:32,925 INFO [http-nio-8089-exec-5] c.s.a.b.i.InformationController [InformationController.java:48] 进入首页成功！
2024-08-26 23:13:49,988 ERROR [scheduling-1] c.s.a.b.c.InitFFmpeg [InitFFmpeg.java:111] 快照进程开启成功！
2024-08-26 23:13:49,989 ERROR [scheduling-1] c.s.a.b.c.InitFFmpeg [InitFFmpeg.java:140] 进程5344异常结束，准备重新开启推流进程。
2024-08-26 23:13:50,016 ERROR [scheduling-1] c.s.a.b.c.InitFFmpeg [InitFFmpeg.java:144] 推流进程开启成功！
2024-08-26 23:15:40,162 ERROR [scheduling-1] c.s.a.b.c.InitFFmpeg [InitFFmpeg.java:111] 快照进程开启成功！
2024-08-26 23:15:40,163 ERROR [scheduling-1] c.s.a.b.c.InitFFmpeg [InitFFmpeg.java:140] 进程10380异常结束，准备重新开启推流进程。
2024-08-26 23:15:40,170 ERROR [scheduling-1] c.s.a.b.c.InitFFmpeg [InitFFmpeg.java:144] 推流进程开启成功！
2024-08-26 23:16:40,892 ERROR [scheduling-1] c.s.a.b.c.InitFFmpeg [InitFFmpeg.java:111] 快照进程开启成功！
2024-08-26 23:16:40,892 ERROR [scheduling-1] c.s.a.b.c.InitFFmpeg [InitFFmpeg.java:140] 进程17312异常结束，准备重新开启推流进程。
2024-08-26 23:16:40,909 ERROR [scheduling-1] c.s.a.b.c.InitFFmpeg [InitFFmpeg.java:144] 推流进程开启成功！
2024-08-26 23:22:54,453 INFO [main] c.s.a.b.c.InitFFmpeg [InitFFmpeg.java:59] 加载海康SDK...
2024-08-26 23:22:54,722 INFO [main] c.s.a.b.c.InitFFmpeg [InitFFmpeg.java:61] 加载完成
2024-08-26 23:23:05,485 INFO [http-nio-8089-exec-1] c.s.a.b.c.BaseController [BaseController.java:82] 用户：admin登陆系统
2024-08-26 23:23:05,490 INFO [http-nio-8089-exec-1] c.s.a.b.i.InformationController [InformationController.java:48] 进入首页成功！
2024-08-26 23:24:50,842 INFO [main] c.s.a.b.c.InitFFmpeg [InitFFmpeg.java:59] 加载海康SDK...
2024-08-26 23:24:51,080 INFO [http-nio-8089-exec-1] c.s.a.b.c.BaseController [BaseController.java:82] 用户：admin登陆系统
2024-08-26 23:24:51,107 INFO [http-nio-8089-exec-1] c.s.a.b.i.InformationController [InformationController.java:48] 进入首页成功！
2024-08-26 23:24:51,223 INFO [main] c.s.a.b.c.InitFFmpeg [InitFFmpeg.java:61] 加载完成
2024-08-26 23:25:53,127 ERROR [scheduling-1] c.s.a.b.c.InitFFmpeg [InitFFmpeg.java:111] 快照进程开启成功！
2024-08-26 23:25:53,127 ERROR [scheduling-1] c.s.a.b.c.InitFFmpeg [InitFFmpeg.java:140] 进程8172异常结束，准备重新开启推流进程。
2024-08-26 23:25:53,134 ERROR [scheduling-1] c.s.a.b.c.InitFFmpeg [InitFFmpeg.java:144] 推流进程开启成功！
2024-08-26 23:26:49,485 INFO [main] c.s.a.b.c.InitFFmpeg [InitFFmpeg.java:59] 加载海康SDK...
2024-08-26 23:26:49,561 INFO [main] c.s.a.b.c.InitFFmpeg [InitFFmpeg.java:61] 加载完成
2024-08-26 23:28:16,414 ERROR [scheduling-1] c.s.a.b.c.InitFFmpeg [InitFFmpeg.java:111] 快照进程开启成功！
2024-08-26 23:28:16,446 ERROR [scheduling-1] c.s.a.b.c.InitFFmpeg [InitFFmpeg.java:140] 进程19496异常结束，准备重新开启推流进程。
2024-08-26 23:28:16,453 ERROR [scheduling-1] c.s.a.b.c.InitFFmpeg [InitFFmpeg.java:144] 推流进程开启成功！
2024-08-26 23:29:23,557 INFO [main] c.s.a.b.c.InitFFmpeg [InitFFmpeg.java:59] 加载海康SDK...
2024-08-26 23:29:23,815 INFO [main] c.s.a.b.c.InitFFmpeg [InitFFmpeg.java:61] 加载完成
2024-08-26 23:30:34,730 ERROR [scheduling-1] c.s.a.b.c.InitFFmpeg [InitFFmpeg.java:111] 快照进程开启成功！
2024-08-26 23:30:34,731 ERROR [scheduling-1] c.s.a.b.c.InitFFmpeg [InitFFmpeg.java:140] 进程11992异常结束，准备重新开启推流进程。
2024-08-26 23:30:34,737 ERROR [scheduling-1] c.s.a.b.c.InitFFmpeg [InitFFmpeg.java:144] 推流进程开启成功！
2024-08-26 23:32:09,432 ERROR [scheduling-1] c.s.a.b.c.InitFFmpeg [InitFFmpeg.java:111] 快照进程开启成功！
2024-08-26 23:32:09,432 ERROR [scheduling-1] c.s.a.b.c.InitFFmpeg [InitFFmpeg.java:140] 进程26192异常结束，准备重新开启推流进程。
2024-08-26 23:32:09,440 ERROR [scheduling-1] c.s.a.b.c.InitFFmpeg [InitFFmpeg.java:144] 推流进程开启成功！
2024-08-26 23:33:03,116 ERROR [scheduling-1] c.s.a.b.c.InitFFmpeg [InitFFmpeg.java:111] 快照进程开启成功！
2024-08-26 23:33:03,117 ERROR [scheduling-1] c.s.a.b.c.InitFFmpeg [InitFFmpeg.java:140] 进程23908异常结束，准备重新开启推流进程。
2024-08-26 23:33:03,124 ERROR [scheduling-1] c.s.a.b.c.InitFFmpeg [InitFFmpeg.java:144] 推流进程开启成功！
2024-08-26 23:34:01,108 ERROR [scheduling-1] c.s.a.b.c.InitFFmpeg [InitFFmpeg.java:111] 快照进程开启成功！
2024-08-26 23:34:01,109 ERROR [scheduling-1] c.s.a.b.c.InitFFmpeg [InitFFmpeg.java:140] 进程21724异常结束，准备重新开启推流进程。
2024-08-26 23:34:01,128 ERROR [scheduling-1] c.s.a.b.c.InitFFmpeg [InitFFmpeg.java:144] 推流进程开启成功！
2024-08-26 23:35:12,810 ERROR [scheduling-1] c.s.a.b.c.InitFFmpeg [InitFFmpeg.java:111] 快照进程开启成功！
2024-08-26 23:35:12,811 ERROR [scheduling-1] c.s.a.b.c.InitFFmpeg [InitFFmpeg.java:140] 进程21340异常结束，准备重新开启推流进程。
2024-08-26 23:35:12,859 ERROR [scheduling-1] c.s.a.b.c.InitFFmpeg [InitFFmpeg.java:144] 推流进程开启成功！
2024-08-26 23:36:05,414 ERROR [scheduling-1] c.s.a.b.c.InitFFmpeg [InitFFmpeg.java:111] 快照进程开启成功！
2024-08-26 23:36:05,415 ERROR [scheduling-1] c.s.a.b.c.InitFFmpeg [InitFFmpeg.java:140] 进程3696异常结束，准备重新开启推流进程。
2024-08-26 23:36:05,461 ERROR [scheduling-1] c.s.a.b.c.InitFFmpeg [InitFFmpeg.java:144] 推流进程开启成功！
2024-08-26 23:37:38,167 ERROR [scheduling-1] c.s.a.b.c.InitFFmpeg [InitFFmpeg.java:111] 快照进程开启成功！
2024-08-26 23:37:38,168 ERROR [scheduling-1] c.s.a.b.c.InitFFmpeg [InitFFmpeg.java:140] 进程24492异常结束，准备重新开启推流进程。
2024-08-26 23:37:38,292 ERROR [scheduling-1] c.s.a.b.c.InitFFmpeg [InitFFmpeg.java:144] 推流进程开启成功！
2024-08-26 23:39:02,229 ERROR [scheduling-1] c.s.a.b.c.InitFFmpeg [InitFFmpeg.java:111] 快照进程开启成功！
2024-08-26 23:39:02,230 ERROR [scheduling-1] c.s.a.b.c.InitFFmpeg [InitFFmpeg.java:140] 进程10740异常结束，准备重新开启推流进程。
2024-08-26 23:39:02,350 ERROR [scheduling-1] c.s.a.b.c.InitFFmpeg [InitFFmpeg.java:144] 推流进程开启成功！
2024-08-26 23:41:01,845 ERROR [scheduling-1] c.s.a.b.c.InitFFmpeg [InitFFmpeg.java:111] 快照进程开启成功！
2024-08-26 23:41:01,845 ERROR [scheduling-1] c.s.a.b.c.InitFFmpeg [InitFFmpeg.java:140] 进程4736异常结束，准备重新开启推流进程。
2024-08-26 23:41:01,894 ERROR [scheduling-1] c.s.a.b.c.InitFFmpeg [InitFFmpeg.java:144] 推流进程开启成功！
2024-08-26 23:42:38,612 ERROR [scheduling-1] c.s.a.b.c.InitFFmpeg [InitFFmpeg.java:111] 快照进程开启成功！
2024-08-26 23:42:38,613 ERROR [scheduling-1] c.s.a.b.c.InitFFmpeg [InitFFmpeg.java:140] 进程16756异常结束，准备重新开启推流进程。
2024-08-26 23:42:38,619 ERROR [scheduling-1] c.s.a.b.c.InitFFmpeg [InitFFmpeg.java:144] 推流进程开启成功！
2024-08-26 23:46:52,035 ERROR [scheduling-1] c.s.a.b.c.InitFFmpeg [InitFFmpeg.java:111] 快照进程开启成功！
2024-08-26 23:46:52,036 ERROR [scheduling-1] c.s.a.b.c.InitFFmpeg [InitFFmpeg.java:140] 进程22440异常结束，准备重新开启推流进程。
2024-08-26 23:46:52,258 ERROR [scheduling-1] c.s.a.b.c.InitFFmpeg [InitFFmpeg.java:144] 推流进程开启成功！
2024-08-26 23:48:14,139 ERROR [scheduling-1] c.s.a.b.c.InitFFmpeg [InitFFmpeg.java:111] 快照进程开启成功！
2024-08-26 23:48:14,139 ERROR [scheduling-1] c.s.a.b.c.InitFFmpeg [InitFFmpeg.java:140] 进程25936异常结束，准备重新开启推流进程。
2024-08-26 23:48:14,360 ERROR [scheduling-1] c.s.a.b.c.InitFFmpeg [InitFFmpeg.java:144] 推流进程开启成功！
2024-08-26 23:48:48,804 ERROR [scheduling-1] c.s.a.b.c.InitFFmpeg [InitFFmpeg.java:111] 快照进程开启成功！
2024-08-26 23:48:48,804 ERROR [scheduling-1] c.s.a.b.c.InitFFmpeg [InitFFmpeg.java:140] 进程4456异常结束，准备重新开启推流进程。
2024-08-26 23:48:48,810 ERROR [scheduling-1] c.s.a.b.c.InitFFmpeg [InitFFmpeg.java:144] 推流进程开启成功！
2024-08-26 23:52:45,430 INFO [main] c.s.a.b.c.InitFFmpeg [InitFFmpeg.java:59] 加载海康SDK...
2024-08-26 23:52:45,614 INFO [main] c.s.a.b.c.InitFFmpeg [InitFFmpeg.java:61] 加载完成
2024-08-26 23:53:36,854 ERROR [scheduling-1] c.s.a.b.c.InitFFmpeg [InitFFmpeg.java:111] 快照进程开启成功！
2024-08-26 23:53:36,855 ERROR [scheduling-1] c.s.a.b.c.InitFFmpeg [InitFFmpeg.java:140] 进程12024异常结束，准备重新开启推流进程。
2024-08-26 23:53:36,862 ERROR [scheduling-1] c.s.a.b.c.InitFFmpeg [InitFFmpeg.java:144] 推流进程开启成功！
2024-08-26 23:54:21,289 ERROR [scheduling-1] c.s.a.b.c.InitFFmpeg [InitFFmpeg.java:111] 快照进程开启成功！
2024-08-26 23:54:21,290 ERROR [scheduling-1] c.s.a.b.c.InitFFmpeg [InitFFmpeg.java:140] 进程5256异常结束，准备重新开启推流进程。
2024-08-26 23:54:21,296 ERROR [scheduling-1] c.s.a.b.c.InitFFmpeg [InitFFmpeg.java:144] 推流进程开启成功！
2024-08-26 23:55:14,047 INFO [main] c.s.a.b.c.InitFFmpeg [InitFFmpeg.java:59] 加载海康SDK...
2024-08-26 23:55:14,274 INFO [main] c.s.a.b.c.InitFFmpeg [InitFFmpeg.java:61] 加载完成
2024-08-26 23:57:21,126 ERROR [scheduling-1] c.s.a.b.c.InitFFmpeg [InitFFmpeg.java:111] 快照进程开启成功！
2024-08-26 23:57:21,127 ERROR [scheduling-1] c.s.a.b.c.InitFFmpeg [InitFFmpeg.java:140] 进程20936异常结束，准备重新开启推流进程。
2024-08-26 23:57:21,133 ERROR [scheduling-1] c.s.a.b.c.InitFFmpeg [InitFFmpeg.java:144] 推流进程开启成功！
2024-08-26 23:59:34,244 ERROR [scheduling-1] c.s.a.b.c.InitFFmpeg [InitFFmpeg.java:111] 快照进程开启成功！
2024-08-26 23:59:34,244 ERROR [scheduling-1] c.s.a.b.c.InitFFmpeg [InitFFmpeg.java:140] 进程19828异常结束，准备重新开启推流进程。
2024-08-26 23:59:34,252 ERROR [scheduling-1] c.s.a.b.c.InitFFmpeg [InitFFmpeg.java:144] 推流进程开启成功！
