2024-08-28 08:49:13,548 INFO [main] c.s.a.b.c.InitFFmpeg [InitFFmpeg.java:59] 加载海康SDK...
2024-08-28 08:49:14,129 INFO [main] c.s.a.b.c.InitFFmpeg [InitFFmpeg.java:61] 加载完成
2024-08-28 08:49:20,011 ERROR [scheduling-1] c.s.a.b.c.InitFFmpeg [InitFFmpeg.java:140] 进程16028异常结束，准备重新开启推流进程。
2024-08-28 08:49:20,015 ERROR [scheduling-1] c.s.a.b.c.InitFFmpeg [InitFFmpeg.java:144] 推流进程开启成功！
2024-08-28 08:49:30,008 ERROR [scheduling-1] c.s.a.b.c.InitFFmpeg [InitFFmpeg.java:140] 进程20724异常结束，准备重新开启推流进程。
2024-08-28 08:49:30,012 ERROR [scheduling-1] c.s.a.b.c.InitFFmpeg [InitFFmpeg.java:144] 推流进程开启成功！
2024-08-28 08:50:51,920 INFO [main] c.s.a.b.c.InitFFmpeg [InitFFmpeg.java:59] 加载海康SDK...
2024-08-28 08:50:52,188 INFO [main] c.s.a.b.c.InitFFmpeg [InitFFmpeg.java:61] 加载完成
2024-08-28 08:54:18,562 INFO [http-nio-8089-exec-1] c.s.a.b.c.BaseController [BaseController.java:82] 用户：admin登陆系统
2024-08-28 08:54:18,591 INFO [http-nio-8089-exec-1] c.s.a.b.i.InformationController [InformationController.java:48] 进入首页成功！
2024-08-28 08:55:23,407 INFO [http-nio-8089-exec-5] c.s.a.b.c.BaseController [BaseController.java:82] 用户：admin登陆系统
2024-08-28 08:55:23,411 INFO [http-nio-8089-exec-5] c.s.a.b.i.InformationController [InformationController.java:48] 进入首页成功！
2024-08-28 08:57:06,042 INFO [main] c.s.a.b.c.InitFFmpeg [InitFFmpeg.java:59] 加载海康SDK...
2024-08-28 08:57:06,177 INFO [main] c.s.a.b.c.InitFFmpeg [InitFFmpeg.java:61] 加载完成
2024-08-28 08:57:10,749 INFO [http-nio-8089-exec-2] c.s.a.b.c.BaseController [BaseController.java:82] 用户：admin登陆系统
2024-08-28 08:57:10,779 INFO [http-nio-8089-exec-2] c.s.a.b.i.InformationController [InformationController.java:48] 进入首页成功！
2024-08-28 08:58:43,829 ERROR [scheduling-1] c.s.a.b.c.InitFFmpeg [InitFFmpeg.java:111] 快照进程开启成功！
2024-08-28 08:58:43,830 ERROR [scheduling-1] c.s.a.b.c.InitFFmpeg [InitFFmpeg.java:140] 进程8608异常结束，准备重新开启推流进程。
2024-08-28 08:58:43,838 ERROR [scheduling-1] c.s.a.b.c.InitFFmpeg [InitFFmpeg.java:144] 推流进程开启成功！
2024-08-28 08:59:02,060 INFO [http-nio-8089-exec-8] c.s.a.b.c.BaseController [BaseController.java:82] 用户：admin登陆系统
2024-08-28 08:59:02,065 INFO [http-nio-8089-exec-8] c.s.a.b.i.InformationController [InformationController.java:48] 进入首页成功！
2024-08-28 08:59:30,249 ERROR [scheduling-1] c.s.a.b.c.InitFFmpeg [InitFFmpeg.java:111] 快照进程开启成功！
2024-08-28 08:59:30,249 ERROR [scheduling-1] c.s.a.b.c.InitFFmpeg [InitFFmpeg.java:140] 进程14952异常结束，准备重新开启推流进程。
2024-08-28 08:59:30,257 ERROR [scheduling-1] c.s.a.b.c.InitFFmpeg [InitFFmpeg.java:144] 推流进程开启成功！
2024-08-28 09:02:17,558 ERROR [scheduling-1] c.s.a.b.c.InitFFmpeg [InitFFmpeg.java:111] 快照进程开启成功！
2024-08-28 09:02:17,559 ERROR [scheduling-1] c.s.a.b.c.InitFFmpeg [InitFFmpeg.java:140] 进程9448异常结束，准备重新开启推流进程。
2024-08-28 09:02:17,567 ERROR [scheduling-1] c.s.a.b.c.InitFFmpeg [InitFFmpeg.java:144] 推流进程开启成功！
2024-08-28 09:03:04,276 ERROR [scheduling-1] c.s.a.b.c.InitFFmpeg [InitFFmpeg.java:111] 快照进程开启成功！
2024-08-28 09:03:04,277 ERROR [scheduling-1] c.s.a.b.c.InitFFmpeg [InitFFmpeg.java:140] 进程11612异常结束，准备重新开启推流进程。
2024-08-28 09:03:04,285 ERROR [scheduling-1] c.s.a.b.c.InitFFmpeg [InitFFmpeg.java:144] 推流进程开启成功！
2024-08-28 09:03:53,749 ERROR [scheduling-1] c.s.a.b.c.InitFFmpeg [InitFFmpeg.java:111] 快照进程开启成功！
2024-08-28 09:03:53,749 ERROR [scheduling-1] c.s.a.b.c.InitFFmpeg [InitFFmpeg.java:140] 进程2324异常结束，准备重新开启推流进程。
2024-08-28 09:03:53,761 ERROR [scheduling-1] c.s.a.b.c.InitFFmpeg [InitFFmpeg.java:144] 推流进程开启成功！
2024-08-28 09:04:32,559 INFO [http-nio-8089-exec-8] c.s.a.b.i.InformationController [InformationController.java:48] 进入首页成功！
2024-08-28 09:07:56,173 INFO [main] c.s.a.b.c.InitFFmpeg [InitFFmpeg.java:59] 加载海康SDK...
2024-08-28 09:07:56,322 INFO [main] c.s.a.b.c.InitFFmpeg [InitFFmpeg.java:61] 加载完成
2024-08-28 09:08:38,401 INFO [http-nio-8089-exec-2] c.s.a.b.c.BaseController [BaseController.java:82] 用户：admin登陆系统
2024-08-28 09:08:38,434 INFO [http-nio-8089-exec-2] c.s.a.b.i.InformationController [InformationController.java:48] 进入首页成功！
2024-08-28 09:12:13,902 INFO [main] c.s.a.b.c.InitFFmpeg [InitFFmpeg.java:59] 加载海康SDK...
2024-08-28 09:12:14,025 INFO [main] c.s.a.b.c.InitFFmpeg [InitFFmpeg.java:61] 加载完成
2024-08-28 09:12:19,039 INFO [http-nio-8089-exec-1] c.s.a.b.c.BaseController [BaseController.java:82] 用户：admin登陆系统
2024-08-28 09:12:19,053 INFO [http-nio-8089-exec-1] c.s.a.b.i.InformationController [InformationController.java:48] 进入首页成功！
2024-08-28 15:51:11,514 INFO [main] c.s.a.b.c.InitFFmpeg [InitFFmpeg.java:59] 加载海康SDK...
2024-08-28 15:51:11,732 INFO [main] c.s.a.b.c.InitFFmpeg [InitFFmpeg.java:61] 加载完成
2024-08-28 15:51:19,224 INFO [http-nio-8089-exec-1] c.s.a.b.c.BaseController [BaseController.java:82] 用户：admin登陆系统
2024-08-28 15:51:19,266 INFO [http-nio-8089-exec-1] c.s.a.b.i.InformationController [InformationController.java:48] 进入首页成功！
2024-08-28 15:54:22,101 INFO [http-nio-8089-exec-4] c.s.a.b.i.InformationController [InformationController.java:48] 进入首页成功！
2024-08-28 15:56:28,296 INFO [main] c.s.a.b.c.InitFFmpeg [InitFFmpeg.java:59] 加载海康SDK...
2024-08-28 15:56:28,389 INFO [main] c.s.a.b.c.InitFFmpeg [InitFFmpeg.java:61] 加载完成
2024-08-28 15:57:26,905 INFO [http-nio-8089-exec-1] c.s.a.b.c.BaseController [BaseController.java:82] 用户：admin登陆系统
2024-08-28 15:57:26,934 INFO [http-nio-8089-exec-1] c.s.a.b.i.InformationController [InformationController.java:48] 进入首页成功！
2024-08-28 15:59:39,473 INFO [http-nio-8089-exec-5] c.s.a.b.c.BaseController [BaseController.java:82] 用户：admin登陆系统
2024-08-28 15:59:39,485 INFO [http-nio-8089-exec-5] c.s.a.b.i.InformationController [InformationController.java:48] 进入首页成功！
2024-08-28 16:01:53,884 INFO [main] c.s.a.b.c.InitFFmpeg [InitFFmpeg.java:59] 加载海康SDK...
2024-08-28 16:01:53,978 INFO [main] c.s.a.b.c.InitFFmpeg [InitFFmpeg.java:61] 加载完成
2024-08-28 16:02:39,332 INFO [http-nio-8089-exec-2] c.s.a.b.c.BaseController [BaseController.java:82] 用户：admin登陆系统
2024-08-28 16:02:39,341 INFO [http-nio-8089-exec-2] c.s.a.b.i.InformationController [InformationController.java:48] 进入首页成功！
2024-08-28 16:05:31,956 INFO [main] c.s.a.b.c.InitFFmpeg [InitFFmpeg.java:59] 加载海康SDK...
2024-08-28 16:05:32,054 INFO [main] c.s.a.b.c.InitFFmpeg [InitFFmpeg.java:61] 加载完成
2024-08-28 16:06:08,408 INFO [http-nio-8089-exec-1] c.s.a.b.c.BaseController [BaseController.java:82] 用户：admin登陆系统
2024-08-28 16:06:08,428 INFO [http-nio-8089-exec-1] c.s.a.b.i.InformationController [InformationController.java:48] 进入首页成功！
2024-08-28 16:06:55,667 ERROR [scheduling-1] c.s.a.b.c.InitFFmpeg [InitFFmpeg.java:111] 快照进程开启成功！
2024-08-28 16:06:55,668 ERROR [scheduling-1] c.s.a.b.c.InitFFmpeg [InitFFmpeg.java:140] 进程8384异常结束，准备重新开启推流进程。
2024-08-28 16:06:55,674 ERROR [scheduling-1] c.s.a.b.c.InitFFmpeg [InitFFmpeg.java:144] 推流进程开启成功！
2024-08-28 16:08:06,018 ERROR [scheduling-1] c.s.a.b.c.InitFFmpeg [InitFFmpeg.java:111] 快照进程开启成功！
2024-08-28 16:08:06,019 ERROR [scheduling-1] c.s.a.b.c.InitFFmpeg [InitFFmpeg.java:140] 进程14428异常结束，准备重新开启推流进程。
2024-08-28 16:08:06,028 ERROR [scheduling-1] c.s.a.b.c.InitFFmpeg [InitFFmpeg.java:144] 推流进程开启成功！
2024-08-28 16:13:04,506 INFO [main] c.s.a.b.c.InitFFmpeg [InitFFmpeg.java:59] 加载海康SDK...
2024-08-28 16:13:04,607 INFO [main] c.s.a.b.c.InitFFmpeg [InitFFmpeg.java:61] 加载完成
2024-08-28 16:14:54,886 INFO [http-nio-8089-exec-1] c.s.a.b.c.BaseController [BaseController.java:82] 用户：admin登陆系统
2024-08-28 16:14:54,897 INFO [http-nio-8089-exec-1] c.s.a.b.i.InformationController [InformationController.java:48] 进入首页成功！
2024-08-28 16:15:42,960 INFO [main] c.s.a.b.c.InitFFmpeg [InitFFmpeg.java:59] 加载海康SDK...
2024-08-28 16:15:43,149 INFO [main] c.s.a.b.c.InitFFmpeg [InitFFmpeg.java:61] 加载完成
2024-08-28 16:15:47,689 INFO [http-nio-8089-exec-1] c.s.a.b.c.BaseController [BaseController.java:82] 用户：admin登陆系统
2024-08-28 16:15:47,693 INFO [http-nio-8089-exec-1] c.s.a.b.i.InformationController [InformationController.java:48] 进入首页成功！
2024-08-28 16:18:18,512 INFO [http-nio-8089-exec-9] c.s.a.b.c.BaseController [BaseController.java:82] 用户：admin登陆系统
2024-08-28 16:18:18,516 INFO [http-nio-8089-exec-9] c.s.a.b.i.InformationController [InformationController.java:48] 进入首页成功！
2024-08-28 16:18:48,057 INFO [http-nio-8089-exec-1] c.s.a.b.c.BaseController [BaseController.java:82] 用户：admin登陆系统
2024-08-28 16:18:48,059 INFO [http-nio-8089-exec-1] c.s.a.b.i.InformationController [InformationController.java:48] 进入首页成功！
2024-08-28 16:20:01,434 INFO [main] c.s.a.b.c.InitFFmpeg [InitFFmpeg.java:59] 加载海康SDK...
2024-08-28 16:20:01,512 INFO [main] c.s.a.b.c.InitFFmpeg [InitFFmpeg.java:61] 加载完成
2024-08-28 16:20:35,501 INFO [http-nio-8089-exec-1] c.s.a.b.c.BaseController [BaseController.java:82] 用户：admin登陆系统
2024-08-28 16:20:35,509 INFO [http-nio-8089-exec-1] c.s.a.b.i.InformationController [InformationController.java:48] 进入首页成功！
2024-08-28 16:24:17,617 INFO [main] c.s.a.b.c.InitFFmpeg [InitFFmpeg.java:59] 加载海康SDK...
2024-08-28 16:24:17,794 INFO [main] c.s.a.b.c.InitFFmpeg [InitFFmpeg.java:61] 加载完成
2024-08-28 16:24:33,937 INFO [http-nio-8089-exec-1] c.s.a.b.c.BaseController [BaseController.java:82] 用户：admin登陆系统
2024-08-28 16:24:33,946 INFO [http-nio-8089-exec-1] c.s.a.b.i.InformationController [InformationController.java:48] 进入首页成功！
2024-08-28 16:25:30,935 ERROR [scheduling-1] c.s.a.b.c.InitFFmpeg [InitFFmpeg.java:111] 快照进程开启成功！
2024-08-28 16:25:30,936 ERROR [scheduling-1] c.s.a.b.c.InitFFmpeg [InitFFmpeg.java:140] 进程3212异常结束，准备重新开启推流进程。
2024-08-28 16:25:30,943 ERROR [scheduling-1] c.s.a.b.c.InitFFmpeg [InitFFmpeg.java:144] 推流进程开启成功！
2024-08-28 16:27:11,101 ERROR [scheduling-1] c.s.a.b.c.InitFFmpeg [InitFFmpeg.java:111] 快照进程开启成功！
2024-08-28 16:27:11,101 ERROR [scheduling-1] c.s.a.b.c.InitFFmpeg [InitFFmpeg.java:140] 进程18692异常结束，准备重新开启推流进程。
2024-08-28 16:27:11,235 ERROR [scheduling-1] c.s.a.b.c.InitFFmpeg [InitFFmpeg.java:144] 推流进程开启成功！
2024-08-28 16:29:56,413 INFO [main] c.s.a.b.c.InitFFmpeg [InitFFmpeg.java:59] 加载海康SDK...
2024-08-28 16:29:56,489 INFO [main] c.s.a.b.c.InitFFmpeg [InitFFmpeg.java:61] 加载完成
2024-08-28 16:34:04,663 ERROR [scheduling-1] c.s.a.b.c.InitFFmpeg [InitFFmpeg.java:111] 快照进程开启成功！
2024-08-28 16:34:04,663 ERROR [scheduling-1] c.s.a.b.c.InitFFmpeg [InitFFmpeg.java:140] 进程19924异常结束，准备重新开启推流进程。
2024-08-28 16:34:04,670 ERROR [scheduling-1] c.s.a.b.c.InitFFmpeg [InitFFmpeg.java:144] 推流进程开启成功！
2024-08-28 16:36:21,275 INFO [http-nio-8089-exec-1] c.s.a.b.c.BaseController [BaseController.java:82] 用户：admin登陆系统
2024-08-28 16:36:21,284 INFO [http-nio-8089-exec-1] c.s.a.b.i.InformationController [InformationController.java:48] 进入首页成功！
2024-08-28 16:36:34,842 ERROR [scheduling-1] c.s.a.b.c.InitFFmpeg [InitFFmpeg.java:111] 快照进程开启成功！
2024-08-28 16:36:34,843 ERROR [scheduling-1] c.s.a.b.c.InitFFmpeg [InitFFmpeg.java:140] 进程11164异常结束，准备重新开启推流进程。
2024-08-28 16:36:34,853 ERROR [scheduling-1] c.s.a.b.c.InitFFmpeg [InitFFmpeg.java:144] 推流进程开启成功！
2024-08-28 16:38:33,619 ERROR [scheduling-1] c.s.a.b.c.InitFFmpeg [InitFFmpeg.java:111] 快照进程开启成功！
2024-08-28 16:38:33,620 ERROR [scheduling-1] c.s.a.b.c.InitFFmpeg [InitFFmpeg.java:140] 进程12932异常结束，准备重新开启推流进程。
2024-08-28 16:38:33,628 ERROR [scheduling-1] c.s.a.b.c.InitFFmpeg [InitFFmpeg.java:144] 推流进程开启成功！
2024-08-28 16:41:07,258 ERROR [scheduling-1] c.s.a.b.c.InitFFmpeg [InitFFmpeg.java:111] 快照进程开启成功！
2024-08-28 16:41:07,258 ERROR [scheduling-1] c.s.a.b.c.InitFFmpeg [InitFFmpeg.java:140] 进程21216异常结束，准备重新开启推流进程。
2024-08-28 16:41:07,301 ERROR [scheduling-1] c.s.a.b.c.InitFFmpeg [InitFFmpeg.java:144] 推流进程开启成功！
2024-08-28 16:41:37,059 INFO [main] c.s.a.b.c.InitFFmpeg [InitFFmpeg.java:59] 加载海康SDK...
2024-08-28 16:41:37,124 INFO [http-nio-8089-exec-1] c.s.a.b.c.BaseController [BaseController.java:82] 用户：admin登陆系统
2024-08-28 16:41:37,134 INFO [http-nio-8089-exec-1] c.s.a.b.i.InformationController [InformationController.java:48] 进入首页成功！
2024-08-28 16:41:37,190 INFO [main] c.s.a.b.c.InitFFmpeg [InitFFmpeg.java:61] 加载完成
2024-08-28 16:42:08,409 INFO [http-nio-8089-exec-10] c.s.a.b.c.BaseController [BaseController.java:82] 用户：admin登陆系统
2024-08-28 16:42:08,414 INFO [http-nio-8089-exec-10] c.s.a.b.i.InformationController [InformationController.java:48] 进入首页成功！
2024-08-28 16:48:09,441 INFO [main] c.s.a.b.c.InitFFmpeg [InitFFmpeg.java:59] 加载海康SDK...
2024-08-28 16:48:09,701 INFO [main] c.s.a.b.c.InitFFmpeg [InitFFmpeg.java:61] 加载完成
2024-08-28 16:48:30,750 INFO [http-nio-8089-exec-1] c.s.a.b.c.BaseController [BaseController.java:82] 用户：admin登陆系统
2024-08-28 16:48:30,774 INFO [http-nio-8089-exec-1] c.s.a.b.i.InformationController [InformationController.java:48] 进入首页成功！
2024-08-28 16:49:49,244 INFO [http-nio-8089-exec-7] c.s.a.b.c.BaseController [BaseController.java:82] 用户：admin登陆系统
2024-08-28 16:49:49,246 INFO [http-nio-8089-exec-7] c.s.a.b.i.InformationController [InformationController.java:48] 进入首页成功！
2024-08-28 16:54:05,876 INFO [main] c.s.a.b.c.InitFFmpeg [InitFFmpeg.java:59] 加载海康SDK...
2024-08-28 16:54:06,019 INFO [main] c.s.a.b.c.InitFFmpeg [InitFFmpeg.java:61] 加载完成
2024-08-28 16:54:14,258 INFO [http-nio-8089-exec-1] c.s.a.b.c.BaseController [BaseController.java:82] 用户：admin登陆系统
2024-08-28 16:54:14,269 INFO [http-nio-8089-exec-1] c.s.a.b.i.InformationController [InformationController.java:48] 进入首页成功！
2024-08-28 16:56:12,620 ERROR [scheduling-1] c.s.a.b.c.InitFFmpeg [InitFFmpeg.java:111] 快照进程开启成功！
2024-08-28 16:56:12,620 ERROR [scheduling-1] c.s.a.b.c.InitFFmpeg [InitFFmpeg.java:140] 进程12456异常结束，准备重新开启推流进程。
2024-08-28 16:56:12,624 ERROR [scheduling-1] c.s.a.b.c.InitFFmpeg [InitFFmpeg.java:144] 推流进程开启成功！
2024-08-28 16:57:43,758 ERROR [scheduling-1] c.s.a.b.c.InitFFmpeg [InitFFmpeg.java:111] 快照进程开启成功！
2024-08-28 16:57:43,759 ERROR [scheduling-1] c.s.a.b.c.InitFFmpeg [InitFFmpeg.java:140] 进程11668异常结束，准备重新开启推流进程。
2024-08-28 16:57:43,786 ERROR [scheduling-1] c.s.a.b.c.InitFFmpeg [InitFFmpeg.java:144] 推流进程开启成功！
2024-08-28 17:05:25,953 ERROR [scheduling-1] c.s.a.b.c.InitFFmpeg [InitFFmpeg.java:111] 快照进程开启成功！
2024-08-28 17:05:25,955 ERROR [scheduling-1] c.s.a.b.c.InitFFmpeg [InitFFmpeg.java:140] 进程10668异常结束，准备重新开启推流进程。
2024-08-28 17:05:25,965 ERROR [scheduling-1] c.s.a.b.c.InitFFmpeg [InitFFmpeg.java:144] 推流进程开启成功！
2024-08-28 17:07:28,057 ERROR [scheduling-1] c.s.a.b.c.InitFFmpeg [InitFFmpeg.java:111] 快照进程开启成功！
2024-08-28 17:07:28,057 ERROR [scheduling-1] c.s.a.b.c.InitFFmpeg [InitFFmpeg.java:140] 进程7116异常结束，准备重新开启推流进程。
2024-08-28 17:07:28,068 ERROR [scheduling-1] c.s.a.b.c.InitFFmpeg [InitFFmpeg.java:144] 推流进程开启成功！
2024-08-28 17:08:03,006 ERROR [scheduling-1] c.s.a.b.c.InitFFmpeg [InitFFmpeg.java:111] 快照进程开启成功！
2024-08-28 17:08:03,006 ERROR [scheduling-1] c.s.a.b.c.InitFFmpeg [InitFFmpeg.java:140] 进程14480异常结束，准备重新开启推流进程。
2024-08-28 17:08:03,018 ERROR [scheduling-1] c.s.a.b.c.InitFFmpeg [InitFFmpeg.java:144] 推流进程开启成功！
2024-08-28 17:13:21,089 INFO [main] c.s.a.b.c.InitFFmpeg [InitFFmpeg.java:59] 加载海康SDK...
2024-08-28 17:13:21,226 INFO [main] c.s.a.b.c.InitFFmpeg [InitFFmpeg.java:61] 加载完成
2024-08-28 17:13:25,980 INFO [http-nio-8089-exec-2] c.s.a.u.s.UserService [UserService.java:169] 使用用户名登录 : admin
2024-08-28 17:13:25,983 INFO [http-nio-8089-exec-2] c.s.a.u.s.UserService [UserService.java:180] 登录成功
2024-08-28 17:13:25,984 INFO [http-nio-8089-exec-2] c.s.a.u.c.UserController [UserController.java:151] 用户admin登录成功
2024-08-28 17:13:26,005 INFO [http-nio-8089-exec-2] c.s.a.b.i.InformationController [InformationController.java:48] 进入首页成功！
2024-08-28 17:13:54,999 INFO [main] c.s.a.b.c.InitFFmpeg [InitFFmpeg.java:59] 加载海康SDK...
2024-08-28 17:13:55,123 INFO [main] c.s.a.b.c.InitFFmpeg [InitFFmpeg.java:61] 加载完成
2024-08-28 17:14:08,647 INFO [http-nio-8089-exec-1] c.s.a.b.c.BaseController [BaseController.java:82] 用户：admin登陆系统
2024-08-28 17:14:08,658 INFO [http-nio-8089-exec-1] c.s.a.b.i.InformationController [InformationController.java:48] 进入首页成功！
2024-08-28 17:15:47,394 INFO [main] c.s.a.b.c.InitFFmpeg [InitFFmpeg.java:59] 加载海康SDK...
2024-08-28 17:15:47,464 INFO [main] c.s.a.b.c.InitFFmpeg [InitFFmpeg.java:61] 加载完成
2024-08-28 17:16:06,429 INFO [http-nio-8089-exec-1] c.s.a.b.c.BaseController [BaseController.java:82] 用户：admin登陆系统
2024-08-28 17:16:06,436 INFO [http-nio-8089-exec-1] c.s.a.b.i.InformationController [InformationController.java:48] 进入首页成功！
2024-08-28 17:27:02,436 INFO [main] c.s.a.b.c.InitFFmpeg [InitFFmpeg.java:59] 加载海康SDK...
2024-08-28 17:27:02,520 INFO [main] c.s.a.b.c.InitFFmpeg [InitFFmpeg.java:61] 加载完成
2024-08-28 17:29:37,517 INFO [main] c.s.a.b.c.InitFFmpeg [InitFFmpeg.java:59] 加载海康SDK...
2024-08-28 17:29:37,608 INFO [main] c.s.a.b.c.InitFFmpeg [InitFFmpeg.java:61] 加载完成
2024-08-28 17:31:37,241 INFO [main] c.s.a.b.c.InitFFmpeg [InitFFmpeg.java:59] 加载海康SDK...
2024-08-28 17:31:37,309 INFO [main] c.s.a.b.c.InitFFmpeg [InitFFmpeg.java:61] 加载完成
2024-08-28 17:32:51,869 INFO [main] c.s.a.b.c.InitFFmpeg [InitFFmpeg.java:59] 加载海康SDK...
2024-08-28 17:32:52,203 INFO [main] c.s.a.b.c.InitFFmpeg [InitFFmpeg.java:61] 加载完成
2024-08-28 17:33:40,643 INFO [main] c.s.a.b.c.InitFFmpeg [InitFFmpeg.java:59] 加载海康SDK...
2024-08-28 17:33:40,829 INFO [main] c.s.a.b.c.InitFFmpeg [InitFFmpeg.java:61] 加载完成
